Archive member included to satisfy reference by file (symbol)

/usr/lib/gcc/arm-none-eabi/4.9.3/armv7-m/libgcc.a(_arm_truncdfsf2.o)
                              obj_zoul/readJSON.o (__aeabi_d2f)
/usr/lib/gcc/arm-none-eabi/4.9.3/armv7-m/libgcc.a(_aeabi_uldivmod.o)
                              obj_zoul/cc2538-rf.o (__aeabi_uldivmod)
/usr/lib/gcc/arm-none-eabi/4.9.3/armv7-m/libgcc.a(bpabi.o)
                              /usr/lib/gcc/arm-none-eabi/4.9.3/armv7-m/libgcc.a(_aeabi_uldivmod.o) (__gnu_uldivmod_helper)
/usr/lib/gcc/arm-none-eabi/4.9.3/armv7-m/libgcc.a(_dvmd_tls.o)
                              /usr/lib/gcc/arm-none-eabi/4.9.3/armv7-m/libgcc.a(_aeabi_uldivmod.o) (__aeabi_ldiv0)
/usr/lib/gcc/arm-none-eabi/4.9.3/armv7-m/libgcc.a(_divdi3.o)
                              /usr/lib/gcc/arm-none-eabi/4.9.3/armv7-m/libgcc.a(bpabi.o) (__divdi3)
/usr/lib/gcc/arm-none-eabi/4.9.3/armv7-m/libgcc.a(_udivdi3.o)
                              /usr/lib/gcc/arm-none-eabi/4.9.3/armv7-m/libgcc.a(bpabi.o) (__udivdi3)
/usr/lib/gcc/arm-none-eabi/4.9.3/../../../arm-none-eabi/lib/armv7-m/libc.a(lib_a-atof.o)
                              obj_zoul/readJSON.o (atof)
/usr/lib/gcc/arm-none-eabi/4.9.3/../../../arm-none-eabi/lib/armv7-m/libc.a(lib_a-atoi.o)
                              obj_zoul/readJSON.o (atoi)
/usr/lib/gcc/arm-none-eabi/4.9.3/../../../arm-none-eabi/lib/armv7-m/libc.a(lib_a-ctype_.o)
                              obj_zoul/resolv.o (__ctype_ptr__)
/usr/lib/gcc/arm-none-eabi/4.9.3/../../../arm-none-eabi/lib/armv7-m/libc.a(lib_a-malloc.o)
                              obj_zoul/master.o (malloc)
/usr/lib/gcc/arm-none-eabi/4.9.3/../../../arm-none-eabi/lib/armv7-m/libc.a(lib_a-mallocr.o)
                              /usr/lib/gcc/arm-none-eabi/4.9.3/../../../arm-none-eabi/lib/armv7-m/libc.a(lib_a-malloc.o) (_malloc_r)
/usr/lib/gcc/arm-none-eabi/4.9.3/../../../arm-none-eabi/lib/armv7-m/libc.a(lib_a-memchr.o)
                              obj_zoul/er-coap.o (memchr)
/usr/lib/gcc/arm-none-eabi/4.9.3/../../../arm-none-eabi/lib/armv7-m/libc.a(lib_a-memcmp.o)
                              obj_zoul/er-coap-observe.o (memcmp)
/usr/lib/gcc/arm-none-eabi/4.9.3/../../../arm-none-eabi/lib/armv7-m/libc.a(lib_a-memcpy.o)
                              obj_zoul/er-coap.o (memcpy)
/usr/lib/gcc/arm-none-eabi/4.9.3/../../../arm-none-eabi/lib/armv7-m/libc.a(lib_a-memmove.o)
                              obj_zoul/er-coap.o (memmove)
/usr/lib/gcc/arm-none-eabi/4.9.3/../../../arm-none-eabi/lib/armv7-m/libc.a(lib_a-memset.o)
                              obj_zoul/er-coap.o (memset)
/usr/lib/gcc/arm-none-eabi/4.9.3/../../../arm-none-eabi/lib/armv7-m/libc.a(lib_a-mlock.o)
                              /usr/lib/gcc/arm-none-eabi/4.9.3/../../../arm-none-eabi/lib/armv7-m/libc.a(lib_a-mallocr.o) (__malloc_lock)
/usr/lib/gcc/arm-none-eabi/4.9.3/../../../arm-none-eabi/lib/armv7-m/libc.a(lib_a-reent.o)
                              obj_zoul/syscalls.o (errno)
/usr/lib/gcc/arm-none-eabi/4.9.3/../../../arm-none-eabi/lib/armv7-m/libc.a(lib_a-sbrkr.o)
                              /usr/lib/gcc/arm-none-eabi/4.9.3/../../../arm-none-eabi/lib/armv7-m/libc.a(lib_a-mallocr.o) (_sbrk_r)
/usr/lib/gcc/arm-none-eabi/4.9.3/../../../arm-none-eabi/lib/armv7-m/libc.a(lib_a-strcasecmp.o)
                              obj_zoul/resolv.o (strcasecmp)
/usr/lib/gcc/arm-none-eabi/4.9.3/../../../arm-none-eabi/lib/armv7-m/libc.a(lib_a-strcat.o)
                              obj_zoul/resolv.o (strcat)
/usr/lib/gcc/arm-none-eabi/4.9.3/../../../arm-none-eabi/lib/armv7-m/libc.a(lib_a-strchr.o)
                              obj_zoul/er-coap.o (strchr)
/usr/lib/gcc/arm-none-eabi/4.9.3/../../../arm-none-eabi/lib/armv7-m/libc.a(lib_a-strcmp.o)
                              obj_zoul/cfs-coffee.o (strcmp)
/usr/lib/gcc/arm-none-eabi/4.9.3/../../../arm-none-eabi/lib/armv7-m/libc.a(lib_a-strcpy.o)
                              /usr/lib/gcc/arm-none-eabi/4.9.3/../../../arm-none-eabi/lib/armv7-m/libc.a(lib_a-strcat.o) (strcpy)
/usr/lib/gcc/arm-none-eabi/4.9.3/../../../arm-none-eabi/lib/armv7-m/libc.a(lib_a-strlen.o)
                              obj_zoul/er-coap.o (strlen)
/usr/lib/gcc/arm-none-eabi/4.9.3/../../../arm-none-eabi/lib/armv7-m/libc.a(lib_a-strncasecmp.o)
                              obj_zoul/resolv.o (strncasecmp)
/usr/lib/gcc/arm-none-eabi/4.9.3/../../../arm-none-eabi/lib/armv7-m/libc.a(lib_a-strncat.o)
                              obj_zoul/resolv.o (strncat)
/usr/lib/gcc/arm-none-eabi/4.9.3/../../../arm-none-eabi/lib/armv7-m/libc.a(lib_a-strncmp.o)
                              obj_zoul/er-coap.o (strncmp)
/usr/lib/gcc/arm-none-eabi/4.9.3/../../../arm-none-eabi/lib/armv7-m/libc.a(lib_a-strncpy.o)
                              obj_zoul/er-coap-observe.o (strncpy)
/usr/lib/gcc/arm-none-eabi/4.9.3/../../../arm-none-eabi/lib/armv7-m/libc.a(lib_a-strtod.o)
[...]
Memory Configuration

Name             Origin             Length             Attributes
FLASH_FW         0x00202000         0x0007dfd4         xr
FLASH_CCA        0x0027ffd4         0x0000002c         xr
NRSRAM           0x20000000         0x00004000         xrw
FRSRAM           0x20004000         0x00004000         xrw
*default*        0x00000000         0xffffffff

Linker script and memory map

LOAD obj_zoul/startup-gcc.o
LOAD obj_zoul/er-coap.o
LOAD obj_zoul/er-coap-engine.o
LOAD obj_zoul/er-coap-transactions.o
LOAD obj_zoul/er-coap-observe.o
LOAD obj_zoul/er-coap-separate.o
LOAD obj_zoul/er-coap-res-well-known-core.o
LOAD obj_zoul/er-coap-block1.o
LOAD obj_zoul/er-coap-observe-client.o
LOAD obj_zoul/rest-engine.o
LOAD obj_zoul/sht25.o
LOAD obj_zoul/contiki-main.o
LOAD obj_zoul/leds.o
LOAD obj_zoul/cc1200-zoul-arch.o
LOAD obj_zoul/adc-zoul.o
LOAD obj_zoul/button-sensor.o
LOAD obj_zoul/zoul-sensors.o
LOAD obj_zoul/board.o
LOAD obj_zoul/antenna-sw.o
LOAD obj_zoul/rtcc.o
LOAD obj_zoul/leds-res-arch.o
LOAD obj_zoul/power-mgmt.o
LOAD obj_zoul/soc.o
LOAD obj_zoul/clock.o
LOAD obj_zoul/rtimer-arch.o
LOAD obj_zoul/uart.o
LOAD obj_zoul/watchdog.o
LOAD obj_zoul/nvic.o
LOAD obj_zoul/cpu.o
LOAD obj_zoul/sys-ctrl.o
LOAD obj_zoul/gpio.o
LOAD obj_zoul/ioc.o
LOAD obj_zoul/spi.o
LOAD obj_zoul/adc.o
LOAD obj_zoul/crypto.o
LOAD obj_zoul/aes.o
LOAD obj_zoul/ecb.o
LOAD obj_zoul/cbc.o
LOAD obj_zoul/ctr.o
LOAD obj_zoul/cbc-mac.o
LOAD obj_zoul/gcm.o
LOAD obj_zoul/ccm.o
LOAD obj_zoul/sha256.o
LOAD obj_zoul/cc2538-aes-128.o
LOAD obj_zoul/cc2538-ccm-star.o
LOAD obj_zoul/cc2538-rf.o
LOAD obj_zoul/udma.o
LOAD obj_zoul/lpm.o
LOAD obj_zoul/pka.o
LOAD obj_zoul/bignum-driver.o
LOAD obj_zoul/ecc-driver.o
LOAD obj_zoul/ecc-algorithm.o
LOAD obj_zoul/ecc-curve.o
LOAD obj_zoul/dbg.o
LOAD obj_zoul/ieee-addr.o
LOAD obj_zoul/slip-arch.o
LOAD obj_zoul/slip.o
LOAD obj_zoul/i2c.o
LOAD obj_zoul/cc2538-temp-sensor.o
LOAD obj_zoul/vdd3-sensor.o
LOAD obj_zoul/cfs-coffee.o
LOAD obj_zoul/cfs-coffee-arch.o
LOAD obj_zoul/pwm.o
LOAD obj_zoul/dbg-printf.o
LOAD obj_zoul/dbg-snprintf.o
LOAD obj_zoul/dbg-sprintf.o
LOAD obj_zoul/strformat.o
LOAD obj_zoul/usb-core.o
LOAD obj_zoul/cdc-acm.o
LOAD obj_zoul/usb-arch.o
LOAD obj_zoul/usb-serial.o
LOAD obj_zoul/cdc-acm-descriptors.o
LOAD obj_zoul/autostart.o
LOAD obj_zoul/ctimer.o
LOAD obj_zoul/energest.o
LOAD obj_zoul/arg.o
LOAD obj_zoul/stimer.o
LOAD obj_zoul/etimer.o
LOAD obj_zoul/compower.o
LOAD obj_zoul/process.o
LOAD obj_zoul/rtimer.o
LOAD obj_zoul/mt.o
LOAD obj_zoul/procinit.o
LOAD obj_zoul/timer.o
LOAD obj_zoul/serial-line.o
LOAD obj_zoul/nullradio.o
LOAD obj_zoul/settings.o
LOAD obj_zoul/crc16.o
LOAD obj_zoul/me.o
LOAD obj_zoul/ringbuf.o
LOAD obj_zoul/mmem.o
LOAD obj_zoul/me_tabs.o
LOAD obj_zoul/ccm-star.o
LOAD obj_zoul/ifft.o
LOAD obj_zoul/ringbufindex.o
LOAD obj_zoul/sensors.o
LOAD obj_zoul/list.o
LOAD obj_zoul/aes-128.o
LOAD obj_zoul/trickle-timer.o
LOAD obj_zoul/print-stats.o
LOAD obj_zoul/memb.o
LOAD obj_zoul/petsciiconv.o
LOAD obj_zoul/gcr.o
LOAD obj_zoul/random.o
LOAD obj_zoul/assert.o
LOAD obj_zoul/uip-icmp6.o
LOAD obj_zoul/uip-ds6.o
LOAD obj_zoul/uip-ds6-route.o
LOAD obj_zoul/uip6.o
LOAD obj_zoul/uip-ds6-nbr.o
LOAD obj_zoul/uip-nd6.o
LOAD obj_zoul/sicslowpan.o
LOAD obj_zoul/slipdev.o
LOAD obj_zoul/dhcpc.o
LOAD obj_zoul/uip-packetqueue.o
LOAD obj_zoul/tcp-socket.o
LOAD obj_zoul/uip-debug.o
LOAD obj_zoul/ip64-addr.o
LOAD obj_zoul/uip-udp-packet.o
LOAD obj_zoul/psock.o
LOAD obj_zoul/tcpip.o
LOAD obj_zoul/resolv.o
LOAD obj_zoul/uip-nameserver.o
LOAD obj_zoul/uip-split.o
LOAD obj_zoul/udp-socket.o
LOAD obj_zoul/simple-udp.o
LOAD obj_zoul/uiplib.o
LOAD obj_zoul/rpl-nbr-policy.o
LOAD obj_zoul/rpl-of0.o
LOAD obj_zoul/rpl-dag.o
LOAD obj_zoul/rpl-timers.o
LOAD obj_zoul/rpl-ext-header.o
LOAD obj_zoul/rpl.o
LOAD obj_zoul/rpl-mrhof.o
LOAD obj_zoul/rpl-ns.o
LOAD obj_zoul/rpl-icmp6.o
LOAD obj_zoul/rpl-dag-root.o
LOAD obj_zoul/syscalls.o
LOAD obj_zoul/queuebuf.o
LOAD obj_zoul/nbr-table.o
LOAD obj_zoul/packetbuf.o
LOAD obj_zoul/netstack.o
LOAD obj_zoul/linkaddr.o
LOAD obj_zoul/net-debug.o
LOAD obj_zoul/link-stats.o
LOAD obj_zoul/framer-nullmac.o
LOAD obj_zoul/nullmac.o
LOAD obj_zoul/nullrdc-noframer.o
LOAD obj_zoul/frame802154e-ie.o
LOAD obj_zoul/mac-sequence.o
LOAD obj_zoul/nordc.o
LOAD obj_zoul/csma.o
LOAD obj_zoul/frame802154.o
LOAD obj_zoul/mac.o
LOAD obj_zoul/framer-802154.o
LOAD obj_zoul/phase.o
LOAD obj_zoul/nullrdc.o
LOAD obj_zoul/contikimac.o
LOAD obj_zoul/contikimac-framer.o
LOAD obj_zoul/nullsec.o
LOAD obj_zoul/anti-replay.o
LOAD obj_zoul/ccm-star-packetbuf.o
LOAD obj_zoul/noncoresec.o
LOAD obj_zoul/cc1200-868-fsk-1-2kbps.o
LOAD obj_zoul/cc1200-802154g-863-870-fsk-50kbps.o
LOAD obj_zoul/cc1200.o
LOAD main.co
LOAD obj_zoul/events_threads.o
LOAD obj_zoul/states.o
LOAD obj_zoul/slave.o
LOAD obj_zoul/master.o
LOAD obj_zoul/readJSON.o
LOAD obj_zoul/sens_humidity.o
LOAD obj_zoul/sens_battery.o
LOAD obj_zoul/sens_airflow.o
LOAD obj_zoul/sens_temperature.o
LOAD obj_zoul/slip-bridge.o
LOAD obj_zoul/res_config_.o
LOAD obj_zoul/res_sensors_.o
LOAD obj_zoul/BorderRouter.o
LOAD obj_zoul/CoAPServer.o
START GROUP
LOAD /usr/lib/gcc/arm-none-eabi/4.9.3/armv7-m/libgcc.a
LOAD /usr/lib/gcc/arm-none-eabi/4.9.3/../../../arm-none-eabi/lib/armv7-m/libc.a
END GROUP

.text           0x00202000    0x10a88
                0x00202000                _text = .
 *(SORT(.vectors))
 .vectors       0x00202000      0x28c obj_zoul/startup-gcc.o
                0x00202000                vectors
 *(SORT(.text*))
 *fill*         0x0020228c        0x4 00000000
 .text._strtod_r
                0x00202290      0xf30 /usr/lib/gcc/arm-none-eabi/4.9.3/../../../arm-none-eabi/lib/armv7-m/libc.a(lib_a-strtod.o)
                0x00202290                _strtod_r
 .text.reset_handler
                0x002031c0       0x40 obj_zoul/startup-gcc.o
                0x002031c0                reset_handler
 .text.coap_init_connection
                0x00203200       0x28 obj_zoul/er-coap.o
                0x00203200                coap_init_connection
 .text.coap_get_mid
                0x00203228       0x10 obj_zoul/er-coap.o
                0x00203228                coap_get_mid
 .text.coap_serialize_message
                0x00203238      0x2e4 obj_zoul/er-coap.o
                0x00203238                coap_serialize_message
 .text.coap_send_message
                0x0020351c       0x4c obj_zoul/er-coap.o
                0x0020351c                coap_send_message
 .text.coap_parse_message
                0x00203568      0x2e4 obj_zoul/er-coap.o
                0x00203568                coap_parse_message
 .text.coap_set_service_callback
                0x0020384c        0xc obj_zoul/er-coap-engine.o
                0x0020384c                coap_set_service_callback
 .text.process_thread_coap_engine
                0x00203858      0x36c obj_zoul/er-coap-engine.o
 .text.coap_init_engine
                0x00203bc4        0xc obj_zoul/er-coap-engine.o
                0x00203bc4                coap_init_engine
 .text.coap_register_as_transaction_handler
                0x00203bd0       0x14 obj_zoul/er-coap-transactions.o
                0x00203bd0                coap_register_as_transaction_handler
 .text.coap_new_transaction
                0x00203be4       0x44 obj_zoul/er-coap-transactions.o
                0x00203be4                coap_new_transaction
 .text.coap_clear_transaction
                0x00203c28       0x2c obj_zoul/er-coap-transactions.o
                0x00203c28                coap_clear_transaction
 .text.coap_send_transaction
                0x00203c54       0x98 obj_zoul/er-coap-transactions.o
                0x00203c54                coap_send_transaction
 .text.coap_get_transaction_by_mid
                0x00203cec       0x1c obj_zoul/er-coap-transactions.o
                0x00203cec                coap_get_transaction_by_mid
 .text.coap_check_transactions
                0x00203d08       0x2c obj_zoul/er-coap-transactions.o
                0x00203d08                coap_check_transactions
 .text.coap_remove_observer
                0x00203d34       0x20 obj_zoul/er-coap-observe.o
                0x00203d34                coap_remove_observer
 .text.coap_remove_observer_by_client
                0x00203d54       0x3c obj_zoul/er-coap-observe.o
                0x00203d54                coap_remove_observer_by_client
 .text.coap_remove_observer_by_token
                0x00203d90       0x58 obj_zoul/er-coap-observe.o
                0x00203d90                coap_remove_observer_by_token
 .text.coap_remove_observer_by_uri
                0x00203de8       0x5c obj_zoul/er-coap-observe.o
                0x00203de8                coap_remove_observer_by_uri
 .text.coap_remove_observer_by_mid
                0x00203e44       0x48 obj_zoul/er-coap-observe.o
                0x00203e44                coap_remove_observer_by_mid
 .text.coap_notify_observers_sub
                0x00203e8c      0x11c obj_zoul/er-coap-observe.o
                0x00203e8c                coap_notify_observers_sub
 .text.coap_observe_handler
                0x00203fa8      0x10c obj_zoul/er-coap-observe.o
                0x00203fa8                coap_observe_handler
 .text.well_known_core_get_handler
                0x002040b4      0x168 obj_zoul/er-coap-res-well-known-core.o
                0x002040b4                well_known_core_get_handler
 .text.process_thread_rest_engine_process
                0x0020421c       0x88 obj_zoul/rest-engine.o
 .text.rest_invoke_restful_service
                0x002042a4       0xf8 obj_zoul/rest-engine.o
                0x002042a4                rest_invoke_restful_service
 .text.rest_init_engine
                0x0020439c       0x40 obj_zoul/rest-engine.o
                0x0020439c                rest_init_engine
 .text.rest_activate_resource
                0x002043dc       0x34 obj_zoul/rest-engine.o
                0x002043dc                rest_activate_resource
 .text.rest_get_resources
                0x00204410        0x8 obj_zoul/rest-engine.o
                0x00204410                rest_get_resources
 .text.startup.main
                0x00204418      0x1b4 obj_zoul/contiki-main.o
                0x00204418                main
 .text.leds_init
                0x002045cc       0x14 obj_zoul/leds.o
                0x002045cc                leds_init
 .text.leds_on  0x002045e0       0x10 obj_zoul/leds.o
                0x002045e0                leds_on
 .text.leds_off
                0x002045f0       0x14 obj_zoul/leds.o
                0x002045f0                leds_off
 .text.value    0x00204604       0x20 obj_zoul/button-sensor.o
 .text.duration_exceeded_callback
                0x00204624       0x3c obj_zoul/button-sensor.o
 .text.config_user
                0x00204660       0xa0 obj_zoul/button-sensor.o
 .text.btn_callback
                0x00204700       0x5c obj_zoul/button-sensor.o
 .text.antenna_sw_config
                0x0020475c       0x30 obj_zoul/antenna-sw.o
                0x0020475c                antenna_sw_config
 .text.leds_arch_init
                0x0020478c       0x48 obj_zoul/leds-res-arch.o
                0x0020478c                leds_arch_init
 .text.leds_arch_set
                0x002047d4       0x44 obj_zoul/leds-res-arch.o
                0x002047d4                leds_arch_set
 .text.soc_get_rev
                0x00204818       0x18 obj_zoul/soc.o
                0x00204818                soc_get_rev
 .text.soc_get_sram_size
                0x00204830       0x1c obj_zoul/soc.o
                0x00204830                soc_get_sram_size
 .text.soc_print_info
                0x0020484c       0x70 obj_zoul/soc.o
                0x0020484c                soc_print_info
 .text.update_ticks
                0x002048bc       0x4c obj_zoul/clock.o
 .text.clock_init
                0x00204908       0x50 obj_zoul/clock.o
                0x00204908                clock_init
 .text.clock_time
                0x00204958       0x14 obj_zoul/clock.o
                0x00204958                clock_time
 .text.clock_seconds
                0x0020496c       0x14 obj_zoul/clock.o
                0x0020496c                clock_seconds
 .text.clock_delay_usec
                0x00204980       0x1c obj_zoul/clock.o
                0x00204980                clock_delay_usec
 .text.clock_adjust
                0x0020499c       0x20 obj_zoul/clock.o
                0x0020499c                clock_adjust
 .text.rtimer_arch_next_trigger
                0x002049bc        0xc obj_zoul/rtimer-arch.o
                0x002049bc                rtimer_arch_next_trigger
 .text.rtimer_arch_now
                0x002049c8       0x2c obj_zoul/rtimer-arch.o
                0x002049c8                rtimer_arch_now
 .text.rtimer_arch_schedule
                0x002049f4       0x58 obj_zoul/rtimer-arch.o
                0x002049f4                rtimer_arch_schedule
 .text.rtimer_isr
                0x00204a4c       0x24 obj_zoul/rtimer-arch.o
                0x00204a4c                rtimer_isr
 .text.permit_pm1
                0x00204a70       0x24 obj_zoul/uart.o
 .text.uart_isr
                0x00204a94       0x64 obj_zoul/uart.o
 .text.uart_init
                0x00204af8      0x1ac obj_zoul/uart.o
                0x00204af8                uart_init
 .text.uart_set_input
                0x00204ca4       0x10 obj_zoul/uart.o
                0x00204ca4                uart_set_input
 .text.uart_write_byte
                0x00204cb4       0x1c obj_zoul/uart.o
                0x00204cb4                uart_write_byte
 .text.watchdog_init
                0x00204cd0        0xc obj_zoul/watchdog.o
                0x00204cd0                watchdog_init
 .text.watchdog_start
                0x00204cdc        0xc obj_zoul/watchdog.o
                0x00204cdc                watchdog_start
 .text.watchdog_periodic
                0x00204ce8       0x10 obj_zoul/watchdog.o
                0x00204ce8                watchdog_periodic
 .text.nvic_init
                0x00204cf8       0x3c obj_zoul/nvic.o
                0x00204cf8                nvic_init
 .text.nvic_interrupt_enable
                0x00204d34       0x18 obj_zoul/nvic.o
                0x00204d34                nvic_interrupt_enable
 .text.nvic_interrupt_disable
                0x00204d4c       0x18 obj_zoul/nvic.o
                0x00204d4c                nvic_interrupt_disable
 .text.nvic_interrupt_unpend
                0x00204d64       0x18 obj_zoul/nvic.o
                0x00204d64                nvic_interrupt_unpend
 .text.sys_ctrl_get_reset_cause
                0x00204d7c       0x10 obj_zoul/sys-ctrl.o
                0x00204d7c                sys_ctrl_get_reset_cause
 .text.sys_ctrl_get_reset_cause_str
                0x00204d8c       0x14 obj_zoul/sys-ctrl.o
                0x00204d8c                sys_ctrl_get_reset_cause_str
 .text.sys_ctrl_init
                0x00204da0       0x74 obj_zoul/sys-ctrl.o
                0x00204da0                sys_ctrl_init
 .text.sys_ctrl_get_sys_clock
                0x00204e14       0x18 obj_zoul/sys-ctrl.o
                0x00204e14                sys_ctrl_get_sys_clock
 .text.sys_ctrl_get_io_clock
                0x00204e2c       0x18 obj_zoul/sys-ctrl.o
                0x00204e2c                sys_ctrl_get_io_clock
 .text.gpio_register_callback
                0x00204e44       0x10 obj_zoul/gpio.o
                0x00204e44                gpio_register_callback
 .text.notify   0x00204e54       0x30 obj_zoul/gpio.o
                0x00204e54                notify
 .text.gpio_port_isr
                0x00204e84       0x50 obj_zoul/gpio.o
 .text.gpio_init
                0x00204ed4       0x10 obj_zoul/gpio.o
                0x00204ed4                gpio_init
 .text.ioc_init
                0x00204ee4       0x1c obj_zoul/ioc.o
                0x00204ee4                ioc_init
 .text.ioc_set_over
                0x00204f00       0x14 obj_zoul/ioc.o
                0x00204f00                ioc_set_over
 .text.ioc_set_sel
                0x00204f14       0x14 obj_zoul/ioc.o
                0x00204f14                ioc_set_sel
 .text.adc_get  0x00204f28       0x78 obj_zoul/adc.o
                0x00204f28                adc_get
 .text.permit_pm1
                0x00204fa0       0x10 obj_zoul/crypto.o
 .text.crypto_isr
                0x00204fb0       0x24 obj_zoul/crypto.o
                0x00204fb0                crypto_isr
 .text.crypto_enable
                0x00204fd4       0x20 obj_zoul/crypto.o
                0x00204fd4                crypto_enable
 .text.crypto_init
                0x00204ff4       0x3c obj_zoul/crypto.o
                0x00204ff4                crypto_init
 .text.crypto_disable
                0x00205030       0x20 obj_zoul/crypto.o
                0x00205030                crypto_disable
 .text.on       0x00205050       0x2c obj_zoul/cc2538-rf.o
 .text.off      0x0020507c       0x40 obj_zoul/cc2538-rf.o
 .text.set_channel
                0x002050bc       0x48 obj_zoul/cc2538-rf.o
 .text.channel_clear
                0x00205104       0x3c obj_zoul/cc2538-rf.o
 .text.receiving_packet
                0x00205140       0x18 obj_zoul/cc2538-rf.o
 .text.pending_packet
                0x00205158       0x10 obj_zoul/cc2538-rf.o
 .text.get_value
                0x00205168      0x164 obj_zoul/cc2538-rf.o
 .text.prepare  0x002052cc       0x64 obj_zoul/cc2538-rf.o
 .text.transmit
                0x00205330       0x98 obj_zoul/cc2538-rf.o
 .text.set_frame_filtering
                0x002053c8       0x18 obj_zoul/cc2538-rf.o
 .text.set_object
                0x002053e0       0x30 obj_zoul/cc2538-rf.o
 .text.read     0x00205410       0xe4 obj_zoul/cc2538-rf.o
 .text.set_poll_mode
                0x002054f4       0x8c obj_zoul/cc2538-rf.o
 .text.set_value
                0x00205580       0xe8 obj_zoul/cc2538-rf.o
 .text.init     0x00205668       0xc4 obj_zoul/cc2538-rf.o
 .text.process_thread_cc2538_rf_process
                0x0020572c       0x90 obj_zoul/cc2538-rf.o
 .text.get_object
                0x002057bc      0x144 obj_zoul/cc2538-rf.o
 .text.cc2538_rf_rx_tx_isr
                0x00205900       0x24 obj_zoul/cc2538-rf.o
                0x00205900                cc2538_rf_rx_tx_isr
 .text.cc2538_rf_err_isr
                0x00205924       0x28 obj_zoul/cc2538-rf.o
                0x00205924                cc2538_rf_err_isr
 .text.udma_init
                0x0020594c       0x30 obj_zoul/udma.o
                0x0020594c                udma_init
 .text.udma_set_channel_src
                0x0020597c       0x10 obj_zoul/udma.o
                0x0020597c                udma_set_channel_src
 .text.udma_set_channel_dst
                0x0020598c       0x14 obj_zoul/udma.o
                0x0020598c                udma_set_channel_dst
 .text.udma_set_channel_control_word
                0x002059a0       0x14 obj_zoul/udma.o
                0x002059a0                udma_set_channel_control_word
 .text.udma_channel_enable
                0x002059b4       0x18 obj_zoul/udma.o
                0x002059b4                udma_channel_enable
 .text.udma_channel_mask_set
                0x002059cc       0x18 obj_zoul/udma.o
                0x002059cc                udma_channel_mask_set
 .text.udma_channel_sw_request
                0x002059e4       0x18 obj_zoul/udma.o
                0x002059e4                udma_channel_sw_request
 .text.udma_channel_get_mode
                0x002059fc       0x1c obj_zoul/udma.o
                0x002059fc                udma_channel_get_mode
 .text.udma_isr
                0x00205a18       0x10 obj_zoul/udma.o
                0x00205a18                udma_isr
 .text.udma_err_isr
                0x00205a28        0xc obj_zoul/udma.o
                0x00205a28                udma_err_isr
 .text.select_32_mhz_xosc
                0x00205a34       0x2c obj_zoul/lpm.o
 .text.lpm_exit
                0x00205a60       0x34 obj_zoul/lpm.o
                0x00205a60                lpm_exit
 .text.lpm_enter
                0x00205a94       0xb0 obj_zoul/lpm.o
                0x00205a94                lpm_enter
 .text.lpm_register_peripheral
                0x00205b44       0x20 obj_zoul/lpm.o
                0x00205b44                lpm_register_peripheral
 .text.lpm_init
                0x00205b64       0x24 obj_zoul/lpm.o
                0x00205b64                lpm_init
 .text.pka_isr  0x00205b88       0x24 obj_zoul/pka.o
                0x00205b88                pka_isr
 .text.putchar  0x00205bac       0x40 obj_zoul/dbg.o
                0x00205bac                putchar
 .text.ieee_addr_cpy_to
                0x00205bec       0x20 obj_zoul/ieee-addr.o
                0x00205bec                ieee_addr_cpy_to
 .text.slip_arch_init
                0x00205c0c        0xc obj_zoul/slip-arch.o
                0x00205c0c                slip_arch_init
 .text.process_thread_slip_process
                0x00205c18      0x230 obj_zoul/slip.o
 .text.slip_set_input_callback
                0x00205e48        0xc obj_zoul/slip.o
                0x00205e48                slip_set_input_callback
 .text.slip_send
                0x00205e54       0x5c obj_zoul/slip.o
                0x00205e54                slip_send
 .text.slip_input_byte
                0x00205eb0       0xb4 obj_zoul/slip.o
                0x00205eb0                slip_input_byte
 .text.printf   0x00205f64       0x20 obj_zoul/dbg-printf.o
                0x00205f64                printf
 .text.vsnprintf
                0x00205f84       0x28 obj_zoul/dbg-snprintf.o
                0x00205f84                vsnprintf
 .text.sprintf  0x00205fac       0x30 obj_zoul/dbg-sprintf.o
                0x00205fac                sprintf
 .text.fill_space
                0x00205fdc       0x34 obj_zoul/strformat.o
 .text.format_str_v
                0x00206010      0x6e8 obj_zoul/strformat.o
                0x00206010                format_str_v
 .text.process_thread_ctimer_process
                0x002066f8       0x80 obj_zoul/ctimer.o
 .text.ctimer_init
                0x00206778       0x28 obj_zoul/ctimer.o
                0x00206778                ctimer_init
 .text.ctimer_set_with_process
                0x002067a0       0x44 obj_zoul/ctimer.o
                0x002067a0                ctimer_set_with_process
 .text.ctimer_set
                0x002067e4       0x14 obj_zoul/ctimer.o
                0x002067e4                ctimer_set
 .text.ctimer_reset
                0x002067f8       0x38 obj_zoul/ctimer.o
                0x002067f8                ctimer_reset
 .text.ctimer_restart
                0x00206830       0x38 obj_zoul/ctimer.o
                0x00206830                ctimer_restart
 .text.ctimer_stop
                0x00206868       0x2c obj_zoul/ctimer.o
                0x00206868                ctimer_stop
 .text.stimer_expired
                0x00206894       0x20 obj_zoul/stimer.o
                0x00206894                stimer_expired
 .text.update_time
                0x002068b4       0x44 obj_zoul/etimer.o
 .text.etimer_request_poll
                0x002068f8        0xc obj_zoul/etimer.o
                0x002068f8                etimer_request_poll
 .text.process_thread_etimer_process
                0x00206904       0x94 obj_zoul/etimer.o
 .text.add_timer
                0x00206998       0x40 obj_zoul/etimer.o
 .text.etimer_pending
                0x002069d8       0x10 obj_zoul/etimer.o
                0x002069d8                etimer_pending
 .text.etimer_stop
                0x002069e8       0x34 obj_zoul/etimer.o
                0x002069e8                etimer_stop
 .text.call_process.part.0
                0x00206a1c       0x38 obj_zoul/process.o
 .text.exit_process
                0x00206a54       0x80 obj_zoul/process.o
 .text.do_poll  0x00206ad4       0x30 obj_zoul/process.o
 .text.process_alloc_event
                0x00206b04       0x10 obj_zoul/process.o
                0x00206b04                process_alloc_event
 .text.process_exit
                0x00206b14        0xc obj_zoul/process.o
                0x00206b14                process_exit
 .text.process_init
                0x00206b20       0x30 obj_zoul/process.o
                0x00206b20                process_init
 .text.process_run
                0x00206b50       0x84 obj_zoul/process.o
                0x00206b50                process_run
 .text.process_nevents
                0x00206bd4       0x14 obj_zoul/process.o
                0x00206bd4                process_nevents
 .text.process_post
                0x00206be8       0x3c obj_zoul/process.o
                0x00206be8                process_post
 .text.process_post_synch
                0x00206c24       0x14 obj_zoul/process.o
                0x00206c24                process_post_synch
 .text.process_start
                0x00206c38       0x30 obj_zoul/process.o
                0x00206c38                process_start
 .text.process_poll
                0x00206c68       0x18 obj_zoul/process.o
                0x00206c68                process_poll
 .text.rtimer_run_next
                0x00206c80       0x28 obj_zoul/rtimer.o
                0x00206c80                rtimer_run_next
 .text.process_thread_serial_line_process
                0x00206ca8       0x98 obj_zoul/serial-line.o
 .text.serial_line_input_byte
                0x00206d40       0x44 obj_zoul/serial-line.o
                0x00206d40                serial_line_input_byte
 .text.serial_line_init
                0x00206d84       0x24 obj_zoul/serial-line.o
                0x00206d84                serial_line_init
 .text.process_thread_sensors_process
                0x00206da8       0xd4 obj_zoul/sensors.o
 .text.sensors_changed
                0x00206e7c       0x38 obj_zoul/sensors.o
                0x00206e7c                sensors_changed
 .text.random_rand
                0x00206eb4       0x20 obj_zoul/random.o
                0x00206eb4                random_rand
 .text.random_init
                0x00206ed4       0x78 obj_zoul/random.o
                0x00206ed4                random_init
 .text.echo_reply_input
                0x00206f4c       0x94 obj_zoul/uip-icmp6.o
 .text.echo_request_input
                0x00206fe0       0xc8 obj_zoul/uip-icmp6.o
 .text.uip_icmp6_input
                0x002070a8       0x38 obj_zoul/uip-icmp6.o
                0x002070a8                uip_icmp6_input
 .text.uip_icmp6_register_input_handler
                0x002070e0        0xc obj_zoul/uip-icmp6.o
                0x002070e0                uip_icmp6_register_input_handler
 .text.uip_icmp6_error_output
                0x002070ec      0x144 obj_zoul/uip-icmp6.o
                0x002070ec                uip_icmp6_error_output
 .text.uip_icmp6_send
                0x00207230       0x8c obj_zoul/uip-icmp6.o
                0x00207230                uip_icmp6_send
 .text.uip_icmp6_init
                0x002072bc       0x1c obj_zoul/uip-icmp6.o
                0x002072bc                uip_icmp6_init
 .text.uip_ds6_prefix_add
                0x002072d8       0x64 obj_zoul/uip-ds6.o
                0x002072d8                uip_ds6_prefix_add
 .text.uip_ds6_is_addr_onlink
                0x0020733c       0x40 obj_zoul/uip-ds6.o
                0x0020733c                uip_ds6_is_addr_onlink
 .text.uip_ds6_addr_lookup
                0x0020737c       0x2c obj_zoul/uip-ds6.o
                0x0020737c                uip_ds6_addr_lookup
 .text.uip_ds6_get_link_local
                0x002073a8       0x40 obj_zoul/uip-ds6.o
                0x002073a8                uip_ds6_get_link_local
 .text.uip_ds6_maddr_add
                0x002073e8       0x4c obj_zoul/uip-ds6.o
                0x002073e8                uip_ds6_maddr_add
 .text.uip_ds6_addr_add
                0x00207434       0x94 obj_zoul/uip-ds6.o
                0x00207434                uip_ds6_addr_add
 .text.uip_ds6_maddr_lookup
                0x002074c8       0x2c obj_zoul/uip-ds6.o
                0x002074c8                uip_ds6_maddr_lookup
 .text.uip_ds6_addr_rm
                0x002074f4       0x44 obj_zoul/uip-ds6.o
                0x002074f4                uip_ds6_addr_rm
 .text.uip_ds6_periodic
                0x00207538       0x4c obj_zoul/uip-ds6.o
                0x00207538                uip_ds6_periodic
 .text.uip_ds6_select_src
                0x00207584       0x94 obj_zoul/uip-ds6.o
                0x00207584                uip_ds6_select_src
 .text.uip_ds6_compute_reachable_time
                0x00207618       0x28 obj_zoul/uip-ds6.o
                0x00207618                uip_ds6_compute_reachable_time
 .text.uip_ds6_init
                0x00207640       0xe0 obj_zoul/uip-ds6.o
                0x00207640                uip_ds6_init
 .text.call_route_callback
                0x00207720       0x48 obj_zoul/uip-ds6-route.o
 .text.uip_ds6_route_init
                0x00207768       0x4c obj_zoul/uip-ds6-route.o
                0x00207768                uip_ds6_route_init
 .text.uip_ds6_route_nexthop
                0x002077b4       0x20 obj_zoul/uip-ds6-route.o
                0x002077b4                uip_ds6_route_nexthop
 .text.uip_ds6_route_head
                0x002077d4        0xc obj_zoul/uip-ds6-route.o
                0x002077d4                uip_ds6_route_head
 .text.uip_ds6_route_is_nexthop
                0x002077e0       0x20 obj_zoul/uip-ds6-route.o
                0x002077e0                uip_ds6_route_is_nexthop
 .text.uip_ds6_route_lookup
                0x00207800       0x64 obj_zoul/uip-ds6-route.o
                0x00207800                uip_ds6_route_lookup
 .text.uip_ds6_route_rm
                0x00207864       0x9c obj_zoul/uip-ds6-route.o
                0x00207864                uip_ds6_route_rm
 .text.rm_routelist
                0x00207900       0x30 obj_zoul/uip-ds6-route.o
 .text.uip_ds6_route_add
                0x00207930      0x108 obj_zoul/uip-ds6-route.o
                0x00207930                uip_ds6_route_add
 .text.uip_ds6_defrt_rm
                0x00207a38       0x44 obj_zoul/uip-ds6-route.o
                0x00207a38                uip_ds6_defrt_rm
 .text.uip_ds6_defrt_lookup
                0x00207a7c       0x2c obj_zoul/uip-ds6-route.o
                0x00207a7c                uip_ds6_defrt_lookup
 .text.uip_ds6_defrt_add
                0x00207aa8       0x64 obj_zoul/uip-ds6-route.o
                0x00207aa8                uip_ds6_defrt_add
 .text.uip_ds6_defrt_choose
                0x00207b0c       0x30 obj_zoul/uip-ds6-route.o
                0x00207b0c                uip_ds6_defrt_choose
 .text.uip_ds6_defrt_periodic
                0x00207b3c       0x30 obj_zoul/uip-ds6-route.o
                0x00207b3c                uip_ds6_defrt_periodic
 .text.upper_layer_chksum
                0x00207b6c       0x54 obj_zoul/uip6.o
 .text.ext_hdr_options_process
                0x00207bc0       0xac obj_zoul/uip6.o
 .text.uip_add32
                0x00207c6c       0x54 obj_zoul/uip6.o
                0x00207c6c                uip_add32
 .text.unlikely.uip_add_rcv_nxt
                0x00207cc0       0x2c obj_zoul/uip6.o
 .text.uip_init
                0x00207cec       0x5c obj_zoul/uip6.o
                0x00207cec                uip_init
 .text.remove_ext_hdr
                0x00207d48       0x5c obj_zoul/uip6.o
                0x00207d48                remove_ext_hdr
 .text.uip_udp_new
                0x00207da4       0x88 obj_zoul/uip6.o
                0x00207da4                uip_udp_new
 .text.uip_unlisten
                0x00207e2c       0x20 obj_zoul/uip6.o
                0x00207e2c                uip_unlisten
 .text.uip_process
                0x00207e4c      0xd50 obj_zoul/uip6.o
                0x00207e4c                uip_process
 .text.uip_ds6_nbr_rm
                0x00208b9c       0x20 obj_zoul/uip-ds6-nbr.o
                0x00208b9c                uip_ds6_nbr_rm
 .text.uip_ds6_neighbors_init
                0x00208bbc       0x1c obj_zoul/uip-ds6-nbr.o
                0x00208bbc                uip_ds6_neighbors_init
 .text.uip_ds6_nbr_add
                0x00208bd8       0x3c obj_zoul/uip-ds6-nbr.o
                0x00208bd8                uip_ds6_nbr_add
 .text.uip_ds6_nbr_get_ll
                0x00208c14       0x10 obj_zoul/uip-ds6-nbr.o
                0x00208c14                uip_ds6_nbr_get_ll
 .text.uip_ds6_nbr_lookup
                0x00208c24       0x38 obj_zoul/uip-ds6-nbr.o
                0x00208c24                uip_ds6_nbr_lookup
 .text.uip_ds6_nbr_ll_lookup
                0x00208c5c       0x10 obj_zoul/uip-ds6-nbr.o
                0x00208c5c                uip_ds6_nbr_ll_lookup
 .text.uip_ds6_link_neighbor_callback
                0x00208c6c       0x34 obj_zoul/uip-ds6-nbr.o
                0x00208c6c                uip_ds6_link_neighbor_callback
 .text.clear_fragments
                0x00208ca0       0x3c obj_zoul/sicslowpan.o
 .text.sicslowpan_init
                0x00208cdc       0x24 obj_zoul/sicslowpan.o
                0x00208cdc                sicslowpan_init
 .text.compress_addr_64
                0x00208d00       0x90 obj_zoul/sicslowpan.o
 .text.set_packet_attrs
                0x00208d90       0x44 obj_zoul/sicslowpan.o
 .text.addr_context_lookup_by_prefix
                0x00208dd4       0x28 obj_zoul/sicslowpan.o
 .text.send_packet
                0x00208dfc       0x24 obj_zoul/sicslowpan.o
 .text.packet_sent
                0x00208e20       0x28 obj_zoul/sicslowpan.o
 .text.store_fragment
                0x00208e48       0x58 obj_zoul/sicslowpan.o
 .text.uncompress_addr
                0x00208ea0       0xa4 obj_zoul/sicslowpan.o
 .text.output   0x00208f44      0x6a0 obj_zoul/sicslowpan.o
 .text.add_fragment
                0x002095e4      0x124 obj_zoul/sicslowpan.o
 .text.input    0x00209708      0x5ac obj_zoul/sicslowpan.o
 .text.uip_debug_ipaddr_print
                0x00209cb4       0xa0 obj_zoul/uip-debug.o
                0x00209cb4                uip_debug_ipaddr_print
 .text.uip_udp_packet_send
                0x00209d54       0x34 obj_zoul/uip-udp-packet.o
                0x00209d54                uip_udp_packet_send
 .text.start_periodic_tcp_timer
                0x00209d88       0x1c obj_zoul/tcpip.o
 .text.tcpip_output
                0x00209da4       0x10 obj_zoul/tcpip.o
                0x00209da4                tcpip_output
 .text.tcpip_set_outputfunc
                0x00209db4        0xc obj_zoul/tcpip.o
                0x00209db4                tcpip_set_outputfunc
 .text.udp_new  0x00209dc0       0x18 obj_zoul/tcpip.o
                0x00209dc0                udp_new
 .text.tcpip_icmp6_call
                0x00209dd8       0x28 obj_zoul/tcpip.o
                0x00209dd8                tcpip_icmp6_call
 .text.tcpip_input
                0x00209e00       0x24 obj_zoul/tcpip.o
                0x00209e00                tcpip_input
 .text.tcpip_ipv6_output
                0x00209e24       0xe4 obj_zoul/tcpip.o
                0x00209e24                tcpip_ipv6_output
 .text.process_thread_tcpip_process
                0x00209f08      0x1b4 obj_zoul/tcpip.o
 .text.tcpip_uipcall
                0x0020a0bc       0x68 obj_zoul/tcpip.o
                0x0020a0bc                tcpip_uipcall
 .text.update_nbr
                0x0020a124      0x10c obj_zoul/rpl-nbr-policy.o
 .text.handle_periodic_timer
                0x0020a230       0x14 obj_zoul/rpl-nbr-policy.o
 .text.find_removable_dis
                0x0020a244       0x20 obj_zoul/rpl-nbr-policy.o
                0x0020a244                find_removable_dis
 .text.find_removable_dio
                0x0020a264       0x40 obj_zoul/rpl-nbr-policy.o
                0x0020a264                find_removable_dio
 .text.find_removable_dao
                0x0020a2a4       0x38 obj_zoul/rpl-nbr-policy.o
                0x0020a2a4                find_removable_dao
 .text.rpl_nbr_policy_find_removable
                0x0020a2dc       0x28 obj_zoul/rpl-nbr-policy.o
                0x0020a2dc                rpl_nbr_policy_find_removable
 .text.rpl_set_preferred_parent
                0x0020a304       0x28 obj_zoul/rpl-dag.o
 .text.set_ip_from_prefix
                0x0020a32c       0x2c obj_zoul/rpl-dag.o
 .text.find_parent_any_dag_any_instance
                0x0020a358       0x1c obj_zoul/rpl-dag.o
 .text.rpl_dag_init
                0x0020a374       0x14 obj_zoul/rpl-dag.o
                0x0020a374                rpl_dag_init
 .text.rpl_get_parent
                0x0020a388       0x10 obj_zoul/rpl-dag.o
                0x0020a388                rpl_get_parent
 .text.rpl_get_parent_lladdr
                0x0020a398       0x10 obj_zoul/rpl-dag.o
                0x0020a398                rpl_get_parent_lladdr
 .text.best_parent
                0x0020a3a8       0x74 obj_zoul/rpl-dag.o
 .text.rpl_alloc_instance
                0x0020a41c       0x34 obj_zoul/rpl-dag.o
                0x0020a41c                rpl_alloc_instance
 .text.rpl_add_parent
                0x0020a450       0x30 obj_zoul/rpl-dag.o
                0x0020a450                rpl_add_parent
 .text.rpl_remove_parent
                0x0020a480       0x1c obj_zoul/rpl-dag.o
                0x0020a480                rpl_remove_parent
 .text.remove_parents.constprop.5
                0x0020a49c       0x2c obj_zoul/rpl-dag.o
 .text.rpl_get_any_dag
                0x0020a4c8       0x18 obj_zoul/rpl-dag.o
                0x0020a4c8                rpl_get_any_dag
 .text.rpl_get_instance
                0x0020a4e0       0x20 obj_zoul/rpl-dag.o
                0x0020a4e0                rpl_get_instance
 .text.rpl_find_of
                0x0020a500       0x14 obj_zoul/rpl-dag.o
                0x0020a500                rpl_find_of
 .text.rpl_set_root
                0x0020a514      0x114 obj_zoul/rpl-dag.o
                0x0020a514                rpl_set_root
 .text.rpl_join_instance
                0x0020a628      0x140 obj_zoul/rpl-dag.o
                0x0020a628                rpl_join_instance
 .text.rpl_local_repair
                0x0020a768       0x70 obj_zoul/rpl-dag.o
                0x0020a768                rpl_local_repair
 .text.rpl_recalculate_ranks
                0x0020a7d8       0x3c obj_zoul/rpl-dag.o
                0x0020a7d8                rpl_recalculate_ranks
 .text.new_dio_interval
                0x0020a814       0x58 obj_zoul/rpl-timers.o
 .text.handle_periodic_timer
                0x0020a86c       0x4c obj_zoul/rpl-timers.o
 .text.set_dao_lifetime_timer
                0x0020a8b8       0x4c obj_zoul/rpl-timers.o
 .text.handle_dio_timer
                0x0020a904       0x80 obj_zoul/rpl-timers.o
 .text.schedule_dao
                0x0020a984       0x54 obj_zoul/rpl-timers.o
 .text.handle_dao_timer
                0x0020a9d8       0x58 obj_zoul/rpl-timers.o
 .text.rpl_reset_periodic_timer
                0x0020aa30       0x34 obj_zoul/rpl-timers.o
                0x0020aa30                rpl_reset_periodic_timer
 .text.rpl_schedule_unicast_dio_immediately
                0x0020aa64       0x14 obj_zoul/rpl-timers.o
                0x0020aa64                rpl_schedule_unicast_dio_immediately
 .text.get_probing_target
                0x0020aa78       0xd4 obj_zoul/rpl-timers.o
                0x0020aa78                get_probing_target
 .text.rpl_schedule_probing
                0x0020ab4c       0x20 obj_zoul/rpl-timers.o
                0x0020ab4c                rpl_schedule_probing
 .text.update_hbh_header
                0x0020ab6c       0xc4 obj_zoul/rpl-ext-header.o
 .text.insert_hbh_header
                0x0020ac30       0xac obj_zoul/rpl-ext-header.o
 .text.rpl_verify_hbh_header
                0x0020acdc      0x100 obj_zoul/rpl-ext-header.o
                0x0020acdc                rpl_verify_hbh_header
 .text.rpl_remove_header
                0x0020addc       0x7c obj_zoul/rpl-ext-header.o
                0x0020addc                rpl_remove_header
 .text.rpl_update_header
                0x0020ae58       0x64 obj_zoul/rpl-ext-header.o
                0x0020ae58                rpl_update_header
 .text.rpl_get_mode
                0x0020aebc        0xc obj_zoul/rpl.o
                0x0020aebc                rpl_get_mode
 .text.rpl_purge_routes
                0x0020aec8       0x64 obj_zoul/rpl.o
                0x0020aec8                rpl_purge_routes
 .text.rpl_link_neighbor_callback
                0x0020af2c       0x54 obj_zoul/rpl.o
                0x0020af2c                rpl_link_neighbor_callback
 .text.rpl_ipv6_neighbor_callback
                0x0020af80       0x28 obj_zoul/rpl.o
                0x0020af80                rpl_ipv6_neighbor_callback
 .text.rpl_purge_dags
                0x0020afa8       0x3c obj_zoul/rpl.o
                0x0020afa8                rpl_purge_dags
 .text.rpl_init
                0x0020afe4       0x4c obj_zoul/rpl.o
                0x0020afe4                rpl_init
 .text.dao_ack_input
                0x0020b030       0x14 obj_zoul/rpl-icmp6.o
 .text.dio_input
                0x0020b044      0x254 obj_zoul/rpl-icmp6.o
 .text.dao_input
                0x0020b298      0x270 obj_zoul/rpl-icmp6.o
 .text.dis_output
                0x0020b508       0x54 obj_zoul/rpl-icmp6.o
                0x0020b508                dis_output
 .text.dio_output
                0x0020b55c      0x218 obj_zoul/rpl-icmp6.o
                0x0020b55c                dio_output
 .text.dis_input
                0x0020b774       0x50 obj_zoul/rpl-icmp6.o
 .text.dao_output_target
                0x0020b7c4      0x100 obj_zoul/rpl-icmp6.o
                0x0020b7c4                dao_output_target
 .text.dao_output
                0x0020b8c4       0x90 obj_zoul/rpl-icmp6.o
                0x0020b8c4                dao_output
 .text.rpl_icmp6_register_handlers
                0x0020b954       0x30 obj_zoul/rpl-icmp6.o
                0x0020b954                rpl_icmp6_register_handlers
 .text._sbrk    0x0020b984       0x2c obj_zoul/syscalls.o
                0x0020b984                _sbrk
 .text.queuebuf_init
                0x0020b9b0       0x1c obj_zoul/queuebuf.o
                0x0020b9b0                queuebuf_init
 .text.queuebuf_numfree
                0x0020b9cc        0xc obj_zoul/queuebuf.o
                0x0020b9cc                queuebuf_numfree
 .text.queuebuf_new_from_packetbuf
                0x0020b9d8       0x44 obj_zoul/queuebuf.o
                0x0020b9d8                queuebuf_new_from_packetbuf
 .text.queuebuf_free
                0x0020ba1c       0x2c obj_zoul/queuebuf.o
                0x0020ba1c                queuebuf_free
 .text.queuebuf_to_packetbuf
                0x0020ba48       0x30 obj_zoul/queuebuf.o
                0x0020ba48                queuebuf_to_packetbuf
 .text.key_from_index
                0x0020ba78       0x18 obj_zoul/nbr-table.o
 .text.index_from_key
                0x0020ba90       0x20 obj_zoul/nbr-table.o
 .text.index_from_lladdr
                0x0020bab0       0x40 obj_zoul/nbr-table.o
 .text.nbr_get_bit.constprop.0
                0x0020baf0       0x30 obj_zoul/nbr-table.o
 .text.remove_key
                0x0020bb20       0x58 obj_zoul/nbr-table.o
 .text.nbr_table_register
                0x0020bb78       0x28 obj_zoul/nbr-table.o
                0x0020bb78                nbr_table_register
 .text.nbr_table_head
                0x0020bba0       0x34 obj_zoul/nbr-table.o
                0x0020bba0                nbr_table_head
 .text.nbr_table_add_lladdr
                0x0020bbd4      0x114 obj_zoul/nbr-table.o
                0x0020bbd4                nbr_table_add_lladdr
 .text.nbr_table_remove
                0x0020bce8       0x2c obj_zoul/nbr-table.o
                0x0020bce8                nbr_table_remove
 .text.nbr_table_lock
                0x0020bd14       0x14 obj_zoul/nbr-table.o
                0x0020bd14                nbr_table_lock
 .text.nbr_table_unlock
                0x0020bd28       0x14 obj_zoul/nbr-table.o
                0x0020bd28                nbr_table_unlock
 .text.packetbuf_hdrreduce
                0x0020bd3c       0x2c obj_zoul/packetbuf.o
                0x0020bd3c                packetbuf_hdrreduce
 .text.packetbuf_set_datalen
                0x0020bd68        0xc obj_zoul/packetbuf.o
                0x0020bd68                packetbuf_set_datalen
 .text.packetbuf_hdrptr
                0x0020bd74        0x8 obj_zoul/packetbuf.o
                0x0020bd74                packetbuf_hdrptr
 .text.packetbuf_datalen
                0x0020bd7c        0xc obj_zoul/packetbuf.o
                0x0020bd7c                packetbuf_datalen
 .text.packetbuf_hdrlen
                0x0020bd88       0x18 obj_zoul/packetbuf.o
                0x0020bd88                packetbuf_hdrlen
 .text.packetbuf_dataptr
                0x0020bda0       0x10 obj_zoul/packetbuf.o
                0x0020bda0                packetbuf_dataptr
 .text.packetbuf_copyto
                0x0020bdb0       0x40 obj_zoul/packetbuf.o
                0x0020bdb0                packetbuf_copyto
 .text.packetbuf_totlen
                0x0020bdf0       0x14 obj_zoul/packetbuf.o
                0x0020bdf0                packetbuf_totlen
 .text.packetbuf_hdralloc
                0x0020be04       0x3c obj_zoul/packetbuf.o
                0x0020be04                packetbuf_hdralloc
 .text.packetbuf_attr_clear
                0x0020be40       0x34 obj_zoul/packetbuf.o
                0x0020be40                packetbuf_attr_clear
 .text.packetbuf_clear
                0x0020be74       0x20 obj_zoul/packetbuf.o
                0x0020be74                packetbuf_clear
 .text.packetbuf_copyfrom
                0x0020be94       0x2c obj_zoul/packetbuf.o
                0x0020be94                packetbuf_copyfrom
 .text.packetbuf_attr_copyto
                0x0020bec0       0x34 obj_zoul/packetbuf.o
                0x0020bec0                packetbuf_attr_copyto
 .text.packetbuf_attr_copyfrom
                0x0020bef4       0x34 obj_zoul/packetbuf.o
                0x0020bef4                packetbuf_attr_copyfrom
 .text.packetbuf_set_attr
                0x0020bf28       0x10 obj_zoul/packetbuf.o
                0x0020bf28                packetbuf_set_attr
 .text.packetbuf_attr
                0x0020bf38        0xc obj_zoul/packetbuf.o
                0x0020bf38                packetbuf_attr
 .text.packetbuf_set_addr
                0x0020bf44       0x18 obj_zoul/packetbuf.o
                0x0020bf44                packetbuf_set_addr
 .text.packetbuf_addr
                0x0020bf5c       0x10 obj_zoul/packetbuf.o
                0x0020bf5c                packetbuf_addr
 .text.packetbuf_holds_broadcast
                0x0020bf6c       0x10 obj_zoul/packetbuf.o
                0x0020bf6c                packetbuf_holds_broadcast
 .text.netstack_init
                0x0020bf7c       0x38 obj_zoul/netstack.o
                0x0020bf7c                netstack_init
 .text.periodic
                0x0020bfb4       0x2c obj_zoul/link-stats.o
 .text.link_stats_from_lladdr
                0x0020bfe0        0xc obj_zoul/link-stats.o
                0x0020bfe0                link_stats_from_lladdr
 .text.link_stats_packet_sent
                0x0020bfec       0x78 obj_zoul/link-stats.o
                0x0020bfec                link_stats_packet_sent
 .text.link_stats_input_callback
                0x0020c064       0x4c obj_zoul/link-stats.o
                0x0020c064                link_stats_input_callback
 .text.link_stats_init
                0x0020c0b0       0x28 obj_zoul/link-stats.o
                0x0020c0b0                link_stats_init
 .text.mac_sequence_is_duplicate
                0x0020c0d8       0x4c obj_zoul/mac-sequence.o
                0x0020c0d8                mac_sequence_is_duplicate
 .text.mac_sequence_register_seqno
                0x0020c124       0x64 obj_zoul/mac-sequence.o
                0x0020c124                mac_sequence_register_seqno
 .text.input_packet
                0x0020c188        0xc obj_zoul/csma.o
 .text.on       0x0020c194        0xc obj_zoul/csma.o
 .text.off      0x0020c1a0        0xc obj_zoul/csma.o
 .text.channel_check_interval
                0x0020c1ac       0x10 obj_zoul/csma.o
 .text.transmit_packet_list
                0x0020c1bc       0x30 obj_zoul/csma.o
 .text.schedule_transmission
                0x0020c1ec       0x4c obj_zoul/csma.o
 .text.send_packet
                0x0020c238      0x138 obj_zoul/csma.o
 .text.init     0x0020c370       0x24 obj_zoul/csma.o
 .text.tx_done  0x0020c394       0x84 obj_zoul/csma.o
 .text.frame802154_get_pan_id
                0x0020c418        0xc obj_zoul/frame802154.o
                0x0020c418                frame802154_get_pan_id
 .text.frame802154_parse
                0x0020c424      0x174 obj_zoul/frame802154.o
                0x0020c424                frame802154_parse
 .text.create_frame.isra.0
                0x0020c598      0x128 obj_zoul/framer-802154.o
 .text.on       0x0020c6c0        0xc obj_zoul/nullrdc.o
 .text.send_one_packet
                0x0020c6cc      0x118 obj_zoul/nullrdc.o
 .text.off      0x0020c7e4       0x18 obj_zoul/nullrdc.o
 .text.packet_input
                0x0020c7fc       0x54 obj_zoul/nullrdc.o
 .text.input    0x0020c850        0xc obj_zoul/nullsec.o
 .text.send     0x0020c85c       0x20 obj_zoul/nullsec.o
 .text.process_thread_main_process
                0x0020c87c       0x2c main.co
 .text.process_thread_led_blink
                0x0020c8a8       0x8c obj_zoul/events_threads.o
 .text.getColor
                0x0020c934       0x2c obj_zoul/events_threads.o
                0x0020c934                getColor
 .text.event_blink_leds
                0x0020c960       0x38 obj_zoul/events_threads.o
                0x0020c960                event_blink_leds
 .text.process_thread_button_pressed
                0x0020c998      0x100 obj_zoul/events_threads.o
 .text.set_state
                0x0020ca98       0xa0 obj_zoul/states.o
                0x0020ca98                set_state
 .text.initialize_states
                0x0020cb38       0x14 obj_zoul/states.o
                0x0020cb38                initialize_states
 .text.process_thread_take_readings
                0x0020cb4c       0x20 obj_zoul/slave.o
 .text.process_thread_slave_working
                0x0020cb6c       0xd4 obj_zoul/slave.o
 .text.exec_slave_working
                0x0020cc40       0x10 obj_zoul/slave.o
                0x0020cc40                exec_slave_working
 .text.exit_slave_working
                0x0020cc50       0x24 obj_zoul/slave.o
                0x0020cc50                exit_slave_working
 .text.exec_slave_config
                0x0020cc74       0x10 obj_zoul/slave.o
                0x0020cc74                exec_slave_config
 .text.exit_slave_config
                0x0020cc84        0xc obj_zoul/slave.o
                0x0020cc84                exit_slave_config
 .text.process_thread_master_config
                0x0020cc90       0x2c obj_zoul/master.o
 .text.send_packets
                0x0020ccbc       0x2c obj_zoul/master.o
                0x0020ccbc                send_packets
 .text.process_thread_master_working
                0x0020cce8       0x58 obj_zoul/master.o
 .text.find_MOTE_localID
                0x0020cd40       0x38 obj_zoul/master.o
                0x0020cd40                find_MOTE_localID
 .text.push_packet
                0x0020cd78       0x4c obj_zoul/master.o
                0x0020cd78                push_packet
 .text.add_MOTE
                0x0020cdc4       0x38 obj_zoul/master.o
                0x0020cdc4                add_MOTE
 .text.exec_master_working
                0x0020cdfc       0x10 obj_zoul/master.o
                0x0020cdfc                exec_master_working
 .text.exec_master_config
                0x0020ce0c       0x10 obj_zoul/master.o
                0x0020ce0c                exec_master_config
 .text.init     0x0020ce1c       0x24 obj_zoul/slip-bridge.o
 .text.slip_input_callback
                0x0020ce40       0xe8 obj_zoul/slip-bridge.o
 .text.output   0x0020cf28       0x4c obj_zoul/slip-bridge.o
 .text.res_post_handler
                0x0020cf74       0x7c obj_zoul/res_config_.o
 .text.res_get_handler
                0x0020cff0       0xbc obj_zoul/res_config_.o
 .text.res_post_handler
                0x0020d0ac       0x88 obj_zoul/res_sensors_.o
 .text.print_local_addresses
                0x0020d134       0x3c obj_zoul/BorderRouter.o
                0x0020d134                print_local_addresses
 .text.request_prefix
                0x0020d170       0x2c obj_zoul/BorderRouter.o
                0x0020d170                request_prefix
 .text.process_thread_border_router_process
                0x0020d19c       0x88 obj_zoul/BorderRouter.o
 .text.set_prefix_64
                0x0020d224       0x68 obj_zoul/BorderRouter.o
                0x0020d224                set_prefix_64
 .text.process_thread_coap_server_process
                0x0020d28c       0x58 obj_zoul/CoAPServer.o
 .text          0x0020d2e4       0xa0 /usr/lib/gcc/arm-none-eabi/4.9.3/armv7-m/libgcc.a(_arm_truncdfsf2.o)
                0x0020d2e4                __aeabi_d2f
                0x0020d2e4                __truncdfsf2
 .text          0x0020d384       0x30 /usr/lib/gcc/arm-none-eabi/4.9.3/armv7-m/libgcc.a(_aeabi_uldivmod.o)
                0x0020d384                __aeabi_uldivmod
 .text          0x0020d3b4       0x60 /usr/lib/gcc/arm-none-eabi/4.9.3/armv7-m/libgcc.a(bpabi.o)
                0x0020d3b4                __gnu_ldivmod_helper
                0x0020d3e4                __gnu_uldivmod_helper
 .text          0x0020d414        0x4 /usr/lib/gcc/arm-none-eabi/4.9.3/armv7-m/libgcc.a(_dvmd_tls.o)
                0x0020d414                __aeabi_ldiv0
                0x0020d414                __aeabi_idiv0
 .text          0x0020d418      0x2ac /usr/lib/gcc/arm-none-eabi/4.9.3/armv7-m/libgcc.a(_divdi3.o)
                0x0020d418                __divdi3
 .text          0x0020d6c4      0x270 /usr/lib/gcc/arm-none-eabi/4.9.3/armv7-m/libgcc.a(_udivdi3.o)
                0x0020d6c4                __udivdi3
 .text.atof     0x0020d934        0x8 /usr/lib/gcc/arm-none-eabi/4.9.3/../../../arm-none-eabi/lib/armv7-m/libc.a(lib_a-atof.o)
                0x0020d934                atof
 .text.atoi     0x0020d93c        0x8 /usr/lib/gcc/arm-none-eabi/4.9.3/../../../arm-none-eabi/lib/armv7-m/libc.a(lib_a-atoi.o)
                0x0020d93c                atoi
 .text.malloc   0x0020d944       0x10 /usr/lib/gcc/arm-none-eabi/4.9.3/../../../arm-none-eabi/lib/armv7-m/libc.a(lib_a-malloc.o)
                0x0020d944                malloc
 .text._malloc_r
                0x0020d954      0x50c /usr/lib/gcc/arm-none-eabi/4.9.3/../../../arm-none-eabi/lib/armv7-m/libc.a(lib_a-mallocr.o)
                0x0020d954                _malloc_r
 .text.memchr   0x0020de60       0x94 /usr/lib/gcc/arm-none-eabi/4.9.3/../../../arm-none-eabi/lib/armv7-m/libc.a(lib_a-memchr.o)
                0x0020de60                memchr
 .text.memcmp   0x0020def4       0x64 /usr/lib/gcc/arm-none-eabi/4.9.3/../../../arm-none-eabi/lib/armv7-m/libc.a(lib_a-memcmp.o)
                0x0020def4                memcmp
 .text          0x0020df58       0xec /usr/lib/gcc/arm-none-eabi/4.9.3/../../../arm-none-eabi/lib/armv7-m/libc.a(lib_a-memcpy.o)
                0x0020df58                memcpy
 .text.memmove  0x0020e044       0xc8 /usr/lib/gcc/arm-none-eabi/4.9.3/../../../arm-none-eabi/lib/armv7-m/libc.a(lib_a-memmove.o)
                0x0020e044                memmove
 .text.memset   0x0020e10c       0x9c /usr/lib/gcc/arm-none-eabi/4.9.3/../../../arm-none-eabi/lib/armv7-m/libc.a(lib_a-memset.o)
                0x0020e10c                memset
 .text.__malloc_lock
                0x0020e1a8        0x4 /usr/lib/gcc/arm-none-eabi/4.9.3/../../../arm-none-eabi/lib/armv7-m/libc.a(lib_a-mlock.o)
                0x0020e1a8                __malloc_lock
 .text.__malloc_unlock
                0x0020e1ac        0x4 /usr/lib/gcc/arm-none-eabi/4.9.3/../../../arm-none-eabi/lib/armv7-m/libc.a(lib_a-mlock.o)
                0x0020e1ac                __malloc_unlock
 .text._sbrk_r  0x0020e1b0       0x24 /usr/lib/gcc/arm-none-eabi/4.9.3/../../../arm-none-eabi/lib/armv7-m/libc.a(lib_a-sbrkr.o)
                0x0020e1b0                _sbrk_r
 .text.strchr   0x0020e1d4       0xcc /usr/lib/gcc/arm-none-eabi/4.9.3/../../../arm-none-eabi/lib/armv7-m/libc.a(lib_a-strchr.o)
                0x0020e1d4                strchr
 .text.strlen   0x0020e2a0       0x5c /usr/lib/gcc/arm-none-eabi/4.9.3/../../../arm-none-eabi/lib/armv7-m/libc.a(lib_a-strlen.o)
                0x0020e2a0                strlen
 .text.strncmp  0x0020e2fc       0x94 /usr/lib/gcc/arm-none-eabi/4.9.3/../../../arm-none-eabi/lib/armv7-m/libc.a(lib_a-strncmp.o)
                0x0020e2fc                strncmp
 .text.strncpy  0x0020e390       0x68 /usr/lib/gcc/arm-none-eabi/4.9.3/../../../arm-none-eabi/lib/armv7-m/libc.a(lib_a-strncpy.o)
                0x0020e390                strncpy
 .text.sulp     0x0020e3f8       0x44 /usr/lib/gcc/arm-none-eabi/4.9.3/../../../arm-none-eabi/lib/armv7-m/libc.a(lib_a-strtod.o)
 .text.strtod   0x0020e43c       0x10 /usr/lib/gcc/arm-none-eabi/4.9.3/../../../arm-none-eabi/lib/armv7-m/libc.a(lib_a-strtod.o)
                0x0020e43c                strtod
 .text._strtol_r
                0x0020e44c      0x11c /usr/lib/gcc/arm-none-eabi/4.9.3/../../../arm-none-eabi/lib/armv7-m/libc.a(lib_a-strtol.o)
                0x0020e44c                _strtol_r
 .text.strtol   0x0020e568       0x18 /usr/lib/gcc/arm-none-eabi/4.9.3/../../../arm-none-eabi/lib/armv7-m/libc.a(lib_a-strtol.o)
                0x0020e568                strtol
 .text._malloc_trim_r
                0x0020e580       0x9c /usr/lib/gcc/arm-none-eabi/4.9.3/../../../arm-none-eabi/lib/armv7-m/libc.a(lib_a-freer.o)
                0x0020e580                _malloc_trim_r
 .text._free_r  0x0020e61c      0x1b0 /usr/lib/gcc/arm-none-eabi/4.9.3/../../../arm-none-eabi/lib/armv7-m/libc.a(lib_a-freer.o)
                0x0020e61c                _free_r
 .text.rshift   0x0020e7cc       0xa0 /usr/lib/gcc/arm-none-eabi/4.9.3/../../../arm-none-eabi/lib/armv7-m/libc.a(lib_a-gdtoa-gethex.o)
 .text.__gethex
                0x0020e86c      0x514 /usr/lib/gcc/arm-none-eabi/4.9.3/../../../arm-none-eabi/lib/armv7-m/libc.a(lib_a-gdtoa-gethex.o)
                0x0020e86c                __gethex
 .text.__hexnan
                0x0020ed80      0x184 /usr/lib/gcc/arm-none-eabi/4.9.3/../../../arm-none-eabi/lib/armv7-m/libc.a(lib_a-gdtoa-hexnan.o)
                0x0020ed80                __hexnan
 .text._localeconv_r
                0x0020ef04        0x8 /usr/lib/gcc/arm-none-eabi/4.9.3/../../../arm-none-eabi/lib/armv7-m/libc.a(lib_a-locale.o)
                0x0020ef04                _localeconv_r
 .text._Balloc  0x0020ef0c       0x50 /usr/lib/gcc/arm-none-eabi/4.9.3/../../../arm-none-eabi/lib/armv7-m/libc.a(lib_a-mprec.o)
                0x0020ef0c                _Balloc
 .text._Bfree   0x0020ef5c       0x14 /usr/lib/gcc/arm-none-eabi/4.9.3/../../../arm-none-eabi/lib/armv7-m/libc.a(lib_a-mprec.o)
                0x0020ef5c                _Bfree
 .text.__multadd
                0x0020ef70       0x84 /usr/lib/gcc/arm-none-eabi/4.9.3/../../../arm-none-eabi/lib/armv7-m/libc.a(lib_a-mprec.o)
                0x0020ef70                __multadd
 .text.__s2b    0x0020eff4       0x98 /usr/lib/gcc/arm-none-eabi/4.9.3/../../../arm-none-eabi/lib/armv7-m/libc.a(lib_a-mprec.o)
                0x0020eff4                __s2b
 .text.__hi0bits
                0x0020f08c       0x40 /usr/lib/gcc/arm-none-eabi/4.9.3/../../../arm-none-eabi/lib/armv7-m/libc.a(lib_a-mprec.o)
                0x0020f08c                __hi0bits
 .text.__lo0bits
                0x0020f0cc       0x5c /usr/lib/gcc/arm-none-eabi/4.9.3/../../../arm-none-eabi/lib/armv7-m/libc.a(lib_a-mprec.o)
                0x0020f0cc                __lo0bits
 .text.__i2b    0x0020f128       0x14 /usr/lib/gcc/arm-none-eabi/4.9.3/../../../arm-none-eabi/lib/armv7-m/libc.a(lib_a-mprec.o)
                0x0020f128                __i2b
 .text.__multiply
                0x0020f13c      0x140 /usr/lib/gcc/arm-none-eabi/4.9.3/../../../arm-none-eabi/lib/armv7-m/libc.a(lib_a-mprec.o)
                0x0020f13c                __multiply
 .text.__pow5mult
                0x0020f27c       0xa0 /usr/lib/gcc/arm-none-eabi/4.9.3/../../../arm-none-eabi/lib/armv7-m/libc.a(lib_a-mprec.o)
                0x0020f27c                __pow5mult
 .text.__lshift
                0x0020f31c       0xb0 /usr/lib/gcc/arm-none-eabi/4.9.3/../../../arm-none-eabi/lib/armv7-m/libc.a(lib_a-mprec.o)
                0x0020f31c                __lshift
 .text.__mcmp   0x0020f3cc       0x48 /usr/lib/gcc/arm-none-eabi/4.9.3/../../../arm-none-eabi/lib/armv7-m/libc.a(lib_a-mprec.o)
                0x0020f3cc                __mcmp
 .text.__mdiff  0x0020f414       0xe4 /usr/lib/gcc/arm-none-eabi/4.9.3/../../../arm-none-eabi/lib/armv7-m/libc.a(lib_a-mprec.o)
                0x0020f414                __mdiff
 .text.__ulp    0x0020f4f8       0x44 /usr/lib/gcc/arm-none-eabi/4.9.3/../../../arm-none-eabi/lib/armv7-m/libc.a(lib_a-mprec.o)
                0x0020f4f8                __ulp
 .text.__b2d    0x0020f53c       0xd0 /usr/lib/gcc/arm-none-eabi/4.9.3/../../../arm-none-eabi/lib/armv7-m/libc.a(lib_a-mprec.o)
                0x0020f53c                __b2d
 .text.__d2b    0x0020f60c       0xa8 /usr/lib/gcc/arm-none-eabi/4.9.3/../../../arm-none-eabi/lib/armv7-m/libc.a(lib_a-mprec.o)
                0x0020f60c                __d2b
 .text.__ratio  0x0020f6b4       0x58 /usr/lib/gcc/arm-none-eabi/4.9.3/../../../arm-none-eabi/lib/armv7-m/libc.a(lib_a-mprec.o)
                0x0020f6b4                __ratio
 .text.__copybits
                0x0020f70c       0x48 /usr/lib/gcc/arm-none-eabi/4.9.3/../../../arm-none-eabi/lib/armv7-m/libc.a(lib_a-mprec.o)
                0x0020f70c                __copybits
 .text.__any_on
                0x0020f754       0x5c /usr/lib/gcc/arm-none-eabi/4.9.3/../../../arm-none-eabi/lib/armv7-m/libc.a(lib_a-mprec.o)
                0x0020f754                __any_on
 .text._calloc_r
                0x0020f7b0       0x60 /usr/lib/gcc/arm-none-eabi/4.9.3/../../../arm-none-eabi/lib/armv7-m/libc.a(lib_a-callocr.o)
                0x0020f7b0                _calloc_r
 .text          0x0020f810      0x370 /usr/lib/gcc/arm-none-eabi/4.9.3/armv7-m/libgcc.a(_arm_addsubdf3.o)
                0x0020f810                __aeabi_drsub
                0x0020f818                __aeabi_dsub
                0x0020f818                __subdf3
                0x0020f81c                __adddf3
                0x0020f81c                __aeabi_dadd
                0x0020fa94                __aeabi_ui2d
                0x0020fa94                __floatunsidf
                0x0020fab4                __floatsidf
                0x0020fab4                __aeabi_i2d
                0x0020fad8                __extendsfdf2
                0x0020fad8                __aeabi_f2d
                0x0020fb14                __aeabi_ul2d
                0x0020fb14                __floatundidf
                0x0020fb24                __floatdidf
                0x0020fb24                __aeabi_l2d
 .text          0x0020fb80      0x424 /usr/lib/gcc/arm-none-eabi/4.9.3/armv7-m/libgcc.a(_arm_muldivdf3.o)
                0x0020fb80                __aeabi_dmul
                0x0020fb80                __muldf3
                0x0020fdd4                __aeabi_ddiv
                0x0020fdd4                __divdf3
 .text          0x0020ffa4      0x110 /usr/lib/gcc/arm-none-eabi/4.9.3/armv7-m/libgcc.a(_arm_cmpdf2.o)
                0x0020ffa4                __gtdf2
                0x0020ffa4                __gedf2
                0x0020ffac                __ltdf2
                0x0020ffac                __ledf2
                0x0020ffb4                __cmpdf2
                0x0020ffb4                __eqdf2
                0x0020ffb4                __nedf2
                0x00210030                __aeabi_cdrcmple
                0x00210040                __aeabi_cdcmple
                0x00210040                __aeabi_cdcmpeq
                0x00210050                __aeabi_dcmpeq
                0x00210064                __aeabi_dcmplt
                0x00210078                __aeabi_dcmple
                0x0021008c                __aeabi_dcmpge
                0x002100a0                __aeabi_dcmpgt
 .text          0x002100b4       0x50 /usr/lib/gcc/arm-none-eabi/4.9.3/armv7-m/libgcc.a(_arm_fixdfsi.o)
                0x002100b4                __fixdfsi
                0x002100b4                __aeabi_d2iz
 .text          0x00210104       0x40 /usr/lib/gcc/arm-none-eabi/4.9.3/armv7-m/libgcc.a(_arm_fixunsdfsi.o)
                0x00210104                __fixunsdfsi
                0x00210104                __aeabi_d2uiz
 .text.default_handler
                0x00210144        0x2 obj_zoul/startup-gcc.o
                0x00210144                default_handler
 .text.nmi_handler
                0x00210146        0x6 obj_zoul/startup-gcc.o
                0x00210146                nmi_handler
 .text.coap_parse_int_option
                0x0021014c       0x16 obj_zoul/er-coap.o
 .text.coap_merge_multi_option
                0x00210162       0x32 obj_zoul/er-coap.o
 .text.coap_get_variable
                0x00210194       0x6a obj_zoul/er-coap.o
 .text.coap_set_option_header
                0x002101fe       0x76 obj_zoul/er-coap.o
 .text.coap_serialize_int_option
                0x00210274       0x60 obj_zoul/er-coap.o
 .text.coap_serialize_array_option.part.0
                0x002102d4       0x20 obj_zoul/er-coap.o
 .text.coap_serialize_array_option
                0x002102f4       0x76 obj_zoul/er-coap.o
 .text.coap_init_message
                0x0021036a       0x1a obj_zoul/er-coap.o
                0x0021036a                coap_init_message
 .text.coap_get_query_variable
                0x00210384       0x26 obj_zoul/er-coap.o
                0x00210384                coap_get_query_variable
 .text.coap_get_post_variable
                0x002103aa       0x1e obj_zoul/er-coap.o
                0x002103aa                coap_get_post_variable
 .text.coap_set_status_code
                0x002103c8        0xc obj_zoul/er-coap.o
                0x002103c8                coap_set_status_code
 .text.coap_set_token
                0x002103d4       0x16 obj_zoul/er-coap.o
                0x002103d4                coap_set_token
 .text.coap_get_header_content_format
                0x002103ea       0x18 obj_zoul/er-coap.o
                0x002103ea                coap_get_header_content_format
 .text.coap_set_header_content_format
                0x00210402        0xe obj_zoul/er-coap.o
                0x00210402                coap_set_header_content_format
 .text.coap_get_header_accept
                0x00210410       0x1a obj_zoul/er-coap.o
                0x00210410                coap_get_header_accept
 .text.coap_get_header_max_age
                0x0021042a       0x10 obj_zoul/er-coap.o
                0x0021042a                coap_get_header_max_age
 .text.coap_set_header_max_age
                0x0021043a        0xe obj_zoul/er-coap.o
                0x0021043a                coap_set_header_max_age
 .text.coap_set_header_etag
                0x00210448       0x22 obj_zoul/er-coap.o
                0x00210448                coap_set_header_etag
 .text.coap_get_header_if_match
                0x0021046a       0x1c obj_zoul/er-coap.o
                0x0021046a                coap_get_header_if_match
 .text.coap_get_header_if_none_match
                0x00210486        0x8 obj_zoul/er-coap.o
                0x00210486                coap_get_header_if_none_match
 .text.coap_get_header_uri_host
                0x0021048e       0x18 obj_zoul/er-coap.o
                0x0021048e                coap_get_header_uri_host
 .text.coap_get_header_uri_path
                0x002104a6       0x18 obj_zoul/er-coap.o
                0x002104a6                coap_get_header_uri_path
 .text.coap_set_header_uri_path
                0x002104be       0x20 obj_zoul/er-coap.o
                0x002104be                coap_set_header_uri_path
 .text.coap_get_header_uri_query
                0x002104de       0x16 obj_zoul/er-coap.o
                0x002104de                coap_get_header_uri_query
 .text.coap_set_header_location_query
                0x002104f4       0x20 obj_zoul/er-coap.o
                0x002104f4                coap_set_header_location_query
 .text.coap_set_header_location_path
                0x00210514       0x40 obj_zoul/er-coap.o
                0x00210514                coap_set_header_location_path
 .text.coap_set_header_observe
                0x00210554        0xe obj_zoul/er-coap.o
                0x00210554                coap_set_header_observe
 .text.coap_get_header_block2
                0x00210562       0x32 obj_zoul/er-coap.o
                0x00210562                coap_get_header_block2
 .text.coap_set_header_block2
                0x00210594       0x32 obj_zoul/er-coap.o
                0x00210594                coap_set_header_block2
 .text.coap_get_header_size2
                0x002105c6       0x1a obj_zoul/er-coap.o
                0x002105c6                coap_get_header_size2
 .text.coap_set_header_size2
                0x002105e0       0x10 obj_zoul/er-coap.o
                0x002105e0                coap_set_header_size2
 .text.coap_get_payload
                0x002105f0       0x12 obj_zoul/er-coap.o
                0x002105f0                coap_get_payload
 .text.coap_set_payload
                0x00210602       0x12 obj_zoul/er-coap.o
                0x00210602                coap_set_payload
 .text.coap_get_rest_method
                0x00210614        0xc obj_zoul/er-coap-engine.o
                0x00210614                coap_get_rest_method
 .text.coap_notify_observers
                0x00210620        0x6 obj_zoul/er-coap-observe.o
                0x00210620                coap_notify_observers
 .text.fade     0x00210626       0x54 obj_zoul/contiki-main.o
 .text.board_init
                0x0021067a        0x4 obj_zoul/board.o
                0x0021067a                board_init
 .text.clock_isr
                0x0021067e        0x4 obj_zoul/clock.o
                0x0021067e                clock_isr
 .text.rtimer_arch_init
                0x00210682        0x2 obj_zoul/rtimer-arch.o
                0x00210682                rtimer_arch_init
 .text.uart0_isr
                0x00210684        0x6 obj_zoul/uart.o
                0x00210684                uart0_isr
 .text.uart1_isr
                0x0021068a        0x6 obj_zoul/uart.o
                0x0021068a                uart1_isr
 .text.cpu_cpsie
                0x00210690        0x8 obj_zoul/cpu.o
                0x00210690                cpu_cpsie
 .text.cpu_cpsid
                0x00210698        0x8 obj_zoul/cpu.o
                0x00210698                cpu_cpsid
 .text.gpio_port_a_isr
                0x002106a0        0x6 obj_zoul/gpio.o
                0x002106a0                gpio_port_a_isr
 .text.gpio_port_b_isr
                0x002106a6        0x6 obj_zoul/gpio.o
                0x002106a6                gpio_port_b_isr
 .text.gpio_port_c_isr
                0x002106ac        0x6 obj_zoul/gpio.o
                0x002106ac                gpio_port_c_isr
 .text.gpio_port_d_isr
                0x002106b2        0x6 obj_zoul/gpio.o
                0x002106b2                gpio_port_d_isr
 .text.send     0x002106b8       0x12 obj_zoul/cc2538-rf.o
 .text.dbg_send_bytes
                0x002106ca       0x20 obj_zoul/dbg.o
                0x002106ca                dbg_send_bytes
 .text.puts     0x002106ea       0x20 obj_zoul/dbg.o
                0x002106ea                puts
 .text.slip_arch_writeb
                0x0021070a        0x8 obj_zoul/slip-arch.o
                0x0021070a                slip_arch_writeb
 .text.configure
                0x00210712        0x4 obj_zoul/cc2538-temp-sensor.o
 .text.status   0x00210716        0x4 obj_zoul/cc2538-temp-sensor.o
 .text.value    0x0021071a       0x34 obj_zoul/cc2538-temp-sensor.o
 .text.configure
                0x0021074e        0x4 obj_zoul/vdd3-sensor.o
 .text.status   0x00210752        0x4 obj_zoul/vdd3-sensor.o
 .text.value    0x00210756       0x2a obj_zoul/vdd3-sensor.o
 .text.write_str
                0x00210780       0x10 obj_zoul/dbg-printf.o
 .text.buffer_str
                0x00210790       0x28 obj_zoul/dbg-snprintf.o
 .text.snprintf
                0x002107b8       0x1a obj_zoul/dbg-snprintf.o
                0x002107b8                snprintf
 .text.buffer_str
                0x002107d2       0x16 obj_zoul/dbg-sprintf.o
 .text.autostart_start
                0x002107e8       0x14 obj_zoul/autostart.o
                0x002107e8                autostart_start
 .text.energest_init
                0x002107fc        0x2 obj_zoul/energest.o
                0x002107fc                energest_init
 .text.stimer_set
                0x002107fe        0xe obj_zoul/stimer.o
                0x002107fe                stimer_set
 .text.etimer_set
                0x0021080c       0x12 obj_zoul/etimer.o
                0x0021080c                etimer_set
 .text.etimer_reset
                0x0021081e       0x12 obj_zoul/etimer.o
                0x0021081e                etimer_reset
 .text.etimer_restart
                0x00210830       0x12 obj_zoul/etimer.o
                0x00210830                etimer_restart
 .text.etimer_expired
                0x00210842        0xa obj_zoul/etimer.o
                0x00210842                etimer_expired
 .text.etimer_expiration_time
                0x0021084c        0x6 obj_zoul/etimer.o
                0x0021084c                etimer_expiration_time
 .text.call_process
                0x00210852        0xc obj_zoul/process.o
 .text.process_is_running
                0x0021085e        0xa obj_zoul/process.o
                0x0021085e                process_is_running
 .text.rtimer_init
                0x00210868        0x4 obj_zoul/rtimer.o
                0x00210868                rtimer_init
 .text.timer_set
                0x0021086c        0xe obj_zoul/timer.o
                0x0021086c                timer_set
 .text.timer_reset
                0x0021087a        0xa obj_zoul/timer.o
                0x0021087a                timer_reset
 .text.timer_restart
                0x00210884        0xc obj_zoul/timer.o
                0x00210884                timer_restart
 .text.timer_expired
                0x00210890       0x1c obj_zoul/timer.o
                0x00210890                timer_expired
 .text.ringbuf_init
                0x002108ac        0xe obj_zoul/ringbuf.o
                0x002108ac                ringbuf_init
 .text.ringbuf_put
                0x002108ba       0x28 obj_zoul/ringbuf.o
                0x002108ba                ringbuf_put
 .text.ringbuf_get
                0x002108e2       0x20 obj_zoul/ringbuf.o
                0x002108e2                ringbuf_get
 .text.list_init
                0x00210902        0x6 obj_zoul/list.o
                0x00210902                list_init
 .text.list_head
                0x00210908        0x4 obj_zoul/list.o
                0x00210908                list_head
 .text.list_tail
                0x0021090c       0x10 obj_zoul/list.o
                0x0021090c                list_tail
 .text.list_remove
                0x0021091c       0x28 obj_zoul/list.o
                0x0021091c                list_remove
 .text.list_add
                0x00210944       0x1e obj_zoul/list.o
                0x00210944                list_add
 .text.list_push
                0x00210962       0x12 obj_zoul/list.o
                0x00210962                list_push
 .text.list_length
                0x00210974        0xe obj_zoul/list.o
                0x00210974                list_length
 .text.list_item_next
                0x00210982        0x6 obj_zoul/list.o
                0x00210982                list_item_next
 .text.memb_init
                0x00210988       0x20 obj_zoul/memb.o
                0x00210988                memb_init
 .text.memb_alloc
                0x002109a8       0x28 obj_zoul/memb.o
                0x002109a8                memb_alloc
 .text.memb_free
                0x002109d0       0x2c obj_zoul/memb.o
                0x002109d0                memb_free
 .text.memb_inmemb
                0x002109fc       0x1c obj_zoul/memb.o
                0x002109fc                memb_inmemb
 .text.memb_numfree
                0x00210a18       0x1c obj_zoul/memb.o
                0x00210a18                memb_numfree
 .text.uip_ds6_list_loop
                0x00210a34       0x48 obj_zoul/uip-ds6.o
                0x00210a34                uip_ds6_list_loop
 .text.uip_ds6_maddr_rm
                0x00210a7c        0x8 obj_zoul/uip-ds6.o
                0x00210a7c                uip_ds6_maddr_rm
 .text.uip_ds6_set_addr_iid
                0x00210a84       0x12 obj_zoul/uip-ds6.o
                0x00210a84                uip_ds6_set_addr_iid
 .text.get_match_length
                0x00210a96       0x3a obj_zoul/uip-ds6.o
                0x00210a96                get_match_length
 .text.uip_ds6_route_next
                0x00210ad0        0x8 obj_zoul/uip-ds6-route.o
                0x00210ad0                uip_ds6_route_next
 .text.rm_routelist_callback
                0x00210ad8        0x4 obj_zoul/uip-ds6-route.o
 .text.chksum   0x00210adc       0x38 obj_zoul/uip6.o
 .text.uip_icmp6chksum
                0x00210b14        0x6 obj_zoul/uip6.o
                0x00210b14                uip_icmp6chksum
 .text.uip_tcpchksum
                0x00210b1a        0x6 obj_zoul/uip6.o
                0x00210b1a                uip_tcpchksum
 .text.uip_udpchksum
                0x00210b20        0x6 obj_zoul/uip6.o
                0x00210b20                uip_udpchksum
 .text.uip_htonl
                0x00210b26       0x14 obj_zoul/uip6.o
                0x00210b26                uip_htonl
 .text.uip_ds6_nbr_ipaddr_from_lladdr
                0x00210b3a        0x4 obj_zoul/uip-ds6-nbr.o
                0x00210b3a                uip_ds6_nbr_ipaddr_from_lladdr
 .text.uip_ds6_nbr_lladdr_from_ipaddr
                0x00210b3e       0x12 obj_zoul/uip-ds6-nbr.o
                0x00210b3e                uip_ds6_nbr_lladdr_from_ipaddr
 .text.uip_nd6_init
                0x00210b50        0x2 obj_zoul/uip-nd6.o
                0x00210b50                uip_nd6_init
 .text.lollipop_greater_than
                0x00210b52       0x34 obj_zoul/rpl-dag.o
 .text.check_prefix
                0x00210b86       0x58 obj_zoul/rpl-dag.o
 .text.rpl_rank_via_parent
                0x00210bde       0x1a obj_zoul/rpl-dag.o
                0x00210bde                rpl_rank_via_parent
 .text.rpl_get_parent_ipaddr
                0x00210bf8        0xe obj_zoul/rpl-dag.o
                0x00210bf8                rpl_get_parent_ipaddr
 .text.rpl_get_parent_link_stats
                0x00210c06        0xe obj_zoul/rpl-dag.o
                0x00210c06                rpl_get_parent_link_stats
 .text.rpl_parent_is_fresh
                0x00210c14        0xe obj_zoul/rpl-dag.o
                0x00210c14                rpl_parent_is_fresh
 .text.rpl_parent_is_reachable
                0x00210c22       0x36 obj_zoul/rpl-dag.o
                0x00210c22                rpl_parent_is_reachable
 .text.rpl_set_prefix
                0x00210c58       0x6c obj_zoul/rpl-dag.o
                0x00210c58                rpl_set_prefix
 .text.rpl_set_default_route
                0x00210cc4       0x30 obj_zoul/rpl-dag.o
                0x00210cc4                rpl_set_default_route
 .text.rpl_find_parent
                0x00210cf4       0x16 obj_zoul/rpl-dag.o
                0x00210cf4                rpl_find_parent
 .text.rpl_find_parent_any_dag
                0x00210d0a       0x1e obj_zoul/rpl-dag.o
                0x00210d0a                rpl_find_parent_any_dag
 .text.rpl_select_parent
                0x00210d28       0x4a obj_zoul/rpl-dag.o
                0x00210d28                rpl_select_parent
 .text.rpl_select_dag
                0x00210d72      0x15c obj_zoul/rpl-dag.o
                0x00210d72                rpl_select_dag
 .text.rpl_nullify_parent
                0x00210ece       0x54 obj_zoul/rpl-dag.o
                0x00210ece                rpl_nullify_parent
 .text.nbr_callback
                0x00210f22        0x4 obj_zoul/rpl-dag.o
 .text.rpl_free_dag
                0x00210f26       0x3a obj_zoul/rpl-dag.o
                0x00210f26                rpl_free_dag
 .text.rpl_move_parent
                0x00210f60       0x54 obj_zoul/rpl-dag.o
                0x00210f60                rpl_move_parent
 .text.rpl_repair_root
                0x00210fb4       0x48 obj_zoul/rpl-dag.o
                0x00210fb4                rpl_repair_root
 .text.rpl_alloc_dag
                0x00210ffc       0x48 obj_zoul/rpl-dag.o
                0x00210ffc                rpl_alloc_dag
 .text.rpl_process_parent_event
                0x00211044       0x96 obj_zoul/rpl-dag.o
                0x00211044                rpl_process_parent_event
 .text.rpl_add_dag
                0x002110da      0x112 obj_zoul/rpl-dag.o
                0x002110da                rpl_add_dag
 .text.rpl_process_dio
                0x002111ec      0x2e6 obj_zoul/rpl-dag.o
                0x002111ec                rpl_process_dio
 .text.handle_unicast_dio_timer
                0x002114d2       0x1c obj_zoul/rpl-timers.o
 .text.rpl_reset_dio_timer
                0x002114ee       0x1c obj_zoul/rpl-timers.o
                0x002114ee                rpl_reset_dio_timer
 .text.rpl_schedule_dao
                0x0021150a        0x8 obj_zoul/rpl-timers.o
                0x0021150a                rpl_schedule_dao
 .text.get_probing_delay
                0x00211512       0x3a obj_zoul/rpl-timers.o
                0x00211512                get_probing_delay
 .text.handle_probing_timer
                0x0021154c       0x32 obj_zoul/rpl-timers.o
 .text.rpl_remove_routes
                0x0021157e       0x1e obj_zoul/rpl.o
                0x0021157e                rpl_remove_routes
 .text.rpl_remove_routes_by_nexthop
                0x0021159c       0x30 obj_zoul/rpl.o
                0x0021159c                rpl_remove_routes_by_nexthop
 .text.rpl_add_route
                0x002115cc       0x2e obj_zoul/rpl.o
                0x002115cc                rpl_add_route
 .text.reset    0x002115fa        0x2 obj_zoul/rpl-mrhof.o
 .text.update_metric_container
                0x002115fc        0x6 obj_zoul/rpl-mrhof.o
 .text.parent_link_metric
                0x00211602       0x12 obj_zoul/rpl-mrhof.o
 .text.parent_has_usable_link
                0x00211614       0x12 obj_zoul/rpl-mrhof.o
 .text.best_dag
                0x00211626       0x2c obj_zoul/rpl-mrhof.o
 .text.parent_path_cost
                0x00211652       0x34 obj_zoul/rpl-mrhof.o
 .text.parent_is_acceptable
                0x00211686       0x26 obj_zoul/rpl-mrhof.o
 .text.rank_via_parent
                0x002116ac       0x34 obj_zoul/rpl-mrhof.o
 .text.best_parent
                0x002116e0       0x68 obj_zoul/rpl-mrhof.o
 .text.get32    0x00211748       0x18 obj_zoul/rpl-icmp6.o
 .text.set32    0x00211760       0x12 obj_zoul/rpl-icmp6.o
 .text.get16    0x00211772        0xc obj_zoul/rpl-icmp6.o
 .text.set16    0x0021177e        0xa obj_zoul/rpl-icmp6.o
 .text.rpl_icmp6_update_nbr_table
                0x00211788       0x2e obj_zoul/rpl-icmp6.o
                0x00211788                rpl_icmp6_update_nbr_table
 .text.queuebuf_update_attr_from_packetbuf
                0x002117b6        0xc obj_zoul/queuebuf.o
                0x002117b6                queuebuf_update_attr_from_packetbuf
 .text.queuebuf_attr
                0x002117c2        0xc obj_zoul/queuebuf.o
                0x002117c2                queuebuf_attr
 .text.item_from_key
                0x002117ce       0x22 obj_zoul/nbr-table.o
 .text.nbr_set_bit
                0x002117f0       0x38 obj_zoul/nbr-table.o
 .text.nbr_table_next
                0x00211828       0x3e obj_zoul/nbr-table.o
                0x00211828                nbr_table_next
 .text.nbr_table_get_from_lladdr
                0x00211866       0x32 obj_zoul/nbr-table.o
                0x00211866                nbr_table_get_from_lladdr
 .text.nbr_table_get_lladdr
                0x00211898       0x20 obj_zoul/nbr-table.o
                0x00211898                nbr_table_get_lladdr
 .text.linkaddr_copy
                0x002118b8        0xa obj_zoul/linkaddr.o
                0x002118b8                linkaddr_copy
 .text.linkaddr_cmp
                0x002118c2       0x10 obj_zoul/linkaddr.o
                0x002118c2                linkaddr_cmp
 .text.link_stats_is_fresh
                0x002118d2       0x24 obj_zoul/link-stats.o
                0x002118d2                link_stats_is_fresh
 .text.packet_sent
                0x002118f6       0xca obj_zoul/csma.o
 .text.frame802154_has_panid
                0x002119c0       0x62 obj_zoul/frame802154.o
                0x002119c0                frame802154_has_panid
 .text.field_len
                0x00211a22       0x84 obj_zoul/frame802154.o
 .text.frame802154_is_broadcast_addr
                0x00211aa6       0x1e obj_zoul/frame802154.o
                0x00211aa6                frame802154_is_broadcast_addr
 .text.frame802154_hdrlen
                0x00211ac4       0x32 obj_zoul/frame802154.o
                0x00211ac4                frame802154_hdrlen
 .text.frame802154_create
                0x00211af6       0xe6 obj_zoul/frame802154.o
                0x00211af6                frame802154_create
 .text.mac_call_sent_callback
                0x00211bdc       0x16 obj_zoul/mac.o
                0x00211bdc                mac_call_sent_callback
 .text.parse    0x00211bf2       0x94 obj_zoul/framer-802154.o
 .text.create   0x00211c86        0x6 obj_zoul/framer-802154.o
 .text.hdr_length
                0x00211c8c        0x6 obj_zoul/framer-802154.o
 .text.channel_check_interval
                0x00211c92        0x4 obj_zoul/nullrdc.o
 .text.init     0x00211c96        0x4 obj_zoul/nullrdc.o
 .text.send_list
                0x00211c9a       0x20 obj_zoul/nullrdc.o
 .text.send_packet
                0x00211cba        0x4 obj_zoul/nullrdc.o
 .text.init     0x00211cbe        0x2 obj_zoul/nullsec.o
 .text.led_ctr  0x00211cc0       0x40 obj_zoul/events_threads.o
                0x00211cc0                led_ctr
 .text.process_thread_slave_config
                0x00211d00        0x8 obj_zoul/slave.o
 .text.readJSON_i
                0x00211d08       0x78 obj_zoul/readJSON.o
                0x00211d08                readJSON_i
 .text.readJSON_uf
                0x00211d80       0xb4 obj_zoul/readJSON.o
                0x00211d80                readJSON_uf
 *(SORT(.rodata*))
 *fill*         0x00211e34        0x4 00000000
 .rodata.tinytens
                0x00211e38       0x28 /usr/lib/gcc/arm-none-eabi/4.9.3/../../../arm-none-eabi/lib/armv7-m/libc.a(lib_a-strtod.o)
 .rodata.__mprec_tens
                0x00211e60       0xc8 /usr/lib/gcc/arm-none-eabi/4.9.3/../../../arm-none-eabi/lib/armv7-m/libc.a(lib_a-mprec.o)
                0x00211e60                __mprec_tens
 .rodata.__mprec_bigtens
                0x00211f28       0x28 /usr/lib/gcc/arm-none-eabi/4.9.3/../../../arm-none-eabi/lib/armv7-m/libc.a(lib_a-mprec.o)
                0x00211f28                __mprec_bigtens
 .rodata.coap_rest_implementation
                0x00211f50      0x10c obj_zoul/er-coap-engine.o
                0x00211f50                coap_rest_implementation
 .rodata.button_sensor
                0x0021205c       0x10 obj_zoul/button-sensor.o
                0x0021205c                button_sensor
 .rodata.uart_regs
                0x0021206c       0x58 obj_zoul/uart.o
 .rodata.reset_cause.4692
                0x002120c4       0x10 obj_zoul/sys-ctrl.o
 .rodata.output_power
                0x002120d4       0x70 obj_zoul/cc2538-rf.o
 .rodata.cc2538_rf_driver
                0x00212144       0x38 obj_zoul/cc2538-rf.o
                0x00212144                cc2538_rf_driver
 .rodata.cc2538_temp_sensor
                0x0021217c       0x10 obj_zoul/cc2538-temp-sensor.o
                0x0021217c                cc2538_temp_sensor
 .rodata.vdd3_sensor
                0x0021218c       0x10 obj_zoul/vdd3-sensor.o
                0x0021218c                vdd3_sensor
 .rodata.sicslowpan_driver
                0x0021219c        0xc obj_zoul/sicslowpan.o
                0x0021219c                sicslowpan_driver
 .rodata.csma_driver
                0x002121a8       0x1c obj_zoul/csma.o
                0x002121a8                csma_driver
 .rodata.framer_802154
                0x002121c4        0xc obj_zoul/framer-802154.o
                0x002121c4                framer_802154
 .rodata.nullrdc_driver
                0x002121d0       0x20 obj_zoul/nullrdc.o
                0x002121d0                nullrdc_driver
 .rodata.nullsec_driver
                0x002121f0       0x10 obj_zoul/nullsec.o
                0x002121f0                nullsec_driver
 .rodata.autostart_processes
                0x00212200        0xc main.co
                0x00212200                autostart_processes
 .rodata.rpl_interface
                0x0021220c        0x8 obj_zoul/slip-bridge.o
                0x0021220c                rpl_interface
 .rodata._ctype_
                0x00212214      0x104 /usr/lib/gcc/arm-none-eabi/4.9.3/../../../arm-none-eabi/lib/armv7-m/libc.a(lib_a-ctype_.o)
                0x00212214                _ctype_
 .rodata.fpinan.5307
                0x00212318       0x14 /usr/lib/gcc/arm-none-eabi/4.9.3/../../../arm-none-eabi/lib/armv7-m/libc.a(lib_a-strtod.o)
 .rodata.str1.4
                0x0021232c        0xf /usr/lib/gcc/arm-none-eabi/4.9.3/../../../arm-none-eabi/lib/armv7-m/libc.a(lib_a-strtod.o)
                                 0x10 (size before relaxing)
 *fill*         0x0021233b        0x1 00000000
 .rodata.fpi.5271
                0x0021233c       0x14 /usr/lib/gcc/arm-none-eabi/4.9.3/../../../arm-none-eabi/lib/armv7-m/libc.a(lib_a-strtod.o)
 .rodata.__hexdig
                0x00212350      0x100 /usr/lib/gcc/arm-none-eabi/4.9.3/../../../arm-none-eabi/lib/armv7-m/libc.a(lib_a-gdtoa-gethex.o)
                0x00212350                __hexdig
 .rodata.str1.4
                0x00212450        0x2 /usr/lib/gcc/arm-none-eabi/4.9.3/../../../arm-none-eabi/lib/armv7-m/libc.a(lib_a-impure.o)
                                  0x4 (size before relaxing)
 *fill*         0x00212452        0x2 00000000
 .rodata.str1.4
                0x00212454       0x10 /usr/lib/gcc/arm-none-eabi/4.9.3/../../../arm-none-eabi/lib/armv7-m/libc.a(lib_a-locale.o)
                                 0x14 (size before relaxing)
 .rodata.p05.5302
                0x00212464        0xc /usr/lib/gcc/arm-none-eabi/4.9.3/../../../arm-none-eabi/lib/armv7-m/libc.a(lib_a-mprec.o)
 .rodata.str1.1
                0x00212470       0xae obj_zoul/er-coap.o
                                 0xaf (size before relaxing)
 .rodata.str1.1
                0x0021251e       0x66 obj_zoul/er-coap-engine.o
 .rodata.str1.1
                0x00212584       0x11 obj_zoul/er-coap-observe.o
 .rodata.str1.1
                0x00212595        0x9 obj_zoul/er-coap-res-well-known-core.o
                                 0x19 (size before relaxing)
 .rodata.str1.1
                0x0021259e        0xc obj_zoul/rest-engine.o
 .rodata.str1.1
                0x002125aa       0x7e obj_zoul/contiki-main.o
 .rodata.str1.1
                0x00212628        0x7 obj_zoul/button-sensor.o
 .rodata.str1.1
                0x0021262f       0x94 obj_zoul/soc.o
 .rodata.str1.1
                0x002126c3       0x2d obj_zoul/sys-ctrl.o
 .rodata.str1.1
                0x002126f0       0x11 obj_zoul/cc2538-rf.o
 .rodata        0x00212701        0x8 obj_zoul/ieee-addr.o
 .rodata.str1.1
                0x00212709       0x21 obj_zoul/slip.o
 .rodata.str1.1
                0x0021272a       0x14 obj_zoul/cc2538-temp-sensor.o
 .rodata.str1.1
                0x0021273e        0x5 obj_zoul/vdd3-sensor.o
 .rodata.buffer.4159
                0x00212743       0x10 obj_zoul/strformat.o
 .rodata.str1.1
                0x00212753       0x35 obj_zoul/strformat.o
                                 0x37 (size before relaxing)
 .rodata.buffer.4150
                0x00212788       0x10 obj_zoul/strformat.o
 .rodata.str1.1
                0x00212798        0xf obj_zoul/ctimer.o
 .rodata.str1.1
                0x002127a7        0xc obj_zoul/etimer.o
 .rodata.str1.1
                0x002127b3        0xe obj_zoul/serial-line.o
 .rodata.str1.1
                0x002127c1        0x8 obj_zoul/sensors.o
 .rodata        0x002127c9        0x2 obj_zoul/sicslowpan.o
 .rodata.ttl_values
                0x002127cb        0x4 obj_zoul/sicslowpan.o
 .rodata.unc_llconf
                0x002127cf        0x4 obj_zoul/sicslowpan.o
                0x002127cf                unc_llconf
 .rodata.llprefix
                0x002127d3        0x2 obj_zoul/sicslowpan.o
                0x002127d3                llprefix
 .rodata.unc_mxconf
                0x002127d5        0x4 obj_zoul/sicslowpan.o
                0x002127d5                unc_mxconf
 .rodata.str1.1
                0x002127d9        0xb obj_zoul/sicslowpan.o
 .rodata.unc_ctxconf
                0x002127e4        0x4 obj_zoul/sicslowpan.o
                0x002127e4                unc_ctxconf
 .rodata.str1.1
                0x002127e8       0x28 obj_zoul/uip-debug.o
 .rodata.str1.1
                0x00212810        0xd obj_zoul/tcpip.o
 .rodata.linkaddr_null
                0x0021281d        0x8 obj_zoul/linkaddr.o
                0x0021281d                linkaddr_null
 .rodata.str1.1
                0x00212825        0x5 obj_zoul/csma.o
 .rodata.str1.1
                0x0021282a        0x8 obj_zoul/nullrdc.o
 .rodata.str1.1
                0x00212832        0x8 obj_zoul/nullsec.o
 .rodata.str1.1
                0x0021283a       0x20 main.co
 .rodata.str1.1
                0x0021285a       0x48 obj_zoul/events_threads.o
                                 0x49 (size before relaxing)
 .rodata.str1.1
                0x002128a2       0x66 obj_zoul/slave.o
                                 0x67 (size before relaxing)
 .rodata.str1.1
                0x00212908       0x2a obj_zoul/master.o
                                 0x2b (size before relaxing)
 .rodata.str1.1
                0x00212932       0x90 obj_zoul/slip-bridge.o
                                 0xa1 (size before relaxing)
 .rodata.str1.1
                0x002129c2       0x76 obj_zoul/res_config_.o
 .rodata.str1.1