Archive member included to satisfy reference by file (symbol)

/usr/lib/gcc/arm-none-eabi/4.9.3/armv7-m/libgcc.a(_arm_truncdfsf2.o)
                              obj_zoul/readJSON.o (__aeabi_d2f)
/usr/lib/gcc/arm-none-eabi/4.9.3/armv7-m/libgcc.a(_aeabi_uldivmod.o)
                              obj_zoul/cc2538-rf.o (__aeabi_uldivmod)
/usr/lib/gcc/arm-none-eabi/4.9.3/armv7-m/libgcc.a(bpabi.o)
                              /usr/lib/gcc/arm-none-eabi/4.9.3/armv7-m/libgcc.a(_aeabi_uldivmod.o) (__gnu_uldivmod_helper)
/usr/lib/gcc/arm-none-eabi/4.9.3/armv7-m/libgcc.a(_dvmd_tls.o)
                              /usr/lib/gcc/arm-none-eabi/4.9.3/armv7-m/libgcc.a(_aeabi_uldivmod.o) (__aeabi_ldiv0)
/usr/lib/gcc/arm-none-eabi/4.9.3/armv7-m/libgcc.a(_divdi3.o)
                              /usr/lib/gcc/arm-none-eabi/4.9.3/armv7-m/libgcc.a(bpabi.o) (__divdi3)
/usr/lib/gcc/arm-none-eabi/4.9.3/armv7-m/libgcc.a(_udivdi3.o)
                              /usr/lib/gcc/arm-none-eabi/4.9.3/armv7-m/libgcc.a(bpabi.o) (__udivdi3)
/usr/lib/gcc/arm-none-eabi/4.9.3/../../../arm-none-eabi/lib/armv7-m/libc.a(lib_a-atof.o)
                              obj_zoul/readJSON.o (atof)
/usr/lib/gcc/arm-none-eabi/4.9.3/../../../arm-none-eabi/lib/armv7-m/libc.a(lib_a-atoi.o)
                              obj_zoul/readJSON.o (atoi)
/usr/lib/gcc/arm-none-eabi/4.9.3/../../../arm-none-eabi/lib/armv7-m/libc.a(lib_a-ctype_.o)
                              obj_zoul/resolv.o (__ctype_ptr__)
/usr/lib/gcc/arm-none-eabi/4.9.3/../../../arm-none-eabi/lib/armv7-m/libc.a(lib_a-malloc.o)
                              obj_zoul/master.o (malloc)
/usr/lib/gcc/arm-none-eabi/4.9.3/../../../arm-none-eabi/lib/armv7-m/libc.a(lib_a-mallocr.o)
                              /usr/lib/gcc/arm-none-eabi/4.9.3/../../../arm-none-eabi/lib/armv7-m/libc.a(lib_a-malloc.o) (_malloc_r)
/usr/lib/gcc/arm-none-eabi/4.9.3/../../../arm-none-eabi/lib/armv7-m/libc.a(lib_a-memchr.o)
                              obj_zoul/er-coap.o (memchr)
/usr/lib/gcc/arm-none-eabi/4.9.3/../../../arm-none-eabi/lib/armv7-m/libc.a(lib_a-memcmp.o)
                              obj_zoul/er-coap-observe.o (memcmp)
/usr/lib/gcc/arm-none-eabi/4.9.3/../../../arm-none-eabi/lib/armv7-m/libc.a(lib_a-memcpy.o)
                              obj_zoul/er-coap.o (memcpy)
/usr/lib/gcc/arm-none-eabi/4.9.3/../../../arm-none-eabi/lib/armv7-m/libc.a(lib_a-memmove.o)
                              obj_zoul/er-coap.o (memmove)
/usr/lib/gcc/arm-none-eabi/4.9.3/../../../arm-none-eabi/lib/armv7-m/libc.a(lib_a-memset.o)
                              obj_zoul/er-coap.o (memset)
/usr/lib/gcc/arm-none-eabi/4.9.3/../../../arm-none-eabi/lib/armv7-m/libc.a(lib_a-mlock.o)
                              /usr/lib/gcc/arm-none-eabi/4.9.3/../../../arm-none-eabi/lib/armv7-m/libc.a(lib_a-mallocr.o) (__malloc_lock)
/usr/lib/gcc/arm-none-eabi/4.9.3/../../../arm-none-eabi/lib/armv7-m/libc.a(lib_a-reent.o)
                              obj_zoul/syscalls.o (errno)
/usr/lib/gcc/arm-none-eabi/4.9.3/../../../arm-none-eabi/lib/armv7-m/libc.a(lib_a-sbrkr.o)
                              /usr/lib/gcc/arm-none-eabi/4.9.3/../../../arm-none-eabi/lib/armv7-m/libc.a(lib_a-mallocr.o) (_sbrk_r)
/usr/lib/gcc/arm-none-eabi/4.9.3/../../../arm-none-eabi/lib/armv7-m/libc.a(lib_a-strcasecmp.o)
                              obj_zoul/resolv.o (strcasecmp)
/usr/lib/gcc/arm-none-eabi/4.9.3/../../../arm-none-eabi/lib/armv7-m/libc.a(lib_a-strcat.o)
                              obj_zoul/resolv.o (strcat)
/usr/lib/gcc/arm-none-eabi/4.9.3/../../../arm-none-eabi/lib/armv7-m/libc.a(lib_a-strchr.o)
                              obj_zoul/er-coap.o (strchr)
/usr/lib/gcc/arm-none-eabi/4.9.3/../../../arm-none-eabi/lib/armv7-m/libc.a(lib_a-strcmp.o)
                              obj_zoul/cfs-coffee.o (strcmp)
/usr/lib/gcc/arm-none-eabi/4.9.3/../../../arm-none-eabi/lib/armv7-m/libc.a(lib_a-strcpy.o)
                              /usr/lib/gcc/arm-none-eabi/4.9.3/../../../arm-none-eabi/lib/armv7-m/libc.a(lib_a-strcat.o) (strcpy)
/usr/lib/gcc/arm-none-eabi/4.9.3/../../../arm-none-eabi/lib/armv7-m/libc.a(lib_a-strlen.o)
                              obj_zoul/er-coap.o (strlen)
/usr/lib/gcc/arm-none-eabi/4.9.3/../../../arm-none-eabi/lib/armv7-m/libc.a(lib_a-strncasecmp.o)
                              obj_zoul/resolv.o (strncasecmp)
/usr/lib/gcc/arm-none-eabi/4.9.3/../../../arm-none-eabi/lib/armv7-m/libc.a(lib_a-strncat.o)
                              obj_zoul/resolv.o (strncat)
/usr/lib/gcc/arm-none-eabi/4.9.3/../../../arm-none-eabi/lib/armv7-m/libc.a(lib_a-strncmp.o)
                              obj_zoul/er-coap.o (strncmp)
/usr/lib/gcc/arm-none-eabi/4.9.3/../../../arm-none-eabi/lib/armv7-m/libc.a(lib_a-strncpy.o)
                              obj_zoul/er-coap-observe.o (strncpy)
/usr/lib/gcc/arm-none-eabi/4.9.3/../../../arm-none-eabi/lib/armv7-m/libc.a(lib_a-strtod.o)
[...]
Memory Configuration

Name             Origin             Length             Attributes
FLASH_FW         0x00202000         0x0007dfd4         xr
FLASH_CCA        0x0027ffd4         0x0000002c         xr
NRSRAM           0x20000000         0x00000000         xrw
FRSRAM           0x20000000         0x00008000         xrw
*default*        0x00000000         0xffffffff

Linker script and memory map

LOAD obj_zoul/startup-gcc.o
LOAD obj_zoul/er-coap.o
LOAD obj_zoul/er-coap-engine.o
LOAD obj_zoul/er-coap-transactions.o
LOAD obj_zoul/er-coap-observe.o
LOAD obj_zoul/er-coap-separate.o
LOAD obj_zoul/er-coap-res-well-known-core.o
LOAD obj_zoul/er-coap-block1.o
LOAD obj_zoul/er-coap-observe-client.o
LOAD obj_zoul/rest-engine.o
LOAD obj_zoul/mqtt.o
LOAD obj_zoul/sht25.o
LOAD obj_zoul/contiki-main.o
LOAD obj_zoul/leds.o
LOAD obj_zoul/cc1200-zoul-arch.o
LOAD obj_zoul/adc-zoul.o
LOAD obj_zoul/button-sensor.o
LOAD obj_zoul/zoul-sensors.o
LOAD obj_zoul/board.o
LOAD obj_zoul/antenna-sw.o
LOAD obj_zoul/rtcc.o
LOAD obj_zoul/leds-res-arch.o
LOAD obj_zoul/power-mgmt.o
LOAD obj_zoul/soc.o
LOAD obj_zoul/clock.o
LOAD obj_zoul/rtimer-arch.o
LOAD obj_zoul/uart.o
LOAD obj_zoul/watchdog.o
LOAD obj_zoul/nvic.o
LOAD obj_zoul/cpu.o
LOAD obj_zoul/sys-ctrl.o
LOAD obj_zoul/gpio.o
LOAD obj_zoul/ioc.o
LOAD obj_zoul/spi.o
LOAD obj_zoul/adc.o
LOAD obj_zoul/crypto.o
LOAD obj_zoul/aes.o
LOAD obj_zoul/ecb.o
LOAD obj_zoul/cbc.o
LOAD obj_zoul/ctr.o
LOAD obj_zoul/cbc-mac.o
LOAD obj_zoul/gcm.o
LOAD obj_zoul/ccm.o
LOAD obj_zoul/sha256.o
LOAD obj_zoul/cc2538-aes-128.o
LOAD obj_zoul/cc2538-ccm-star.o
LOAD obj_zoul/cc2538-rf.o
LOAD obj_zoul/udma.o
LOAD obj_zoul/lpm.o
LOAD obj_zoul/pka.o
LOAD obj_zoul/bignum-driver.o
LOAD obj_zoul/ecc-driver.o
LOAD obj_zoul/ecc-algorithm.o
LOAD obj_zoul/ecc-curve.o
LOAD obj_zoul/dbg.o
LOAD obj_zoul/ieee-addr.o
LOAD obj_zoul/slip-arch.o
LOAD obj_zoul/slip.o
LOAD obj_zoul/i2c.o
LOAD obj_zoul/cc2538-temp-sensor.o
LOAD obj_zoul/vdd3-sensor.o
LOAD obj_zoul/cfs-coffee.o
LOAD obj_zoul/cfs-coffee-arch.o
LOAD obj_zoul/pwm.o
LOAD obj_zoul/dbg-printf.o
LOAD obj_zoul/dbg-snprintf.o
LOAD obj_zoul/dbg-sprintf.o
LOAD obj_zoul/strformat.o
LOAD obj_zoul/usb-core.o
LOAD obj_zoul/cdc-acm.o
LOAD obj_zoul/usb-arch.o
LOAD obj_zoul/usb-serial.o
LOAD obj_zoul/cdc-acm-descriptors.o
LOAD obj_zoul/autostart.o
LOAD obj_zoul/ctimer.o
LOAD obj_zoul/energest.o
LOAD obj_zoul/arg.o
LOAD obj_zoul/stimer.o
LOAD obj_zoul/etimer.o
LOAD obj_zoul/compower.o
LOAD obj_zoul/process.o
LOAD obj_zoul/rtimer.o
LOAD obj_zoul/mt.o
LOAD obj_zoul/procinit.o
LOAD obj_zoul/timer.o
LOAD obj_zoul/serial-line.o
LOAD obj_zoul/nullradio.o
LOAD obj_zoul/settings.o
LOAD obj_zoul/crc16.o
LOAD obj_zoul/me.o
LOAD obj_zoul/ringbuf.o
LOAD obj_zoul/mmem.o
LOAD obj_zoul/me_tabs.o
LOAD obj_zoul/ccm-star.o
LOAD obj_zoul/ifft.o
LOAD obj_zoul/ringbufindex.o
LOAD obj_zoul/sensors.o
LOAD obj_zoul/list.o
LOAD obj_zoul/aes-128.o
LOAD obj_zoul/trickle-timer.o
LOAD obj_zoul/print-stats.o
LOAD obj_zoul/memb.o
LOAD obj_zoul/petsciiconv.o
LOAD obj_zoul/gcr.o
LOAD obj_zoul/random.o
LOAD obj_zoul/assert.o
LOAD obj_zoul/uip-icmp6.o
LOAD obj_zoul/uip-ds6.o
LOAD obj_zoul/uip-ds6-route.o
LOAD obj_zoul/uip6.o
LOAD obj_zoul/uip-ds6-nbr.o
LOAD obj_zoul/uip-nd6.o
LOAD obj_zoul/sicslowpan.o
LOAD obj_zoul/slipdev.o
LOAD obj_zoul/dhcpc.o
LOAD obj_zoul/uip-packetqueue.o
LOAD obj_zoul/tcp-socket.o
LOAD obj_zoul/uip-debug.o
LOAD obj_zoul/ip64-addr.o
LOAD obj_zoul/uip-udp-packet.o
LOAD obj_zoul/psock.o
LOAD obj_zoul/tcpip.o
LOAD obj_zoul/resolv.o
LOAD obj_zoul/uip-nameserver.o
LOAD obj_zoul/uip-split.o
LOAD obj_zoul/udp-socket.o
LOAD obj_zoul/simple-udp.o
LOAD obj_zoul/uiplib.o
LOAD obj_zoul/rpl-nbr-policy.o
LOAD obj_zoul/rpl-of0.o
LOAD obj_zoul/rpl-dag.o
LOAD obj_zoul/rpl-timers.o
LOAD obj_zoul/rpl-ext-header.o
LOAD obj_zoul/rpl.o
LOAD obj_zoul/rpl-mrhof.o
LOAD obj_zoul/rpl-ns.o
LOAD obj_zoul/rpl-icmp6.o
LOAD obj_zoul/rpl-dag-root.o
LOAD obj_zoul/syscalls.o
LOAD obj_zoul/queuebuf.o
LOAD obj_zoul/nbr-table.o
LOAD obj_zoul/packetbuf.o
LOAD obj_zoul/netstack.o
LOAD obj_zoul/linkaddr.o
LOAD obj_zoul/net-debug.o
LOAD obj_zoul/link-stats.o
LOAD obj_zoul/framer-nullmac.o
LOAD obj_zoul/nullmac.o
LOAD obj_zoul/nullrdc-noframer.o
LOAD obj_zoul/frame802154e-ie.o
LOAD obj_zoul/mac-sequence.o
LOAD obj_zoul/nordc.o
LOAD obj_zoul/csma.o
LOAD obj_zoul/frame802154.o
LOAD obj_zoul/mac.o
LOAD obj_zoul/framer-802154.o
LOAD obj_zoul/phase.o
LOAD obj_zoul/nullrdc.o
LOAD obj_zoul/contikimac.o
LOAD obj_zoul/contikimac-framer.o
LOAD obj_zoul/nullsec.o
LOAD obj_zoul/anti-replay.o
LOAD obj_zoul/ccm-star-packetbuf.o
LOAD obj_zoul/noncoresec.o
LOAD obj_zoul/cc1200-868-fsk-1-2kbps.o
LOAD obj_zoul/cc1200-802154g-863-870-fsk-50kbps.o
LOAD obj_zoul/cc1200.o
LOAD main.co
LOAD obj_zoul/events_threads.o
LOAD obj_zoul/states.o
LOAD obj_zoul/slave.o
LOAD obj_zoul/master.o
LOAD obj_zoul/readJSON.o
LOAD obj_zoul/sens_humidity.o
LOAD obj_zoul/sens_battery.o
LOAD obj_zoul/sens_airflow.o
LOAD obj_zoul/sens_temperature.o
LOAD obj_zoul/slip-bridge.o
LOAD obj_zoul/BorderRouter.o
LOAD obj_zoul/res_config_mqtt.o
LOAD obj_zoul/res_config_CoAP.o
LOAD obj_zoul/res_sensors_CoAP.o
LOAD obj_zoul/CoAPServer.o
LOAD obj_zoul/mqttServer.o
START GROUP
LOAD /usr/lib/gcc/arm-none-eabi/4.9.3/armv7-m/libgcc.a
LOAD /usr/lib/gcc/arm-none-eabi/4.9.3/../../../arm-none-eabi/lib/armv7-m/libc.a
END GROUP

.text           0x00202000    0x12fff
                0x00202000                _text = .
 *(SORT(.vectors))
 .vectors       0x00202000      0x28c obj_zoul/startup-gcc.o
                0x00202000                vectors
 *(SORT(.text*))
 *fill*         0x0020228c        0x4 00000000
 .text._strtod_r
                0x00202290      0xf30 /usr/lib/gcc/arm-none-eabi/4.9.3/../../../arm-none-eabi/lib/armv7-m/libc.a(lib_a-strtod.o)
                0x00202290                _strtod_r
 .text.reset_handler
                0x002031c0       0x40 obj_zoul/startup-gcc.o
                0x002031c0                reset_handler
 .text.coap_init_connection
                0x00203200       0x28 obj_zoul/er-coap.o
                0x00203200                coap_init_connection
 .text.coap_get_mid
                0x00203228       0x10 obj_zoul/er-coap.o
                0x00203228                coap_get_mid
 .text.coap_serialize_message
                0x00203238      0x2e4 obj_zoul/er-coap.o
                0x00203238                coap_serialize_message
 .text.coap_send_message
                0x0020351c       0x4c obj_zoul/er-coap.o
                0x0020351c                coap_send_message
 .text.coap_parse_message
                0x00203568      0x2e4 obj_zoul/er-coap.o
                0x00203568                coap_parse_message
 .text.coap_set_service_callback
                0x0020384c        0xc obj_zoul/er-coap-engine.o
                0x0020384c                coap_set_service_callback
 .text.process_thread_coap_engine
                0x00203858      0x36c obj_zoul/er-coap-engine.o
 .text.coap_init_engine
                0x00203bc4        0xc obj_zoul/er-coap-engine.o
                0x00203bc4                coap_init_engine
 .text.coap_register_as_transaction_handler
                0x00203bd0       0x14 obj_zoul/er-coap-transactions.o
                0x00203bd0                coap_register_as_transaction_handler
 .text.coap_new_transaction
                0x00203be4       0x44 obj_zoul/er-coap-transactions.o
                0x00203be4                coap_new_transaction
 .text.coap_clear_transaction
                0x00203c28       0x2c obj_zoul/er-coap-transactions.o
                0x00203c28                coap_clear_transaction
 .text.coap_send_transaction
                0x00203c54       0x98 obj_zoul/er-coap-transactions.o
                0x00203c54                coap_send_transaction
 .text.coap_get_transaction_by_mid
                0x00203cec       0x1c obj_zoul/er-coap-transactions.o
                0x00203cec                coap_get_transaction_by_mid
 .text.coap_check_transactions
                0x00203d08       0x2c obj_zoul/er-coap-transactions.o
                0x00203d08                coap_check_transactions
 .text.coap_remove_observer
                0x00203d34       0x20 obj_zoul/er-coap-observe.o
                0x00203d34                coap_remove_observer
 .text.coap_remove_observer_by_client
                0x00203d54       0x3c obj_zoul/er-coap-observe.o
                0x00203d54                coap_remove_observer_by_client
 .text.coap_remove_observer_by_token
                0x00203d90       0x58 obj_zoul/er-coap-observe.o
                0x00203d90                coap_remove_observer_by_token
 .text.coap_remove_observer_by_uri
                0x00203de8       0x5c obj_zoul/er-coap-observe.o
                0x00203de8                coap_remove_observer_by_uri
 .text.coap_remove_observer_by_mid
                0x00203e44       0x48 obj_zoul/er-coap-observe.o
                0x00203e44                coap_remove_observer_by_mid
 .text.coap_notify_observers_sub
                0x00203e8c      0x11c obj_zoul/er-coap-observe.o
                0x00203e8c                coap_notify_observers_sub
 .text.coap_observe_handler
                0x00203fa8      0x10c obj_zoul/er-coap-observe.o
                0x00203fa8                coap_observe_handler
 .text.well_known_core_get_handler
                0x002040b4      0x168 obj_zoul/er-coap-res-well-known-core.o
                0x002040b4                well_known_core_get_handler
 .text.process_thread_rest_engine_process
                0x0020421c       0x88 obj_zoul/rest-engine.o
 .text.rest_invoke_restful_service
                0x002042a4       0xf8 obj_zoul/rest-engine.o
                0x002042a4                rest_invoke_restful_service
 .text.rest_init_engine
                0x0020439c       0x40 obj_zoul/rest-engine.o
                0x0020439c                rest_init_engine
 .text.rest_activate_resource
                0x002043dc       0x34 obj_zoul/rest-engine.o
                0x002043dc                rest_activate_resource
 .text.rest_get_resources
                0x00204410        0x8 obj_zoul/rest-engine.o
                0x00204410                rest_get_resources
 .text.call_event
                0x00204418       0x1c obj_zoul/mqtt.o
 .text.tcp_input
                0x00204434      0x2f0 obj_zoul/mqtt.o
 .text.keep_alive_callback
                0x00204724       0x44 obj_zoul/mqtt.o
 .text.connect_tcp
                0x00204768       0x68 obj_zoul/mqtt.o
 .text.tcp_event
                0x002047d0       0x94 obj_zoul/mqtt.o
 .text.mqtt_init
                0x00204864       0xb4 obj_zoul/mqtt.o
                0x00204864                mqtt_init
 .text.mqtt_register
                0x00204918       0x64 obj_zoul/mqtt.o
                0x00204918                mqtt_register
 .text.mqtt_connect
                0x0020497c       0x58 obj_zoul/mqtt.o
                0x0020497c                mqtt_connect
 .text.mqtt_disconnect
                0x002049d4       0x24 obj_zoul/mqtt.o
                0x002049d4                mqtt_disconnect
 .text.process_thread_mqtt_process
                0x002049f8     0x1014 obj_zoul/mqtt.o
 .text.mqtt_subscribe
                0x00205a0c       0x60 obj_zoul/mqtt.o
                0x00205a0c                mqtt_subscribe
 .text.startup.main
                0x00205a6c      0x1a4 obj_zoul/contiki-main.o
                0x00205a6c                main
 .text.leds_init
                0x00205c10       0x14 obj_zoul/leds.o
                0x00205c10                leds_init
 .text.leds_on  0x00205c24       0x10 obj_zoul/leds.o
                0x00205c24                leds_on
 .text.leds_off
                0x00205c34       0x14 obj_zoul/leds.o
                0x00205c34                leds_off
 .text.value    0x00205c48       0x20 obj_zoul/button-sensor.o
 .text.duration_exceeded_callback
                0x00205c68       0x3c obj_zoul/button-sensor.o
 .text.config_user
                0x00205ca4       0xa0 obj_zoul/button-sensor.o
 .text.btn_callback
                0x00205d44       0x5c obj_zoul/button-sensor.o
 .text.antenna_sw_config
                0x00205da0       0x30 obj_zoul/antenna-sw.o
                0x00205da0                antenna_sw_config
 .text.leds_arch_init
                0x00205dd0       0x48 obj_zoul/leds-res-arch.o
                0x00205dd0                leds_arch_init
 .text.leds_arch_set
                0x00205e18       0x44 obj_zoul/leds-res-arch.o
                0x00205e18                leds_arch_set
 .text.soc_get_rev
                0x00205e5c       0x18 obj_zoul/soc.o
                0x00205e5c                soc_get_rev
 .text.soc_get_sram_size
                0x00205e74       0x1c obj_zoul/soc.o
                0x00205e74                soc_get_sram_size
 .text.soc_print_info
                0x00205e90       0x70 obj_zoul/soc.o
                0x00205e90                soc_print_info
 .text.update_ticks
                0x00205f00       0x4c obj_zoul/clock.o
 .text.clock_init
                0x00205f4c       0x50 obj_zoul/clock.o
                0x00205f4c                clock_init
 .text.clock_time
                0x00205f9c       0x14 obj_zoul/clock.o
                0x00205f9c                clock_time
 .text.clock_seconds
                0x00205fb0       0x14 obj_zoul/clock.o
                0x00205fb0                clock_seconds
 .text.clock_delay_usec
                0x00205fc4       0x1c obj_zoul/clock.o
                0x00205fc4                clock_delay_usec
 .text.rtimer_arch_now
                0x00205fe0       0x2c obj_zoul/rtimer-arch.o
                0x00205fe0                rtimer_arch_now
 .text.rtimer_arch_schedule
                0x0020600c       0x58 obj_zoul/rtimer-arch.o
                0x0020600c                rtimer_arch_schedule
 .text.rtimer_isr
                0x00206064       0x20 obj_zoul/rtimer-arch.o
                0x00206064                rtimer_isr
 .text.uart_isr
                0x00206084       0x64 obj_zoul/uart.o
 .text.uart_init
                0x002060e8      0x1a0 obj_zoul/uart.o
                0x002060e8                uart_init
 .text.uart_set_input
                0x00206288       0x10 obj_zoul/uart.o
                0x00206288                uart_set_input
 .text.uart_write_byte
                0x00206298       0x1c obj_zoul/uart.o
                0x00206298                uart_write_byte
 .text.watchdog_init
                0x002062b4        0xc obj_zoul/watchdog.o
                0x002062b4                watchdog_init
 .text.watchdog_start
                0x002062c0        0xc obj_zoul/watchdog.o
                0x002062c0                watchdog_start
 .text.watchdog_periodic
                0x002062cc       0x10 obj_zoul/watchdog.o
                0x002062cc                watchdog_periodic
 .text.nvic_init
                0x002062dc       0x3c obj_zoul/nvic.o
                0x002062dc                nvic_init
 .text.nvic_interrupt_enable
                0x00206318       0x18 obj_zoul/nvic.o
                0x00206318                nvic_interrupt_enable
 .text.nvic_interrupt_disable
                0x00206330       0x18 obj_zoul/nvic.o
                0x00206330                nvic_interrupt_disable
 .text.nvic_interrupt_unpend
                0x00206348       0x18 obj_zoul/nvic.o
                0x00206348                nvic_interrupt_unpend
 .text.sys_ctrl_get_reset_cause
                0x00206360       0x10 obj_zoul/sys-ctrl.o
                0x00206360                sys_ctrl_get_reset_cause
 .text.sys_ctrl_get_reset_cause_str
                0x00206370       0x14 obj_zoul/sys-ctrl.o
                0x00206370                sys_ctrl_get_reset_cause_str
 .text.sys_ctrl_init
                0x00206384       0x74 obj_zoul/sys-ctrl.o
                0x00206384                sys_ctrl_init
 .text.sys_ctrl_get_sys_clock
                0x002063f8       0x18 obj_zoul/sys-ctrl.o
                0x002063f8                sys_ctrl_get_sys_clock
 .text.sys_ctrl_get_io_clock
                0x00206410       0x18 obj_zoul/sys-ctrl.o
                0x00206410                sys_ctrl_get_io_clock
 .text.gpio_register_callback
                0x00206428       0x10 obj_zoul/gpio.o
                0x00206428                gpio_register_callback
 .text.notify   0x00206438       0x30 obj_zoul/gpio.o
                0x00206438                notify
 .text.gpio_port_isr
                0x00206468       0x48 obj_zoul/gpio.o
 .text.gpio_init
                0x002064b0       0x10 obj_zoul/gpio.o
                0x002064b0                gpio_init
 .text.ioc_init
                0x002064c0       0x1c obj_zoul/ioc.o
                0x002064c0                ioc_init
 .text.ioc_set_over
                0x002064dc       0x14 obj_zoul/ioc.o
                0x002064dc                ioc_set_over
 .text.ioc_set_sel
                0x002064f0       0x14 obj_zoul/ioc.o
                0x002064f0                ioc_set_sel
 .text.adc_get  0x00206504       0x78 obj_zoul/adc.o
                0x00206504                adc_get
 .text.crypto_isr
                0x0020657c       0x24 obj_zoul/crypto.o
                0x0020657c                crypto_isr
 .text.crypto_enable
                0x002065a0       0x20 obj_zoul/crypto.o
                0x002065a0                crypto_enable
 .text.crypto_init
                0x002065c0       0x34 obj_zoul/crypto.o
                0x002065c0                crypto_init
 .text.crypto_disable
                0x002065f4       0x20 obj_zoul/crypto.o
                0x002065f4                crypto_disable
 .text.on       0x00206614       0x2c obj_zoul/cc2538-rf.o
 .text.off      0x00206640       0x40 obj_zoul/cc2538-rf.o
 .text.set_channel
                0x00206680       0x48 obj_zoul/cc2538-rf.o
 .text.channel_clear
                0x002066c8       0x3c obj_zoul/cc2538-rf.o
 .text.receiving_packet
                0x00206704       0x18 obj_zoul/cc2538-rf.o
 .text.pending_packet
                0x0020671c       0x10 obj_zoul/cc2538-rf.o
 .text.get_value
                0x0020672c      0x164 obj_zoul/cc2538-rf.o
 .text.prepare  0x00206890       0x64 obj_zoul/cc2538-rf.o
 .text.transmit
                0x002068f4       0x98 obj_zoul/cc2538-rf.o
 .text.set_frame_filtering
                0x0020698c       0x18 obj_zoul/cc2538-rf.o
 .text.set_object
                0x002069a4       0x30 obj_zoul/cc2538-rf.o
 .text.read     0x002069d4       0xe4 obj_zoul/cc2538-rf.o
 .text.set_poll_mode
                0x00206ab8       0x8c obj_zoul/cc2538-rf.o
 .text.set_value
                0x00206b44       0xe8 obj_zoul/cc2538-rf.o
 .text.init     0x00206c2c       0xc4 obj_zoul/cc2538-rf.o
 .text.process_thread_cc2538_rf_process
                0x00206cf0       0x90 obj_zoul/cc2538-rf.o
 .text.get_object
                0x00206d80      0x144 obj_zoul/cc2538-rf.o
 .text.cc2538_rf_rx_tx_isr
                0x00206ec4       0x24 obj_zoul/cc2538-rf.o
                0x00206ec4                cc2538_rf_rx_tx_isr
 .text.cc2538_rf_err_isr
                0x00206ee8       0x28 obj_zoul/cc2538-rf.o
                0x00206ee8                cc2538_rf_err_isr
 .text.udma_init
                0x00206f10       0x30 obj_zoul/udma.o
                0x00206f10                udma_init
 .text.udma_set_channel_src
                0x00206f40       0x10 obj_zoul/udma.o
                0x00206f40                udma_set_channel_src
 .text.udma_set_channel_dst
                0x00206f50       0x14 obj_zoul/udma.o
                0x00206f50                udma_set_channel_dst
 .text.udma_set_channel_control_word
                0x00206f64       0x14 obj_zoul/udma.o
                0x00206f64                udma_set_channel_control_word
 .text.udma_channel_enable
                0x00206f78       0x18 obj_zoul/udma.o
                0x00206f78                udma_channel_enable
 .text.udma_channel_mask_set
                0x00206f90       0x18 obj_zoul/udma.o
                0x00206f90                udma_channel_mask_set
 .text.udma_channel_sw_request
                0x00206fa8       0x18 obj_zoul/udma.o
                0x00206fa8                udma_channel_sw_request
 .text.udma_channel_get_mode
                0x00206fc0       0x1c obj_zoul/udma.o
                0x00206fc0                udma_channel_get_mode
 .text.udma_isr
                0x00206fdc       0x10 obj_zoul/udma.o
                0x00206fdc                udma_isr
 .text.udma_err_isr
                0x00206fec        0xc obj_zoul/udma.o
                0x00206fec                udma_err_isr
 .text.pka_isr  0x00206ff8       0x24 obj_zoul/pka.o
                0x00206ff8                pka_isr
 .text.putchar  0x0020701c       0x40 obj_zoul/dbg.o
                0x0020701c                putchar
 .text.ieee_addr_cpy_to
                0x0020705c       0x20 obj_zoul/ieee-addr.o
                0x0020705c                ieee_addr_cpy_to
 .text.slip_arch_init
                0x0020707c        0xc obj_zoul/slip-arch.o
                0x0020707c                slip_arch_init
 .text.process_thread_slip_process
                0x00207088      0x230 obj_zoul/slip.o
 .text.slip_set_input_callback
                0x002072b8        0xc obj_zoul/slip.o
                0x002072b8                slip_set_input_callback
 .text.slip_send
                0x002072c4       0x5c obj_zoul/slip.o
                0x002072c4                slip_send
 .text.slip_input_byte
                0x00207320       0xb4 obj_zoul/slip.o
                0x00207320                slip_input_byte
 .text.printf   0x002073d4       0x20 obj_zoul/dbg-printf.o
                0x002073d4                printf
 .text.vsnprintf
                0x002073f4       0x28 obj_zoul/dbg-snprintf.o
                0x002073f4                vsnprintf
 .text.sprintf  0x0020741c       0x30 obj_zoul/dbg-sprintf.o
                0x0020741c                sprintf
 .text.fill_space
                0x0020744c       0x34 obj_zoul/strformat.o
 .text.format_str_v
                0x00207480      0x6e8 obj_zoul/strformat.o
                0x00207480                format_str_v
 .text.process_thread_ctimer_process
                0x00207b68       0x80 obj_zoul/ctimer.o
 .text.ctimer_init
                0x00207be8       0x28 obj_zoul/ctimer.o
                0x00207be8                ctimer_init
 .text.ctimer_set_with_process
                0x00207c10       0x44 obj_zoul/ctimer.o
                0x00207c10                ctimer_set_with_process
 .text.ctimer_set
                0x00207c54       0x14 obj_zoul/ctimer.o
                0x00207c54                ctimer_set
 .text.ctimer_reset
                0x00207c68       0x38 obj_zoul/ctimer.o
                0x00207c68                ctimer_reset
 .text.ctimer_restart
                0x00207ca0       0x38 obj_zoul/ctimer.o
                0x00207ca0                ctimer_restart
 .text.ctimer_stop
                0x00207cd8       0x2c obj_zoul/ctimer.o
                0x00207cd8                ctimer_stop
 .text.stimer_expired
                0x00207d04       0x20 obj_zoul/stimer.o
                0x00207d04                stimer_expired
 .text.update_time
                0x00207d24       0x44 obj_zoul/etimer.o
 .text.etimer_request_poll
                0x00207d68        0xc obj_zoul/etimer.o
                0x00207d68                etimer_request_poll
 .text.process_thread_etimer_process
                0x00207d74       0x94 obj_zoul/etimer.o
 .text.add_timer
                0x00207e08       0x40 obj_zoul/etimer.o
 .text.etimer_pending
                0x00207e48       0x10 obj_zoul/etimer.o
                0x00207e48                etimer_pending
 .text.etimer_stop
                0x00207e58       0x34 obj_zoul/etimer.o
                0x00207e58                etimer_stop
 .text.call_process.part.0
                0x00207e8c       0x38 obj_zoul/process.o
 .text.exit_process
                0x00207ec4       0x80 obj_zoul/process.o
 .text.do_poll  0x00207f44       0x30 obj_zoul/process.o
 .text.process_alloc_event
                0x00207f74       0x10 obj_zoul/process.o
                0x00207f74                process_alloc_event
 .text.process_exit
                0x00207f84        0xc obj_zoul/process.o
                0x00207f84                process_exit
 .text.process_init
                0x00207f90       0x30 obj_zoul/process.o
                0x00207f90                process_init
 .text.process_run
                0x00207fc0       0x84 obj_zoul/process.o
                0x00207fc0                process_run
 .text.process_post
                0x00208044       0x3c obj_zoul/process.o
                0x00208044                process_post
 .text.process_post_synch
                0x00208080       0x14 obj_zoul/process.o
                0x00208080                process_post_synch
 .text.process_start
                0x00208094       0x30 obj_zoul/process.o
                0x00208094                process_start
 .text.process_poll
                0x002080c4       0x18 obj_zoul/process.o
                0x002080c4                process_poll
 .text.rtimer_run_next
                0x002080dc       0x28 obj_zoul/rtimer.o
                0x002080dc                rtimer_run_next
 .text.process_thread_serial_line_process
                0x00208104       0x98 obj_zoul/serial-line.o
 .text.serial_line_input_byte
                0x0020819c       0x44 obj_zoul/serial-line.o
                0x0020819c                serial_line_input_byte
 .text.serial_line_init
                0x002081e0       0x24 obj_zoul/serial-line.o
                0x002081e0                serial_line_init
 .text.process_thread_sensors_process
                0x00208204       0xd4 obj_zoul/sensors.o
 .text.sensors_changed
                0x002082d8       0x38 obj_zoul/sensors.o
                0x002082d8                sensors_changed
 .text.random_rand
                0x00208310       0x20 obj_zoul/random.o
                0x00208310                random_rand
 .text.random_init
                0x00208330       0x78 obj_zoul/random.o
                0x00208330                random_init
 .text.echo_reply_input
                0x002083a8       0x94 obj_zoul/uip-icmp6.o
 .text.echo_request_input
                0x0020843c       0xc8 obj_zoul/uip-icmp6.o
 .text.uip_icmp6_input
                0x00208504       0x38 obj_zoul/uip-icmp6.o
                0x00208504                uip_icmp6_input
 .text.uip_icmp6_register_input_handler
                0x0020853c        0xc obj_zoul/uip-icmp6.o
                0x0020853c                uip_icmp6_register_input_handler
 .text.uip_icmp6_error_output
                0x00208548      0x144 obj_zoul/uip-icmp6.o
                0x00208548                uip_icmp6_error_output
 .text.uip_icmp6_send
                0x0020868c       0x8c obj_zoul/uip-icmp6.o
                0x0020868c                uip_icmp6_send
 .text.uip_icmp6_init
                0x00208718       0x1c obj_zoul/uip-icmp6.o
                0x00208718                uip_icmp6_init
 .text.uip_ds6_prefix_add
                0x00208734       0x64 obj_zoul/uip-ds6.o
                0x00208734                uip_ds6_prefix_add
 .text.uip_ds6_is_addr_onlink
                0x00208798       0x40 obj_zoul/uip-ds6.o
                0x00208798                uip_ds6_is_addr_onlink
 .text.uip_ds6_addr_lookup
                0x002087d8       0x2c obj_zoul/uip-ds6.o
                0x002087d8                uip_ds6_addr_lookup
 .text.uip_ds6_get_link_local
                0x00208804       0x40 obj_zoul/uip-ds6.o
                0x00208804                uip_ds6_get_link_local
 .text.uip_ds6_get_global
                0x00208844       0x40 obj_zoul/uip-ds6.o
                0x00208844                uip_ds6_get_global
 .text.uip_ds6_maddr_add
                0x00208884       0x4c obj_zoul/uip-ds6.o
                0x00208884                uip_ds6_maddr_add
 .text.uip_ds6_addr_add
                0x002088d0       0x94 obj_zoul/uip-ds6.o
                0x002088d0                uip_ds6_addr_add
 .text.uip_ds6_maddr_lookup
                0x00208964       0x2c obj_zoul/uip-ds6.o
                0x00208964                uip_ds6_maddr_lookup
 .text.uip_ds6_addr_rm
                0x00208990       0x44 obj_zoul/uip-ds6.o
                0x00208990                uip_ds6_addr_rm
 .text.uip_ds6_periodic
                0x002089d4       0x4c obj_zoul/uip-ds6.o
                0x002089d4                uip_ds6_periodic
 .text.uip_ds6_select_src
                0x00208a20       0x94 obj_zoul/uip-ds6.o
                0x00208a20                uip_ds6_select_src
 .text.uip_ds6_compute_reachable_time
                0x00208ab4       0x28 obj_zoul/uip-ds6.o
                0x00208ab4                uip_ds6_compute_reachable_time
 .text.uip_ds6_init
                0x00208adc       0xe0 obj_zoul/uip-ds6.o
                0x00208adc                uip_ds6_init
 .text.call_route_callback
                0x00208bbc       0x48 obj_zoul/uip-ds6-route.o
 .text.uip_ds6_route_init
                0x00208c04       0x4c obj_zoul/uip-ds6-route.o
                0x00208c04                uip_ds6_route_init
 .text.uip_ds6_route_nexthop
                0x00208c50       0x20 obj_zoul/uip-ds6-route.o
                0x00208c50                uip_ds6_route_nexthop
 .text.uip_ds6_route_head
                0x00208c70        0xc obj_zoul/uip-ds6-route.o
                0x00208c70                uip_ds6_route_head
 .text.uip_ds6_route_is_nexthop
                0x00208c7c       0x20 obj_zoul/uip-ds6-route.o
                0x00208c7c                uip_ds6_route_is_nexthop
 .text.uip_ds6_route_lookup
                0x00208c9c       0x64 obj_zoul/uip-ds6-route.o
                0x00208c9c                uip_ds6_route_lookup
 .text.uip_ds6_route_rm
                0x00208d00       0x9c obj_zoul/uip-ds6-route.o
                0x00208d00                uip_ds6_route_rm
 .text.rm_routelist
                0x00208d9c       0x30 obj_zoul/uip-ds6-route.o
 .text.uip_ds6_route_add
                0x00208dcc      0x108 obj_zoul/uip-ds6-route.o
                0x00208dcc                uip_ds6_route_add
 .text.uip_ds6_defrt_rm
                0x00208ed4       0x44 obj_zoul/uip-ds6-route.o
                0x00208ed4                uip_ds6_defrt_rm
 .text.uip_ds6_defrt_lookup
                0x00208f18       0x2c obj_zoul/uip-ds6-route.o
                0x00208f18                uip_ds6_defrt_lookup
 .text.uip_ds6_defrt_add
                0x00208f44       0x64 obj_zoul/uip-ds6-route.o
                0x00208f44                uip_ds6_defrt_add
 .text.uip_ds6_defrt_choose
                0x00208fa8       0x30 obj_zoul/uip-ds6-route.o
                0x00208fa8                uip_ds6_defrt_choose
 .text.uip_ds6_defrt_periodic
                0x00208fd8       0x30 obj_zoul/uip-ds6-route.o
                0x00208fd8                uip_ds6_defrt_periodic
 .text.upper_layer_chksum
                0x00209008       0x54 obj_zoul/uip6.o
 .text.ext_hdr_options_process
                0x0020905c       0xac obj_zoul/uip6.o
 .text.uip_add32
                0x00209108       0x54 obj_zoul/uip6.o
                0x00209108                uip_add32
 .text.unlikely.uip_add_rcv_nxt
                0x0020915c       0x2c obj_zoul/uip6.o
 .text.uip_init
                0x00209188       0x5c obj_zoul/uip6.o
                0x00209188                uip_init
 .text.uip_connect
                0x002091e4       0xe0 obj_zoul/uip6.o
                0x002091e4                uip_connect
 .text.remove_ext_hdr
                0x002092c4       0x5c obj_zoul/uip6.o
                0x002092c4                remove_ext_hdr
 .text.uip_udp_new
                0x00209320       0x88 obj_zoul/uip6.o
                0x00209320                uip_udp_new
 .text.uip_unlisten
                0x002093a8       0x20 obj_zoul/uip6.o
                0x002093a8                uip_unlisten
 .text.uip_process
                0x002093c8      0xd50 obj_zoul/uip6.o
                0x002093c8                uip_process
 .text.uip_send
                0x0020a118       0x44 obj_zoul/uip6.o
                0x0020a118                uip_send
 .text.uip_ds6_nbr_rm
                0x0020a15c       0x20 obj_zoul/uip-ds6-nbr.o
                0x0020a15c                uip_ds6_nbr_rm
 .text.uip_ds6_neighbors_init
                0x0020a17c       0x1c obj_zoul/uip-ds6-nbr.o
                0x0020a17c                uip_ds6_neighbors_init
 .text.uip_ds6_nbr_add
                0x0020a198       0x3c obj_zoul/uip-ds6-nbr.o
                0x0020a198                uip_ds6_nbr_add
 .text.uip_ds6_nbr_get_ll
                0x0020a1d4       0x10 obj_zoul/uip-ds6-nbr.o
                0x0020a1d4                uip_ds6_nbr_get_ll
 .text.uip_ds6_nbr_lookup
                0x0020a1e4       0x38 obj_zoul/uip-ds6-nbr.o
                0x0020a1e4                uip_ds6_nbr_lookup
 .text.uip_ds6_nbr_ll_lookup
                0x0020a21c       0x10 obj_zoul/uip-ds6-nbr.o
                0x0020a21c                uip_ds6_nbr_ll_lookup
 .text.uip_ds6_link_neighbor_callback
                0x0020a22c       0x34 obj_zoul/uip-ds6-nbr.o
                0x0020a22c                uip_ds6_link_neighbor_callback
 .text.clear_fragments
                0x0020a260       0x3c obj_zoul/sicslowpan.o
 .text.sicslowpan_init
                0x0020a29c       0x24 obj_zoul/sicslowpan.o
                0x0020a29c                sicslowpan_init
 .text.compress_addr_64
                0x0020a2c0       0x90 obj_zoul/sicslowpan.o
 .text.set_packet_attrs
                0x0020a350       0x44 obj_zoul/sicslowpan.o
 .text.addr_context_lookup_by_prefix
                0x0020a394       0x28 obj_zoul/sicslowpan.o
 .text.send_packet
                0x0020a3bc       0x24 obj_zoul/sicslowpan.o
 .text.packet_sent
                0x0020a3e0       0x28 obj_zoul/sicslowpan.o
 .text.store_fragment
                0x0020a408       0x58 obj_zoul/sicslowpan.o
 .text.uncompress_addr
                0x0020a460       0xa4 obj_zoul/sicslowpan.o
 .text.output   0x0020a504      0x6a0 obj_zoul/sicslowpan.o
 .text.add_fragment
                0x0020aba4      0x124 obj_zoul/sicslowpan.o
 .text.input    0x0020acc8      0x5ac obj_zoul/sicslowpan.o
 .text.newdata  0x0020b274       0x54 obj_zoul/tcp-socket.o
 .text.senddata
                0x0020b2c8       0x28 obj_zoul/tcp-socket.o
 .text.process_thread_tcp_socket_process
                0x0020b2f0      0x1cc obj_zoul/tcp-socket.o
 .text.tcp_socket_register
                0x0020b4bc       0x6c obj_zoul/tcp-socket.o
                0x0020b4bc                tcp_socket_register
 .text.tcp_socket_connect
                0x0020b528       0x4c obj_zoul/tcp-socket.o
                0x0020b528                tcp_socket_connect
 .text.tcp_socket_unlisten
                0x0020b574       0x3c obj_zoul/tcp-socket.o
                0x0020b574                tcp_socket_unlisten
 .text.tcp_socket_unregister
                0x0020b5b0       0x2c obj_zoul/tcp-socket.o
                0x0020b5b0                tcp_socket_unregister
 .text.uip_debug_ipaddr_print
                0x0020b5dc       0xa0 obj_zoul/uip-debug.o
                0x0020b5dc                uip_debug_ipaddr_print
 .text.uip_udp_packet_send
                0x0020b67c       0x34 obj_zoul/uip-udp-packet.o
                0x0020b67c                uip_udp_packet_send
 .text.start_periodic_tcp_timer
                0x0020b6b0       0x1c obj_zoul/tcpip.o
 .text.tcpip_output
                0x0020b6cc       0x10 obj_zoul/tcpip.o
                0x0020b6cc                tcpip_output
 .text.tcpip_set_outputfunc
                0x0020b6dc        0xc obj_zoul/tcpip.o
                0x0020b6dc                tcpip_set_outputfunc
 .text.tcp_unlisten
                0x0020b6e8       0x34 obj_zoul/tcpip.o
                0x0020b6e8                tcp_unlisten
 .text.tcp_attach
                0x0020b71c       0x10 obj_zoul/tcpip.o
                0x0020b71c                tcp_attach
 .text.udp_new  0x0020b72c       0x18 obj_zoul/tcpip.o
                0x0020b72c                udp_new
 .text.tcpip_icmp6_call
                0x0020b744       0x28 obj_zoul/tcpip.o
                0x0020b744                tcpip_icmp6_call
 .text.tcpip_input
                0x0020b76c       0x24 obj_zoul/tcpip.o
                0x0020b76c                tcpip_input
 .text.tcpip_ipv6_output
                0x0020b790       0xe4 obj_zoul/tcpip.o
                0x0020b790                tcpip_ipv6_output
 .text.process_thread_tcpip_process
                0x0020b874      0x1b4 obj_zoul/tcpip.o
 .text.tcpip_poll_tcp
                0x0020ba28       0x10 obj_zoul/tcpip.o
                0x0020ba28                tcpip_poll_tcp
 .text.tcp_connect
                0x0020ba38       0x20 obj_zoul/tcpip.o
                0x0020ba38                tcp_connect
 .text.tcpip_uipcall
                0x0020ba58       0x68 obj_zoul/tcpip.o
                0x0020ba58                tcpip_uipcall
 .text.update_nbr
                0x0020bac0      0x10c obj_zoul/rpl-nbr-policy.o
 .text.handle_periodic_timer
                0x0020bbcc       0x14 obj_zoul/rpl-nbr-policy.o
 .text.find_removable_dis
                0x0020bbe0       0x20 obj_zoul/rpl-nbr-policy.o
                0x0020bbe0                find_removable_dis
 .text.find_removable_dio
                0x0020bc00       0x40 obj_zoul/rpl-nbr-policy.o
                0x0020bc00                find_removable_dio
 .text.find_removable_dao
                0x0020bc40       0x38 obj_zoul/rpl-nbr-policy.o
                0x0020bc40                find_removable_dao
 .text.rpl_nbr_policy_find_removable
                0x0020bc78       0x28 obj_zoul/rpl-nbr-policy.o
                0x0020bc78                rpl_nbr_policy_find_removable
 .text.rpl_set_preferred_parent
                0x0020bca0       0x28 obj_zoul/rpl-dag.o
 .text.set_ip_from_prefix
                0x0020bcc8       0x2c obj_zoul/rpl-dag.o
 .text.find_parent_any_dag_any_instance
                0x0020bcf4       0x1c obj_zoul/rpl-dag.o
 .text.rpl_dag_init
                0x0020bd10       0x14 obj_zoul/rpl-dag.o
                0x0020bd10                rpl_dag_init
 .text.rpl_get_parent
                0x0020bd24       0x10 obj_zoul/rpl-dag.o
                0x0020bd24                rpl_get_parent
 .text.rpl_get_parent_lladdr
                0x0020bd34       0x10 obj_zoul/rpl-dag.o
                0x0020bd34                rpl_get_parent_lladdr
 .text.best_parent
                0x0020bd44       0x74 obj_zoul/rpl-dag.o
 .text.rpl_alloc_instance
                0x0020bdb8       0x34 obj_zoul/rpl-dag.o
                0x0020bdb8                rpl_alloc_instance
 .text.rpl_add_parent
                0x0020bdec       0x30 obj_zoul/rpl-dag.o
                0x0020bdec                rpl_add_parent
 .text.rpl_remove_parent
                0x0020be1c       0x1c obj_zoul/rpl-dag.o
                0x0020be1c                rpl_remove_parent
 .text.remove_parents.constprop.5
                0x0020be38       0x2c obj_zoul/rpl-dag.o
 .text.rpl_get_any_dag
                0x0020be64       0x18 obj_zoul/rpl-dag.o
                0x0020be64                rpl_get_any_dag
 .text.rpl_get_instance
                0x0020be7c       0x20 obj_zoul/rpl-dag.o
                0x0020be7c                rpl_get_instance
 .text.rpl_find_of
                0x0020be9c       0x14 obj_zoul/rpl-dag.o
                0x0020be9c                rpl_find_of
 .text.rpl_set_root
                0x0020beb0      0x114 obj_zoul/rpl-dag.o
                0x0020beb0                rpl_set_root
 .text.rpl_join_instance
                0x0020bfc4      0x140 obj_zoul/rpl-dag.o
                0x0020bfc4                rpl_join_instance
 .text.rpl_local_repair
                0x0020c104       0x70 obj_zoul/rpl-dag.o
                0x0020c104                rpl_local_repair
 .text.rpl_recalculate_ranks
                0x0020c174       0x3c obj_zoul/rpl-dag.o
                0x0020c174                rpl_recalculate_ranks
 .text.new_dio_interval
                0x0020c1b0       0x58 obj_zoul/rpl-timers.o
 .text.handle_periodic_timer
                0x0020c208       0x4c obj_zoul/rpl-timers.o
 .text.set_dao_lifetime_timer
                0x0020c254       0x4c obj_zoul/rpl-timers.o
 .text.handle_dio_timer
                0x0020c2a0       0x80 obj_zoul/rpl-timers.o
 .text.schedule_dao
                0x0020c320       0x54 obj_zoul/rpl-timers.o
 .text.handle_dao_timer
                0x0020c374       0x58 obj_zoul/rpl-timers.o
 .text.rpl_reset_periodic_timer
                0x0020c3cc       0x34 obj_zoul/rpl-timers.o
                0x0020c3cc                rpl_reset_periodic_timer
 .text.rpl_schedule_unicast_dio_immediately
                0x0020c400       0x14 obj_zoul/rpl-timers.o
                0x0020c400                rpl_schedule_unicast_dio_immediately
 .text.get_probing_target
                0x0020c414       0xd4 obj_zoul/rpl-timers.o
                0x0020c414                get_probing_target
 .text.rpl_schedule_probing
                0x0020c4e8       0x20 obj_zoul/rpl-timers.o
                0x0020c4e8                rpl_schedule_probing
 .text.update_hbh_header
                0x0020c508       0xc4 obj_zoul/rpl-ext-header.o
 .text.insert_hbh_header
                0x0020c5cc       0xac obj_zoul/rpl-ext-header.o
 .text.rpl_verify_hbh_header
                0x0020c678      0x100 obj_zoul/rpl-ext-header.o
                0x0020c678                rpl_verify_hbh_header
 .text.rpl_remove_header
                0x0020c778       0x7c obj_zoul/rpl-ext-header.o
                0x0020c778                rpl_remove_header
 .text.rpl_update_header
                0x0020c7f4       0x64 obj_zoul/rpl-ext-header.o
                0x0020c7f4                rpl_update_header
 .text.rpl_get_mode
                0x0020c858        0xc obj_zoul/rpl.o
                0x0020c858                rpl_get_mode
 .text.rpl_purge_routes
                0x0020c864       0x64 obj_zoul/rpl.o
                0x0020c864                rpl_purge_routes
 .text.rpl_link_neighbor_callback
                0x0020c8c8       0x54 obj_zoul/rpl.o
                0x0020c8c8                rpl_link_neighbor_callback
 .text.rpl_ipv6_neighbor_callback
                0x0020c91c       0x28 obj_zoul/rpl.o
                0x0020c91c                rpl_ipv6_neighbor_callback
 .text.rpl_purge_dags
                0x0020c944       0x3c obj_zoul/rpl.o
                0x0020c944                rpl_purge_dags
 .text.rpl_init
                0x0020c980       0x4c obj_zoul/rpl.o
                0x0020c980                rpl_init
 .text.dao_ack_input
                0x0020c9cc       0x14 obj_zoul/rpl-icmp6.o
 .text.dio_input
                0x0020c9e0      0x254 obj_zoul/rpl-icmp6.o
 .text.dao_input
                0x0020cc34      0x270 obj_zoul/rpl-icmp6.o
 .text.dis_output
                0x0020cea4       0x54 obj_zoul/rpl-icmp6.o
                0x0020cea4                dis_output
 .text.dio_output
                0x0020cef8      0x218 obj_zoul/rpl-icmp6.o
                0x0020cef8                dio_output
 .text.dis_input
                0x0020d110       0x50 obj_zoul/rpl-icmp6.o
 .text.dao_output_target
                0x0020d160      0x100 obj_zoul/rpl-icmp6.o
                0x0020d160                dao_output_target
 .text.dao_output
                0x0020d260       0x90 obj_zoul/rpl-icmp6.o
                0x0020d260                dao_output
 .text.rpl_icmp6_register_handlers
                0x0020d2f0       0x30 obj_zoul/rpl-icmp6.o
                0x0020d2f0                rpl_icmp6_register_handlers
 .text._sbrk    0x0020d320       0x2c obj_zoul/syscalls.o
                0x0020d320                _sbrk
 .text.queuebuf_init
                0x0020d34c       0x1c obj_zoul/queuebuf.o
                0x0020d34c                queuebuf_init
 .text.queuebuf_numfree
                0x0020d368        0xc obj_zoul/queuebuf.o
                0x0020d368                queuebuf_numfree
 .text.queuebuf_new_from_packetbuf
                0x0020d374       0x44 obj_zoul/queuebuf.o
                0x0020d374                queuebuf_new_from_packetbuf
 .text.queuebuf_free
                0x0020d3b8       0x2c obj_zoul/queuebuf.o
                0x0020d3b8                queuebuf_free
 .text.queuebuf_to_packetbuf
                0x0020d3e4       0x30 obj_zoul/queuebuf.o
                0x0020d3e4                queuebuf_to_packetbuf
 .text.key_from_index
                0x0020d414       0x18 obj_zoul/nbr-table.o
 .text.index_from_key
                0x0020d42c       0x20 obj_zoul/nbr-table.o
 .text.index_from_lladdr
                0x0020d44c       0x40 obj_zoul/nbr-table.o
 .text.nbr_get_bit.constprop.0
                0x0020d48c       0x30 obj_zoul/nbr-table.o
 .text.remove_key
                0x0020d4bc       0x58 obj_zoul/nbr-table.o
 .text.nbr_table_register
                0x0020d514       0x28 obj_zoul/nbr-table.o
                0x0020d514                nbr_table_register
 .text.nbr_table_head
                0x0020d53c       0x34 obj_zoul/nbr-table.o
                0x0020d53c                nbr_table_head
 .text.nbr_table_add_lladdr
                0x0020d570      0x114 obj_zoul/nbr-table.o
                0x0020d570                nbr_table_add_lladdr
 .text.nbr_table_remove
                0x0020d684       0x2c obj_zoul/nbr-table.o
                0x0020d684                nbr_table_remove
 .text.nbr_table_lock
                0x0020d6b0       0x14 obj_zoul/nbr-table.o
                0x0020d6b0                nbr_table_lock
 .text.nbr_table_unlock
                0x0020d6c4       0x14 obj_zoul/nbr-table.o
                0x0020d6c4                nbr_table_unlock
 .text.packetbuf_hdrreduce
                0x0020d6d8       0x2c obj_zoul/packetbuf.o
                0x0020d6d8                packetbuf_hdrreduce
 .text.packetbuf_set_datalen
                0x0020d704        0xc obj_zoul/packetbuf.o
                0x0020d704                packetbuf_set_datalen
 .text.packetbuf_hdrptr
                0x0020d710        0x8 obj_zoul/packetbuf.o
                0x0020d710                packetbuf_hdrptr
 .text.packetbuf_datalen
                0x0020d718        0xc obj_zoul/packetbuf.o
                0x0020d718                packetbuf_datalen
 .text.packetbuf_hdrlen
                0x0020d724       0x18 obj_zoul/packetbuf.o
                0x0020d724                packetbuf_hdrlen
 .text.packetbuf_dataptr
                0x0020d73c       0x10 obj_zoul/packetbuf.o
                0x0020d73c                packetbuf_dataptr
 .text.packetbuf_copyto
                0x0020d74c       0x40 obj_zoul/packetbuf.o
                0x0020d74c                packetbuf_copyto
 .text.packetbuf_totlen
                0x0020d78c       0x14 obj_zoul/packetbuf.o
                0x0020d78c                packetbuf_totlen
 .text.packetbuf_hdralloc
                0x0020d7a0       0x3c obj_zoul/packetbuf.o
                0x0020d7a0                packetbuf_hdralloc
 .text.packetbuf_attr_clear
                0x0020d7dc       0x34 obj_zoul/packetbuf.o
                0x0020d7dc                packetbuf_attr_clear
 .text.packetbuf_clear
                0x0020d810       0x20 obj_zoul/packetbuf.o
                0x0020d810                packetbuf_clear
 .text.packetbuf_copyfrom
                0x0020d830       0x2c obj_zoul/packetbuf.o
                0x0020d830                packetbuf_copyfrom
 .text.packetbuf_attr_copyto
                0x0020d85c       0x34 obj_zoul/packetbuf.o
                0x0020d85c                packetbuf_attr_copyto
 .text.packetbuf_attr_copyfrom
                0x0020d890       0x34 obj_zoul/packetbuf.o
                0x0020d890                packetbuf_attr_copyfrom
 .text.packetbuf_set_attr
                0x0020d8c4       0x10 obj_zoul/packetbuf.o
                0x0020d8c4                packetbuf_set_attr
 .text.packetbuf_attr
                0x0020d8d4        0xc obj_zoul/packetbuf.o
                0x0020d8d4                packetbuf_attr
 .text.packetbuf_set_addr
                0x0020d8e0       0x18 obj_zoul/packetbuf.o
                0x0020d8e0                packetbuf_set_addr
 .text.packetbuf_addr
                0x0020d8f8       0x10 obj_zoul/packetbuf.o
                0x0020d8f8                packetbuf_addr
 .text.packetbuf_holds_broadcast
                0x0020d908       0x10 obj_zoul/packetbuf.o
                0x0020d908                packetbuf_holds_broadcast
 .text.netstack_init
                0x0020d918       0x38 obj_zoul/netstack.o
                0x0020d918                netstack_init
 .text.periodic
                0x0020d950       0x2c obj_zoul/link-stats.o
 .text.link_stats_from_lladdr
                0x0020d97c        0xc obj_zoul/link-stats.o
                0x0020d97c                link_stats_from_lladdr
 .text.link_stats_packet_sent
                0x0020d988       0x78 obj_zoul/link-stats.o
                0x0020d988                link_stats_packet_sent
 .text.link_stats_input_callback
                0x0020da00       0x4c obj_zoul/link-stats.o
                0x0020da00                link_stats_input_callback
 .text.link_stats_init
                0x0020da4c       0x28 obj_zoul/link-stats.o
                0x0020da4c                link_stats_init
 .text.mac_sequence_is_duplicate
                0x0020da74       0x4c obj_zoul/mac-sequence.o
                0x0020da74                mac_sequence_is_duplicate
 .text.mac_sequence_register_seqno
                0x0020dac0       0x64 obj_zoul/mac-sequence.o
                0x0020dac0                mac_sequence_register_seqno
 .text.input_packet
                0x0020db24        0xc obj_zoul/csma.o
 .text.on       0x0020db30        0xc obj_zoul/csma.o
 .text.off      0x0020db3c        0xc obj_zoul/csma.o
 .text.channel_check_interval
                0x0020db48       0x10 obj_zoul/csma.o
 .text.transmit_packet_list
                0x0020db58       0x30 obj_zoul/csma.o
 .text.schedule_transmission
                0x0020db88       0x4c obj_zoul/csma.o
 .text.send_packet
                0x0020dbd4      0x138 obj_zoul/csma.o
 .text.init     0x0020dd0c       0x24 obj_zoul/csma.o
 .text.tx_done  0x0020dd30       0x84 obj_zoul/csma.o
 .text.frame802154_get_pan_id
                0x0020ddb4        0xc obj_zoul/frame802154.o
                0x0020ddb4                frame802154_get_pan_id
 .text.frame802154_parse
                0x0020ddc0      0x174 obj_zoul/frame802154.o
                0x0020ddc0                frame802154_parse
 .text.create_frame.isra.0
                0x0020df34      0x128 obj_zoul/framer-802154.o
 .text.on       0x0020e05c        0xc obj_zoul/nullrdc.o
 .text.send_one_packet
                0x0020e068      0x118 obj_zoul/nullrdc.o
 .text.off      0x0020e180       0x18 obj_zoul/nullrdc.o
 .text.packet_input
                0x0020e198       0x54 obj_zoul/nullrdc.o
 .text.input    0x0020e1ec        0xc obj_zoul/nullsec.o
 .text.send     0x0020e1f8       0x20 obj_zoul/nullsec.o
 .text.process_thread_main_process
                0x0020e218       0x1c main.co
 .text.process_thread_led_blink
                0x0020e234       0x8c obj_zoul/events_threads.o
 .text.getColor
                0x0020e2c0       0x2c obj_zoul/events_threads.o
                0x0020e2c0                getColor
 .text.event_blink_leds
                0x0020e2ec       0x38 obj_zoul/events_threads.o
                0x0020e2ec                event_blink_leds
 .text.process_thread_button_pressed
                0x0020e324      0x100 obj_zoul/events_threads.o
 .text.set_state
                0x0020e424       0xa0 obj_zoul/states.o
                0x0020e424                set_state
 .text.initialize_states
                0x0020e4c4       0x14 obj_zoul/states.o
                0x0020e4c4                initialize_states
 .text.process_thread_take_readings
                0x0020e4d8       0x20 obj_zoul/slave.o
 .text.process_thread_slave_working
                0x0020e4f8       0xd4 obj_zoul/slave.o
 .text.exec_slave_working
                0x0020e5cc       0x10 obj_zoul/slave.o
                0x0020e5cc                exec_slave_working
 .text.exit_slave_working
                0x0020e5dc       0x24 obj_zoul/slave.o
                0x0020e5dc                exit_slave_working
 .text.exec_slave_config
                0x0020e600       0x10 obj_zoul/slave.o
                0x0020e600                exec_slave_config
 .text.exit_slave_config
                0x0020e610        0xc obj_zoul/slave.o
                0x0020e610                exit_slave_config
 .text.process_thread_master_config
                0x0020e61c       0x4c obj_zoul/master.o
 .text.send_packets
                0x0020e668       0x2c obj_zoul/master.o
                0x0020e668                send_packets
 .text.process_thread_master_working
                0x0020e694       0x58 obj_zoul/master.o
 .text.find_MOTE_localID
                0x0020e6ec       0x38 obj_zoul/master.o
                0x0020e6ec                find_MOTE_localID
 .text.push_packet
                0x0020e724       0x58 obj_zoul/master.o
                0x0020e724                push_packet
 .text.add_MOTE
                0x0020e77c       0x38 obj_zoul/master.o
                0x0020e77c                add_MOTE
 .text.exec_master_working
                0x0020e7b4       0x10 obj_zoul/master.o
                0x0020e7b4                exec_master_working
 .text.exec_master_config
                0x0020e7c4       0x10 obj_zoul/master.o
                0x0020e7c4                exec_master_config
 .text.init     0x0020e7d4       0x24 obj_zoul/slip-bridge.o
 .text.slip_input_callback
                0x0020e7f8       0xe8 obj_zoul/slip-bridge.o
 .text.output   0x0020e8e0       0x4c obj_zoul/slip-bridge.o
 .text.request_prefix
                0x0020e92c       0x2c obj_zoul/BorderRouter.o
                0x0020e92c                request_prefix
 .text.process_thread_border_router_process
                0x0020e958       0x84 obj_zoul/BorderRouter.o
 .text.set_prefix_64
                0x0020e9dc       0x68 obj_zoul/BorderRouter.o
                0x0020e9dc                set_prefix_64
 .text.res_post_handler
                0x0020ea44       0x7c obj_zoul/res_config_CoAP.o
 .text.res_get_handler
                0x0020eac0       0xbc obj_zoul/res_config_CoAP.o
 .text.res_post_handler
                0x0020eb7c       0x88 obj_zoul/res_sensors_CoAP.o
 .text.process_thread_coap_server_process
                0x0020ec04       0x58 obj_zoul/CoAPServer.o
 .text.pub_handler
                0x0020ec5c       0x58 obj_zoul/mqttServer.o
                0x0020ec5c                pub_handler
 .text.mqtt_event
                0x0020ecb4       0xc4 obj_zoul/mqttServer.o
                0x0020ecb4                mqtt_event
 .text.construct_client_id
                0x0020ed78       0x50 obj_zoul/mqttServer.o
                0x0020ed78                construct_client_id
 .text.update_config
                0x0020edc8       0x34 obj_zoul/mqttServer.o
                0x0020edc8                update_config
 .text.init_config
                0x0020edfc       0x38 obj_zoul/mqttServer.o
                0x0020edfc                init_config
 .text.connect_to_broker
                0x0020ee34       0x2c obj_zoul/mqttServer.o
                0x0020ee34                connect_to_broker
 .text.subscribe
                0x0020ee60       0x84 obj_zoul/mqttServer.o
                0x0020ee60                subscribe
 .text.process_thread_MQTTServerProcess
                0x0020eee4      0x1cc obj_zoul/mqttServer.o
 .text          0x0020f0b0       0xa0 /usr/lib/gcc/arm-none-eabi/4.9.3/armv7-m/libgcc.a(_arm_truncdfsf2.o)
                0x0020f0b0                __aeabi_d2f
                0x0020f0b0                __truncdfsf2
 .text          0x0020f150       0x30 /usr/lib/gcc/arm-none-eabi/4.9.3/armv7-m/libgcc.a(_aeabi_uldivmod.o)
                0x0020f150                __aeabi_uldivmod
 .text          0x0020f180       0x60 /usr/lib/gcc/arm-none-eabi/4.9.3/armv7-m/libgcc.a(bpabi.o)
                0x0020f180                __gnu_ldivmod_helper
                0x0020f1b0                __gnu_uldivmod_helper
 .text          0x0020f1e0        0x4 /usr/lib/gcc/arm-none-eabi/4.9.3/armv7-m/libgcc.a(_dvmd_tls.o)
                0x0020f1e0                __aeabi_ldiv0
                0x0020f1e0                __aeabi_idiv0
 .text          0x0020f1e4      0x2ac /usr/lib/gcc/arm-none-eabi/4.9.3/armv7-m/libgcc.a(_divdi3.o)
                0x0020f1e4                __divdi3
 .text          0x0020f490      0x270 /usr/lib/gcc/arm-none-eabi/4.9.3/armv7-m/libgcc.a(_udivdi3.o)
                0x0020f490                __udivdi3
 .text.atof     0x0020f700        0x8 /usr/lib/gcc/arm-none-eabi/4.9.3/../../../arm-none-eabi/lib/armv7-m/libc.a(lib_a-atof.o)
                0x0020f700                atof
 .text.atoi     0x0020f708        0x8 /usr/lib/gcc/arm-none-eabi/4.9.3/../../../arm-none-eabi/lib/armv7-m/libc.a(lib_a-atoi.o)
                0x0020f708                atoi
 .text.malloc   0x0020f710       0x10 /usr/lib/gcc/arm-none-eabi/4.9.3/../../../arm-none-eabi/lib/armv7-m/libc.a(lib_a-malloc.o)
                0x0020f710                malloc
 .text._malloc_r
                0x0020f720      0x50c /usr/lib/gcc/arm-none-eabi/4.9.3/../../../arm-none-eabi/lib/armv7-m/libc.a(lib_a-mallocr.o)
                0x0020f720                _malloc_r
 .text.memchr   0x0020fc2c       0x94 /usr/lib/gcc/arm-none-eabi/4.9.3/../../../arm-none-eabi/lib/armv7-m/libc.a(lib_a-memchr.o)
                0x0020fc2c                memchr
 .text.memcmp   0x0020fcc0       0x64 /usr/lib/gcc/arm-none-eabi/4.9.3/../../../arm-none-eabi/lib/armv7-m/libc.a(lib_a-memcmp.o)
                0x0020fcc0                memcmp
 .text          0x0020fd24       0xec /usr/lib/gcc/arm-none-eabi/4.9.3/../../../arm-none-eabi/lib/armv7-m/libc.a(lib_a-memcpy.o)
                0x0020fd24                memcpy
 .text.memmove  0x0020fe10       0xc8 /usr/lib/gcc/arm-none-eabi/4.9.3/../../../arm-none-eabi/lib/armv7-m/libc.a(lib_a-memmove.o)
                0x0020fe10                memmove
 .text.memset   0x0020fed8       0x9c /usr/lib/gcc/arm-none-eabi/4.9.3/../../../arm-none-eabi/lib/armv7-m/libc.a(lib_a-memset.o)
                0x0020fed8                memset
 .text.__malloc_lock
                0x0020ff74        0x4 /usr/lib/gcc/arm-none-eabi/4.9.3/../../../arm-none-eabi/lib/armv7-m/libc.a(lib_a-mlock.o)
                0x0020ff74                __malloc_lock
 .text.__malloc_unlock
                0x0020ff78        0x4 /usr/lib/gcc/arm-none-eabi/4.9.3/../../../arm-none-eabi/lib/armv7-m/libc.a(lib_a-mlock.o)
                0x0020ff78                __malloc_unlock
 .text._sbrk_r  0x0020ff7c       0x24 /usr/lib/gcc/arm-none-eabi/4.9.3/../../../arm-none-eabi/lib/armv7-m/libc.a(lib_a-sbrkr.o)
                0x0020ff7c                _sbrk_r
 .text.strchr   0x0020ffa0       0xcc /usr/lib/gcc/arm-none-eabi/4.9.3/../../../arm-none-eabi/lib/armv7-m/libc.a(lib_a-strchr.o)
                0x0020ffa0                strchr
 .text          0x0021006c      0x1bc /usr/lib/gcc/arm-none-eabi/4.9.3/../../../arm-none-eabi/lib/armv7-m/libc.a(lib_a-strcmp.o)
                0x0021006c                strcmp
 .text.strlen   0x00210228       0x5c /usr/lib/gcc/arm-none-eabi/4.9.3/../../../arm-none-eabi/lib/armv7-m/libc.a(lib_a-strlen.o)
                0x00210228                strlen
 .text.strncmp  0x00210284       0x94 /usr/lib/gcc/arm-none-eabi/4.9.3/../../../arm-none-eabi/lib/armv7-m/libc.a(lib_a-strncmp.o)
                0x00210284                strncmp
 .text.strncpy  0x00210318       0x68 /usr/lib/gcc/arm-none-eabi/4.9.3/../../../arm-none-eabi/lib/armv7-m/libc.a(lib_a-strncpy.o)
                0x00210318                strncpy
 .text.sulp     0x00210380       0x44 /usr/lib/gcc/arm-none-eabi/4.9.3/../../../arm-none-eabi/lib/armv7-m/libc.a(lib_a-strtod.o)
 .text.strtod   0x002103c4       0x10 /usr/lib/gcc/arm-none-eabi/4.9.3/../../../arm-none-eabi/lib/armv7-m/libc.a(lib_a-strtod.o)
                0x002103c4                strtod
 .text._strtol_r
                0x002103d4      0x11c /usr/lib/gcc/arm-none-eabi/4.9.3/../../../arm-none-eabi/lib/armv7-m/libc.a(lib_a-strtol.o)
                0x002103d4                _strtol_r
 .text.strtol   0x002104f0       0x18 /usr/lib/gcc/arm-none-eabi/4.9.3/../../../arm-none-eabi/lib/armv7-m/libc.a(lib_a-strtol.o)
                0x002104f0                strtol
 .text._malloc_trim_r
                0x00210508       0x9c /usr/lib/gcc/arm-none-eabi/4.9.3/../../../arm-none-eabi/lib/armv7-m/libc.a(lib_a-freer.o)
                0x00210508                _malloc_trim_r
 .text._free_r  0x002105a4      0x1b0 /usr/lib/gcc/arm-none-eabi/4.9.3/../../../arm-none-eabi/lib/armv7-m/libc.a(lib_a-freer.o)
                0x002105a4                _free_r
 .text.rshift   0x00210754       0xa0 /usr/lib/gcc/arm-none-eabi/4.9.3/../../../arm-none-eabi/lib/armv7-m/libc.a(lib_a-gdtoa-gethex.o)
 .text.__gethex
                0x002107f4      0x514 /usr/lib/gcc/arm-none-eabi/4.9.3/../../../arm-none-eabi/lib/armv7-m/libc.a(lib_a-gdtoa-gethex.o)
                0x002107f4                __gethex
 .text.__hexnan
                0x00210d08      0x184 /usr/lib/gcc/arm-none-eabi/4.9.3/../../../arm-none-eabi/lib/armv7-m/libc.a(lib_a-gdtoa-hexnan.o)
                0x00210d08                __hexnan
 .text._localeconv_r
                0x00210e8c        0x8 /usr/lib/gcc/arm-none-eabi/4.9.3/../../../arm-none-eabi/lib/armv7-m/libc.a(lib_a-locale.o)
                0x00210e8c                _localeconv_r
 .text._Balloc  0x00210e94       0x50 /usr/lib/gcc/arm-none-eabi/4.9.3/../../../arm-none-eabi/lib/armv7-m/libc.a(lib_a-mprec.o)
                0x00210e94                _Balloc
 .text._Bfree   0x00210ee4       0x14 /usr/lib/gcc/arm-none-eabi/4.9.3/../../../arm-none-eabi/lib/armv7-m/libc.a(lib_a-mprec.o)
                0x00210ee4                _Bfree
 .text.__multadd
                0x00210ef8       0x84 /usr/lib/gcc/arm-none-eabi/4.9.3/../../../arm-none-eabi/lib/armv7-m/libc.a(lib_a-mprec.o)
                0x00210ef8                __multadd
 .text.__s2b    0x00210f7c       0x98 /usr/lib/gcc/arm-none-eabi/4.9.3/../../../arm-none-eabi/lib/armv7-m/libc.a(lib_a-mprec.o)
                0x00210f7c                __s2b
 .text.__hi0bits
                0x00211014       0x40 /usr/lib/gcc/arm-none-eabi/4.9.3/../../../arm-none-eabi/lib/armv7-m/libc.a(lib_a-mprec.o)
                0x00211014                __hi0bits
 .text.__lo0bits
                0x00211054       0x5c /usr/lib/gcc/arm-none-eabi/4.9.3/../../../arm-none-eabi/lib/armv7-m/libc.a(lib_a-mprec.o)
                0x00211054                __lo0bits
 .text.__i2b    0x002110b0       0x14 /usr/lib/gcc/arm-none-eabi/4.9.3/../../../arm-none-eabi/lib/armv7-m/libc.a(lib_a-mprec.o)
                0x002110b0                __i2b
 .text.__multiply
                0x002110c4      0x140 /usr/lib/gcc/arm-none-eabi/4.9.3/../../../arm-none-eabi/lib/armv7-m/libc.a(lib_a-mprec.o)
                0x002110c4                __multiply
 .text.__pow5mult
                0x00211204       0xa0 /usr/lib/gcc/arm-none-eabi/4.9.3/../../../arm-none-eabi/lib/armv7-m/libc.a(lib_a-mprec.o)
                0x00211204                __pow5mult
 .text.__lshift
                0x002112a4       0xb0 /usr/lib/gcc/arm-none-eabi/4.9.3/../../../arm-none-eabi/lib/armv7-m/libc.a(lib_a-mprec.o)
                0x002112a4                __lshift
 .text.__mcmp   0x00211354       0x48 /usr/lib/gcc/arm-none-eabi/4.9.3/../../../arm-none-eabi/lib/armv7-m/libc.a(lib_a-mprec.o)
                0x00211354                __mcmp
 .text.__mdiff  0x0021139c       0xe4 /usr/lib/gcc/arm-none-eabi/4.9.3/../../../arm-none-eabi/lib/armv7-m/libc.a(lib_a-mprec.o)
                0x0021139c                __mdiff
 .text.__ulp    0x00211480       0x44 /usr/lib/gcc/arm-none-eabi/4.9.3/../../../arm-none-eabi/lib/armv7-m/libc.a(lib_a-mprec.o)
                0x00211480                __ulp
 .text.__b2d    0x002114c4       0xd0 /usr/lib/gcc/arm-none-eabi/4.9.3/../../../arm-none-eabi/lib/armv7-m/libc.a(lib_a-mprec.o)
                0x002114c4                __b2d
 .text.__d2b    0x00211594       0xa8 /usr/lib/gcc/arm-none-eabi/4.9.3/../../../arm-none-eabi/lib/armv7-m/libc.a(lib_a-mprec.o)
                0x00211594                __d2b
 .text.__ratio  0x0021163c       0x58 /usr/lib/gcc/arm-none-eabi/4.9.3/../../../arm-none-eabi/lib/armv7-m/libc.a(lib_a-mprec.o)
                0x0021163c                __ratio
 .text.__copybits
                0x00211694       0x48 /usr/lib/gcc/arm-none-eabi/4.9.3/../../../arm-none-eabi/lib/armv7-m/libc.a(lib_a-mprec.o)
                0x00211694                __copybits
 .text.__any_on
                0x002116dc       0x5c /usr/lib/gcc/arm-none-eabi/4.9.3/../../../arm-none-eabi/lib/armv7-m/libc.a(lib_a-mprec.o)
                0x002116dc                __any_on
 .text._calloc_r
                0x00211738       0x60 /usr/lib/gcc/arm-none-eabi/4.9.3/../../../arm-none-eabi/lib/armv7-m/libc.a(lib_a-callocr.o)
                0x00211738                _calloc_r
 .text          0x00211798      0x370 /usr/lib/gcc/arm-none-eabi/4.9.3/armv7-m/libgcc.a(_arm_addsubdf3.o)
                0x00211798                __aeabi_drsub
                0x002117a0                __aeabi_dsub
                0x002117a0                __subdf3
                0x002117a4                __adddf3
                0x002117a4                __aeabi_dadd
                0x00211a1c                __aeabi_ui2d
                0x00211a1c                __floatunsidf
                0x00211a3c                __floatsidf
                0x00211a3c                __aeabi_i2d
                0x00211a60                __extendsfdf2
                0x00211a60                __aeabi_f2d
                0x00211a9c                __aeabi_ul2d
                0x00211a9c                __floatundidf
                0x00211aac                __floatdidf
                0x00211aac                __aeabi_l2d
 .text          0x00211b08      0x424 /usr/lib/gcc/arm-none-eabi/4.9.3/armv7-m/libgcc.a(_arm_muldivdf3.o)
                0x00211b08                __aeabi_dmul
                0x00211b08                __muldf3
                0x00211d5c                __aeabi_ddiv
                0x00211d5c                __divdf3
 .text          0x00211f2c      0x110 /usr/lib/gcc/arm-none-eabi/4.9.3/armv7-m/libgcc.a(_arm_cmpdf2.o)
                0x00211f2c                __gtdf2
                0x00211f2c                __gedf2
                0x00211f34                __ltdf2
                0x00211f34                __ledf2
                0x00211f3c                __cmpdf2
                0x00211f3c                __eqdf2
                0x00211f3c                __nedf2
                0x00211fb8                __aeabi_cdrcmple
                0x00211fc8                __aeabi_cdcmple
                0x00211fc8                __aeabi_cdcmpeq
                0x00211fd8                __aeabi_dcmpeq
                0x00211fec                __aeabi_dcmplt
                0x00212000                __aeabi_dcmple
                0x00212014                __aeabi_dcmpge
                0x00212028                __aeabi_dcmpgt
 .text          0x0021203c       0x50 /usr/lib/gcc/arm-none-eabi/4.9.3/armv7-m/libgcc.a(_arm_fixdfsi.o)
                0x0021203c                __fixdfsi
                0x0021203c                __aeabi_d2iz
 .text          0x0021208c       0x40 /usr/lib/gcc/arm-none-eabi/4.9.3/armv7-m/libgcc.a(_arm_fixunsdfsi.o)
                0x0021208c                __fixunsdfsi
                0x0021208c                __aeabi_d2uiz
 .text.default_handler
                0x002120cc        0x2 obj_zoul/startup-gcc.o
                0x002120cc                default_handler
 .text.nmi_handler
                0x002120ce        0x6 obj_zoul/startup-gcc.o
                0x002120ce                nmi_handler
 .text.coap_parse_int_option
                0x002120d4       0x16 obj_zoul/er-coap.o
 .text.coap_merge_multi_option
                0x002120ea       0x32 obj_zoul/er-coap.o
 .text.coap_get_variable
                0x0021211c       0x6a obj_zoul/er-coap.o
 .text.coap_set_option_header
                0x00212186       0x76 obj_zoul/er-coap.o
 .text.coap_serialize_int_option
                0x002121fc       0x60 obj_zoul/er-coap.o
 .text.coap_serialize_array_option.part.0
                0x0021225c       0x20 obj_zoul/er-coap.o
 .text.coap_serialize_array_option
                0x0021227c       0x76 obj_zoul/er-coap.o
 .text.coap_init_message
                0x002122f2       0x1a obj_zoul/er-coap.o
                0x002122f2                coap_init_message
 .text.coap_get_query_variable
                0x0021230c       0x26 obj_zoul/er-coap.o
                0x0021230c                coap_get_query_variable
 .text.coap_get_post_variable
                0x00212332       0x1e obj_zoul/er-coap.o
                0x00212332                coap_get_post_variable
 .text.coap_set_status_code
                0x00212350        0xc obj_zoul/er-coap.o
                0x00212350                coap_set_status_code
 .text.coap_set_token
                0x0021235c       0x16 obj_zoul/er-coap.o
                0x0021235c                coap_set_token
 .text.coap_get_header_content_format
                0x00212372       0x18 obj_zoul/er-coap.o
                0x00212372                coap_get_header_content_format
 .text.coap_set_header_content_format
                0x0021238a        0xe obj_zoul/er-coap.o
                0x0021238a                coap_set_header_content_format
 .text.coap_get_header_accept
                0x00212398       0x1a obj_zoul/er-coap.o
                0x00212398                coap_get_header_accept
 .text.coap_get_header_max_age
                0x002123b2       0x10 obj_zoul/er-coap.o
                0x002123b2                coap_get_header_max_age
 .text.coap_set_header_max_age
                0x002123c2        0xe obj_zoul/er-coap.o
                0x002123c2                coap_set_header_max_age
 .text.coap_set_header_etag
                0x002123d0       0x22 obj_zoul/er-coap.o
                0x002123d0                coap_set_header_etag
 .text.coap_get_header_if_match
                0x002123f2       0x1c obj_zoul/er-coap.o
                0x002123f2                coap_get_header_if_match
 .text.coap_get_header_if_none_match
                0x0021240e        0x8 obj_zoul/er-coap.o
                0x0021240e                coap_get_header_if_none_match
 .text.coap_get_header_uri_host
                0x00212416       0x18 obj_zoul/er-coap.o
                0x00212416                coap_get_header_uri_host
 .text.coap_get_header_uri_path
                0x0021242e       0x18 obj_zoul/er-coap.o
                0x0021242e                coap_get_header_uri_path
 .text.coap_set_header_uri_path
                0x00212446       0x20 obj_zoul/er-coap.o
                0x00212446                coap_set_header_uri_path
 .text.coap_get_header_uri_query
                0x00212466       0x16 obj_zoul/er-coap.o
                0x00212466                coap_get_header_uri_query
 .text.coap_set_header_location_query
                0x0021247c       0x20 obj_zoul/er-coap.o
                0x0021247c                coap_set_header_location_query
 .text.coap_set_header_location_path
                0x0021249c       0x40 obj_zoul/er-coap.o
                0x0021249c                coap_set_header_location_path
 .text.coap_set_header_observe
                0x002124dc        0xe obj_zoul/er-coap.o
                0x002124dc                coap_set_header_observe
 .text.coap_get_header_block2
                0x002124ea       0x32 obj_zoul/er-coap.o
                0x002124ea                coap_get_header_block2
 .text.coap_set_header_block2
                0x0021251c       0x32 obj_zoul/er-coap.o
                0x0021251c                coap_set_header_block2
 .text.coap_get_header_size2
                0x0021254e       0x1a obj_zoul/er-coap.o
                0x0021254e                coap_get_header_size2
 .text.coap_set_header_size2
                0x00212568       0x10 obj_zoul/er-coap.o
                0x00212568                coap_set_header_size2
 .text.coap_get_payload
                0x00212578       0x12 obj_zoul/er-coap.o
                0x00212578                coap_get_payload
 .text.coap_set_payload
                0x0021258a       0x12 obj_zoul/er-coap.o
                0x0021258a                coap_set_payload
 .text.coap_get_rest_method
                0x0021259c        0xc obj_zoul/er-coap-engine.o
                0x0021259c                coap_get_rest_method
 .text.coap_notify_observers
                0x002125a8        0x6 obj_zoul/er-coap-observe.o
                0x002125a8                coap_notify_observers
 .text.encode_remaining_length
                0x002125ae       0x26 obj_zoul/mqtt.o
 .text.reset_packet
                0x002125d4       0x14 obj_zoul/mqtt.o
 .text.handle_publish
                0x002125e8       0x30 obj_zoul/mqtt.o
 .text.abort_connection
                0x00212618       0x3e obj_zoul/mqtt.o
 .text.send_out_buffer
                0x00212656       0x22 obj_zoul/mqtt.o
 .text.write_byte
                0x00212678       0x20 obj_zoul/mqtt.o
 .text.write_bytes
                0x00212698       0x4e obj_zoul/mqtt.o
 .text.string_to_mqtt_string
                0x002126e6       0x18 obj_zoul/mqtt.o
 .text.fade     0x002126fe       0x54 obj_zoul/contiki-main.o
 .text.board_init
                0x00212752        0x4 obj_zoul/board.o
                0x00212752                board_init
 .text.clock_isr
                0x00212756        0x4 obj_zoul/clock.o
                0x00212756                clock_isr
 .text.rtimer_arch_init
                0x0021275a        0x2 obj_zoul/rtimer-arch.o
                0x0021275a                rtimer_arch_init
 .text.uart0_isr
                0x0021275c        0x6 obj_zoul/uart.o
                0x0021275c                uart0_isr
 .text.uart1_isr
                0x00212762        0x6 obj_zoul/uart.o
                0x00212762                uart1_isr
 .text.cpu_cpsie
                0x00212768        0x8 obj_zoul/cpu.o
                0x00212768                cpu_cpsie
 .text.cpu_cpsid
                0x00212770        0x8 obj_zoul/cpu.o
                0x00212770                cpu_cpsid
 .text.gpio_port_a_isr
                0x00212778        0x6 obj_zoul/gpio.o
                0x00212778                gpio_port_a_isr
 .text.gpio_port_b_isr
                0x0021277e        0x6 obj_zoul/gpio.o
                0x0021277e                gpio_port_b_isr
 .text.gpio_port_c_isr
                0x00212784        0x6 obj_zoul/gpio.o
                0x00212784                gpio_port_c_isr
 .text.gpio_port_d_isr
                0x0021278a        0x6 obj_zoul/gpio.o
                0x0021278a                gpio_port_d_isr
 .text.send     0x00212790       0x12 obj_zoul/cc2538-rf.o
 .text.dbg_send_bytes
                0x002127a2       0x20 obj_zoul/dbg.o
                0x002127a2                dbg_send_bytes
 .text.puts     0x002127c2       0x20 obj_zoul/dbg.o
                0x002127c2                puts
 .text.slip_arch_writeb
                0x002127e2        0x8 obj_zoul/slip-arch.o
                0x002127e2                slip_arch_writeb
 .text.configure
                0x002127ea        0x4 obj_zoul/cc2538-temp-sensor.o
 .text.status   0x002127ee        0x4 obj_zoul/cc2538-temp-sensor.o
 .text.value    0x002127f2       0x34 obj_zoul/cc2538-temp-sensor.o
 .text.configure
                0x00212826        0x4 obj_zoul/vdd3-sensor.o
 .text.status   0x0021282a        0x4 obj_zoul/vdd3-sensor.o
 .text.value    0x0021282e       0x2a obj_zoul/vdd3-sensor.o
 .text.write_str
                0x00212858       0x10 obj_zoul/dbg-printf.o
 .text.buffer_str
                0x00212868       0x28 obj_zoul/dbg-snprintf.o
 .text.snprintf
                0x00212890       0x1a obj_zoul/dbg-snprintf.o
                0x00212890                snprintf
 .text.buffer_str
                0x002128aa       0x16 obj_zoul/dbg-sprintf.o
 .text.autostart_start
                0x002128c0       0x14 obj_zoul/autostart.o
                0x002128c0                autostart_start
 .text.energest_init
                0x002128d4        0x2 obj_zoul/energest.o
                0x002128d4                energest_init
 .text.stimer_set
                0x002128d6        0xe obj_zoul/stimer.o
                0x002128d6                stimer_set
 .text.etimer_set
                0x002128e4       0x12 obj_zoul/etimer.o
                0x002128e4                etimer_set
 .text.etimer_reset
                0x002128f6       0x12 obj_zoul/etimer.o
                0x002128f6                etimer_reset
 .text.etimer_restart
                0x00212908       0x12 obj_zoul/etimer.o
                0x00212908                etimer_restart
 .text.etimer_expired
                0x0021291a        0xa obj_zoul/etimer.o
                0x0021291a                etimer_expired
 .text.etimer_expiration_time
                0x00212924        0x6 obj_zoul/etimer.o
                0x00212924                etimer_expiration_time
 .text.call_process
                0x0021292a        0xc obj_zoul/process.o
 .text.process_is_running
                0x00212936        0xa obj_zoul/process.o
                0x00212936                process_is_running
 .text.rtimer_init
                0x00212940        0x4 obj_zoul/rtimer.o
                0x00212940                rtimer_init
 .text.timer_set
                0x00212944        0xe obj_zoul/timer.o
                0x00212944                timer_set
 .text.timer_reset
                0x00212952        0xa obj_zoul/timer.o
                0x00212952                timer_reset
 .text.timer_restart
                0x0021295c        0xc obj_zoul/timer.o
                0x0021295c                timer_restart
 .text.timer_expired
                0x00212968       0x1c obj_zoul/timer.o
                0x00212968                timer_expired
 .text.ringbuf_init
                0x00212984        0xe obj_zoul/ringbuf.o
                0x00212984                ringbuf_init
 .text.ringbuf_put
                0x00212992       0x28 obj_zoul/ringbuf.o
                0x00212992                ringbuf_put
 .text.ringbuf_get
                0x002129ba       0x20 obj_zoul/ringbuf.o
                0x002129ba                ringbuf_get
 .text.list_init
                0x002129da        0x6 obj_zoul/list.o
                0x002129da                list_init
 .text.list_head
                0x002129e0        0x4 obj_zoul/list.o
                0x002129e0                list_head
 .text.list_tail
                0x002129e4       0x10 obj_zoul/list.o
                0x002129e4                list_tail
 .text.list_remove
                0x002129f4       0x28 obj_zoul/list.o
                0x002129f4                list_remove
 .text.list_add
                0x00212a1c       0x1e obj_zoul/list.o
                0x00212a1c                list_add
 .text.list_push
                0x00212a3a       0x12 obj_zoul/list.o
                0x00212a3a                list_push
 .text.list_length
                0x00212a4c        0xe obj_zoul/list.o
                0x00212a4c                list_length
 .text.list_item_next
                0x00212a5a        0x6 obj_zoul/list.o
                0x00212a5a                list_item_next
 .text.memb_init
                0x00212a60       0x20 obj_zoul/memb.o
                0x00212a60                memb_init
 .text.memb_alloc
                0x00212a80       0x28 obj_zoul/memb.o
                0x00212a80                memb_alloc
 .text.memb_free
                0x00212aa8       0x2c obj_zoul/memb.o
                0x00212aa8                memb_free
 .text.memb_inmemb
                0x00212ad4       0x1c obj_zoul/memb.o
                0x00212ad4                memb_inmemb
 .text.memb_numfree
                0x00212af0       0x1c obj_zoul/memb.o
                0x00212af0                memb_numfree
 .text.uip_ds6_list_loop
                0x00212b0c       0x48 obj_zoul/uip-ds6.o
                0x00212b0c                uip_ds6_list_loop
 .text.uip_ds6_maddr_rm
                0x00212b54        0x8 obj_zoul/uip-ds6.o
                0x00212b54                uip_ds6_maddr_rm
 .text.uip_ds6_set_addr_iid
                0x00212b5c       0x12 obj_zoul/uip-ds6.o
                0x00212b5c                uip_ds6_set_addr_iid
 .text.get_match_length
                0x00212b6e       0x3a obj_zoul/uip-ds6.o
                0x00212b6e                get_match_length
 .text.uip_ds6_route_next
                0x00212ba8        0x8 obj_zoul/uip-ds6-route.o
                0x00212ba8                uip_ds6_route_next
 .text.rm_routelist_callback
                0x00212bb0        0x4 obj_zoul/uip-ds6-route.o
 .text.chksum   0x00212bb4       0x38 obj_zoul/uip6.o
 .text.uip_icmp6chksum
                0x00212bec        0x6 obj_zoul/uip6.o
                0x00212bec                uip_icmp6chksum
 .text.uip_tcpchksum
                0x00212bf2        0x6 obj_zoul/uip6.o
                0x00212bf2                uip_tcpchksum
 .text.uip_udpchksum
                0x00212bf8        0x6 obj_zoul/uip6.o
                0x00212bf8                uip_udpchksum
 .text.uip_htons
                0x00212bfe        0x6 obj_zoul/uip6.o
                0x00212bfe                uip_htons
 .text.uip_htonl
                0x00212c04       0x14 obj_zoul/uip6.o
                0x00212c04                uip_htonl
 .text.uip_ds6_nbr_ipaddr_from_lladdr
                0x00212c18        0x4 obj_zoul/uip-ds6-nbr.o
                0x00212c18                uip_ds6_nbr_ipaddr_from_lladdr
 .text.uip_ds6_nbr_lladdr_from_ipaddr
                0x00212c1c       0x12 obj_zoul/uip-ds6-nbr.o
                0x00212c1c                uip_ds6_nbr_lladdr_from_ipaddr
 .text.uip_nd6_init
                0x00212c2e        0x2 obj_zoul/uip-nd6.o
                0x00212c2e                uip_nd6_init
 .text.call_event
                0x00212c30        0xe obj_zoul/tcp-socket.o
 .text.relisten
                0x00212c3e       0x14 obj_zoul/tcp-socket.o
 .text.tcp_socket_send
                0x00212c52       0x36 obj_zoul/tcp-socket.o
                0x00212c52                tcp_socket_send
 .text.tcp_socket_close
                0x00212c88       0x18 obj_zoul/tcp-socket.o
                0x00212c88                tcp_socket_close
 .text.uiplib_ip6addrconv
                0x00212ca0       0xb4 obj_zoul/uiplib.o
                0x00212ca0                uiplib_ip6addrconv
 .text.lollipop_greater_than
                0x00212d54       0x34 obj_zoul/rpl-dag.o
 .text.check_prefix
                0x00212d88       0x58 obj_zoul/rpl-dag.o
 .text.rpl_rank_via_parent
                0x00212de0       0x1a obj_zoul/rpl-dag.o
                0x00212de0                rpl_rank_via_parent
 .text.rpl_get_parent_ipaddr
                0x00212dfa        0xe obj_zoul/rpl-dag.o
                0x00212dfa                rpl_get_parent_ipaddr
 .text.rpl_get_parent_link_stats
                0x00212e08        0xe obj_zoul/rpl-dag.o
                0x00212e08                rpl_get_parent_link_stats
 .text.rpl_parent_is_fresh
                0x00212e16        0xe obj_zoul/rpl-dag.o
                0x00212e16                rpl_parent_is_fresh
 .text.rpl_parent_is_reachable
                0x00212e24       0x36 obj_zoul/rpl-dag.o
                0x00212e24                rpl_parent_is_reachable
 .text.rpl_set_prefix
                0x00212e5a       0x6c obj_zoul/rpl-dag.o
                0x00212e5a                rpl_set_prefix
 .text.rpl_set_default_route
                0x00212ec6       0x30 obj_zoul/rpl-dag.o
                0x00212ec6                rpl_set_default_route
 .text.rpl_find_parent
                0x00212ef6       0x16 obj_zoul/rpl-dag.o
                0x00212ef6                rpl_find_parent
 .text.rpl_find_parent_any_dag
                0x00212f0c       0x1e obj_zoul/rpl-dag.o
                0x00212f0c                rpl_find_parent_any_dag
 .text.rpl_select_parent
                0x00212f2a       0x4a obj_zoul/rpl-dag.o
                0x00212f2a                rpl_select_parent
 .text.rpl_select_dag
                0x00212f74      0x15c obj_zoul/rpl-dag.o
                0x00212f74                rpl_select_dag
 .text.rpl_nullify_parent
                0x002130d0       0x54 obj_zoul/rpl-dag.o
                0x002130d0                rpl_nullify_parent
 .text.nbr_callback
                0x00213124        0x4 obj_zoul/rpl-dag.o
 .text.rpl_free_dag
                0x00213128       0x3a obj_zoul/rpl-dag.o
                0x00213128                rpl_free_dag
 .text.rpl_move_parent
                0x00213162       0x54 obj_zoul/rpl-dag.o
                0x00213162                rpl_move_parent
 .text.rpl_repair_root
                0x002131b6       0x48 obj_zoul/rpl-dag.o
                0x002131b6                rpl_repair_root
 .text.rpl_alloc_dag
                0x002131fe       0x48 obj_zoul/rpl-dag.o
                0x002131fe                rpl_alloc_dag
 .text.rpl_process_parent_event
                0x00213246       0x96 obj_zoul/rpl-dag.o
                0x00213246                rpl_process_parent_event
 .text.rpl_add_dag
                0x002132dc      0x112 obj_zoul/rpl-dag.o
                0x002132dc                rpl_add_dag
 .text.rpl_process_dio
                0x002133ee      0x2e6 obj_zoul/rpl-dag.o
                0x002133ee                rpl_process_dio
 .text.handle_unicast_dio_timer
                0x002136d4       0x1c obj_zoul/rpl-timers.o
 .text.rpl_reset_dio_timer
                0x002136f0       0x1c obj_zoul/rpl-timers.o
                0x002136f0                rpl_reset_dio_timer
 .text.rpl_schedule_dao
                0x0021370c        0x8 obj_zoul/rpl-timers.o
                0x0021370c                rpl_schedule_dao
 .text.get_probing_delay
                0x00213714       0x3a obj_zoul/rpl-timers.o
                0x00213714                get_probing_delay
 .text.handle_probing_timer
                0x0021374e       0x32 obj_zoul/rpl-timers.o
 .text.rpl_remove_routes
                0x00213780       0x1e obj_zoul/rpl.o
                0x00213780                rpl_remove_routes
 .text.rpl_remove_routes_by_nexthop
                0x0021379e       0x30 obj_zoul/rpl.o
                0x0021379e                rpl_remove_routes_by_nexthop
 .text.rpl_add_route
                0x002137ce       0x2e obj_zoul/rpl.o
                0x002137ce                rpl_add_route
 .text.reset    0x002137fc        0x2 obj_zoul/rpl-mrhof.o
 .text.update_metric_container
                0x002137fe        0x6 obj_zoul/rpl-mrhof.o
 .text.parent_link_metric
                0x00213804       0x12 obj_zoul/rpl-mrhof.o
 .text.parent_has_usable_link
                0x00213816       0x12 obj_zoul/rpl-mrhof.o
 .text.best_dag
                0x00213828       0x2c obj_zoul/rpl-mrhof.o
 .text.parent_path_cost
                0x00213854       0x34 obj_zoul/rpl-mrhof.o
 .text.parent_is_acceptable
                0x00213888       0x26 obj_zoul/rpl-mrhof.o
 .text.rank_via_parent
                0x002138ae       0x34 obj_zoul/rpl-mrhof.o
 .text.best_parent
                0x002138e2       0x68 obj_zoul/rpl-mrhof.o
 .text.get32    0x0021394a       0x18 obj_zoul/rpl-icmp6.o
 .text.set32    0x00213962       0x12 obj_zoul/rpl-icmp6.o
 .text.get16    0x00213974        0xc obj_zoul/rpl-icmp6.o
 .text.set16    0x00213980        0xa obj_zoul/rpl-icmp6.o
 .text.rpl_icmp6_update_nbr_table
                0x0021398a       0x2e obj_zoul/rpl-icmp6.o
                0x0021398a                rpl_icmp6_update_nbr_table
 .text.queuebuf_update_attr_from_packetbuf
                0x002139b8        0xc obj_zoul/queuebuf.o
                0x002139b8                queuebuf_update_attr_from_packetbuf
 .text.queuebuf_attr
                0x002139c4        0xc obj_zoul/queuebuf.o
                0x002139c4                queuebuf_attr
 .text.item_from_key
                0x002139d0       0x22 obj_zoul/nbr-table.o
 .text.nbr_set_bit
                0x002139f2       0x38 obj_zoul/nbr-table.o
 .text.nbr_table_next
                0x00213a2a       0x3e obj_zoul/nbr-table.o
                0x00213a2a                nbr_table_next
 .text.nbr_table_get_from_lladdr
                0x00213a68       0x32 obj_zoul/nbr-table.o
                0x00213a68                nbr_table_get_from_lladdr
 .text.nbr_table_get_lladdr
                0x00213a9a       0x20 obj_zoul/nbr-table.o
                0x00213a9a                nbr_table_get_lladdr
 .text.linkaddr_copy
                0x00213aba        0xa obj_zoul/linkaddr.o
                0x00213aba                linkaddr_copy
 .text.linkaddr_cmp
                0x00213ac4       0x10 obj_zoul/linkaddr.o
                0x00213ac4                linkaddr_cmp
 .text.link_stats_is_fresh
                0x00213ad4       0x24 obj_zoul/link-stats.o
                0x00213ad4                link_stats_is_fresh
 .text.packet_sent
                0x00213af8       0xca obj_zoul/csma.o
 .text.frame802154_has_panid
                0x00213bc2       0x62 obj_zoul/frame802154.o
                0x00213bc2                frame802154_has_panid
 .text.field_len
                0x00213c24       0x84 obj_zoul/frame802154.o
 .text.frame802154_is_broadcast_addr
                0x00213ca8       0x1e obj_zoul/frame802154.o
                0x00213ca8                frame802154_is_broadcast_addr
 .text.frame802154_hdrlen
                0x00213cc6       0x32 obj_zoul/frame802154.o
                0x00213cc6                frame802154_hdrlen
 .text.frame802154_create
                0x00213cf8       0xe6 obj_zoul/frame802154.o
                0x00213cf8                frame802154_create
 .text.mac_call_sent_callback
                0x00213dde       0x16 obj_zoul/mac.o
                0x00213dde                mac_call_sent_callback
 .text.parse    0x00213df4       0x94 obj_zoul/framer-802154.o
 .text.create   0x00213e88        0x6 obj_zoul/framer-802154.o
 .text.hdr_length
                0x00213e8e        0x6 obj_zoul/framer-802154.o
 .text.channel_check_interval
                0x00213e94        0x4 obj_zoul/nullrdc.o
 .text.init     0x00213e98        0x4 obj_zoul/nullrdc.o
 .text.send_list
                0x00213e9c       0x20 obj_zoul/nullrdc.o
 .text.send_packet
                0x00213ebc        0x4 obj_zoul/nullrdc.o
 .text.init     0x00213ec0        0x2 obj_zoul/nullsec.o
 .text.led_ctr  0x00213ec2       0x40 obj_zoul/events_threads.o
                0x00213ec2                led_ctr
 .text.process_thread_slave_config
                0x00213f02        0x8 obj_zoul/slave.o
 .text.readJSON_uf
                0x00213f0a       0xb4 obj_zoul/readJSON.o
                0x00213f0a                readJSON_uf
 .text.receive_cloudmode
                0x00213fbe        0x2 obj_zoul/res_config_mqtt.o
                0x00213fbe                receive_cloudmode
 .text.receive_ids
                0x00213fc0        0x2 obj_zoul/res_config_mqtt.o
                0x00213fc0                receive_ids
 *(SORT(.rodata*))
 *fill*         0x00213fc2        0x6 00000000
 .rodata.tinytens
                0x00213fc8       0x28 /usr/lib/gcc/arm-none-eabi/4.9.3/../../../arm-none-eabi/lib/armv7-m/libc.a(lib_a-strtod.o)
 .rodata.__mprec_tens
                0x00213ff0       0xc8 /usr/lib/gcc/arm-none-eabi/4.9.3/../../../arm-none-eabi/lib/armv7-m/libc.a(lib_a-mprec.o)
                0x00213ff0                __mprec_tens
 .rodata.__mprec_bigtens
                0x002140b8       0x28 /usr/lib/gcc/arm-none-eabi/4.9.3/../../../arm-none-eabi/lib/armv7-m/libc.a(lib_a-mprec.o)
                0x002140b8                __mprec_bigtens
 .rodata.coap_rest_implementation
                0x002140e0      0x10c obj_zoul/er-coap-engine.o
                0x002140e0                coap_rest_implementation
 .rodata.button_sensor
                0x002141ec       0x10 obj_zoul/button-sensor.o
                0x002141ec                button_sensor
 .rodata.uart_regs
                0x002141fc       0x58 obj_zoul/uart.o
 .rodata.reset_cause.4692
                0x00214254       0x10 obj_zoul/sys-ctrl.o
 .rodata.output_power
                0x00214264       0x70 obj_zoul/cc2538-rf.o
 .rodata.cc2538_rf_driver
                0x002142d4       0x38 obj_zoul/cc2538-rf.o
                0x002142d4                cc2538_rf_driver
 .rodata.cc2538_temp_sensor
                0x0021430c       0x10 obj_zoul/cc2538-temp-sensor.o
                0x0021430c                cc2538_temp_sensor
 .rodata.vdd3_sensor
                0x0021431c       0x10 obj_zoul/vdd3-sensor.o
                0x0021431c                vdd3_sensor
 .rodata.sicslowpan_driver
                0x0021432c        0xc obj_zoul/sicslowpan.o
                0x0021432c                sicslowpan_driver
 .rodata.csma_driver
                0x00214338       0x1c obj_zoul/csma.o
                0x00214338                csma_driver
 .rodata.framer_802154
                0x00214354        0xc obj_zoul/framer-802154.o
                0x00214354                framer_802154
 .rodata.nullrdc_driver
                0x00214360       0x20 obj_zoul/nullrdc.o
                0x00214360                nullrdc_driver
 .rodata.nullsec_driver
                0x00214380       0x10 obj_zoul/nullsec.o
                0x00214380                nullsec_driver
 .rodata.autostart_processes
                0x00214390        0xc main.co
                0x00214390                autostart_processes
 .rodata.rpl_interface
                0x0021439c        0x8 obj_zoul/slip-bridge.o
                0x0021439c                rpl_interface
 .rodata._ctype_
                0x002143a4      0x104 /usr/lib/gcc/arm-none-eabi/4.9.3/../../../arm-none-eabi/lib/armv7-m/libc.a(lib_a-ctype_.o)
                0x002143a4                _ctype_
 .rodata.fpinan.5307
                0x002144a8       0x14 /usr/lib/gcc/arm-none-eabi/4.9.3/../../../arm-none-eabi/lib/armv7-m/libc.a(lib_a-strtod.o)
 .rodata.str1.4
                0x002144bc        0xf /usr/lib/gcc/arm-none-eabi/4.9.3/../../../arm-none-eabi/lib/armv7-m/libc.a(lib_a-strtod.o)
                                 0x10 (size before relaxing)
 *fill*         0x002144cb        0x1 00000000
 .rodata.fpi.5271
                0x002144cc       0x14 /usr/lib/gcc/arm-none-eabi/4.9.3/../../../arm-none-eabi/lib/armv7-m/libc.a(lib_a-strtod.o)
 .rodata.__hexdig
                0x002144e0      0x100 /usr/lib/gcc/arm-none-eabi/4.9.3/../../../arm-none-eabi/lib/armv7-m/libc.a(lib_a-gdtoa-gethex.o)
                0x002144e0                __hexdig